Archive member included to satisfy reference by file (symbol)

c:/program files (x86)/atmel/studio/7.0/toolchain/avr8/avr8-gnu-toolchain/bin/../lib/gcc/avr/5.4.0/avr5\libgcc.a(_udivmodsi4.o)
                              serial.o (__udivmodsi4)
c:/program files (x86)/atmel/studio/7.0/toolchain/avr8/avr8-gnu-toolchain/bin/../lib/gcc/avr/5.4.0/avr5\libgcc.a(_exit.o)
                              C:/Program Files (x86)/Atmel/Studio/7.0/Packs/atmel/ATmega_DFP/1.2.132/gcc/dev/atmega64/avr5/crtatmega64.o (exit)
c:/program files (x86)/atmel/studio/7.0/toolchain/avr8/avr8-gnu-toolchain/bin/../lib/gcc/avr/5.4.0/avr5\libgcc.a(_copy_data.o)
                              FreeRTOS/Source/tasks.o (__do_copy_data)
c:/program files (x86)/atmel/studio/7.0/toolchain/avr8/avr8-gnu-toolchain/bin/../lib/gcc/avr/5.4.0/avr5\libgcc.a(_clear_bss.o)
                              FreeRTOS/Source/croutine.o (__do_clear_bss)
c:/program files (x86)/atmel/studio/7.0/toolchain/avr8/avr8-gnu-toolchain/bin/../lib/gcc/avr/5.4.0/../../../../avr/lib/avr5\libc.a(memcpy.o)
                              FreeRTOS/Source/queue.o (memcpy)

Allocating common symbols
Common symbol       size              file

bufferReceiveUART0  0x2               main.o
bufferSendUART0     0x2               main.o
value               0x1               ATmega64UART.o

Discarded input sections

 .data          0x00000000        0x0 C:/Program Files (x86)/Atmel/Studio/7.0/Packs/atmel/ATmega_DFP/1.2.132/gcc/dev/atmega64/avr5/crtatmega64.o
 .bss           0x00000000        0x0 C:/Program Files (x86)/Atmel/Studio/7.0/Packs/atmel/ATmega_DFP/1.2.132/gcc/dev/atmega64/avr5/crtatmega64.o
 .data          0x00000000        0x0 FreeRTOS/Source/croutine.o
 .text          0x00000000      0x6b8 FreeRTOS/Source/event_groups.o
 .data          0x00000000        0x0 FreeRTOS/Source/event_groups.o
 .bss           0x00000000        0x0 FreeRTOS/Source/event_groups.o
 .debug_info    0x00000000      0x647 FreeRTOS/Source/event_groups.o
 .debug_abbrev  0x00000000      0x137 FreeRTOS/Source/event_groups.o
 .debug_loc     0x00000000      0x2e5 FreeRTOS/Source/event_groups.o
 .debug_aranges
                0x00000000       0x20 FreeRTOS/Source/event_groups.o
 .debug_line    0x00000000      0x469 FreeRTOS/Source/event_groups.o
 .debug_str     0x00000000      0x4d9 FreeRTOS/Source/event_groups.o
 .comment       0x00000000       0x31 FreeRTOS/Source/event_groups.o
 .debug_frame   0x00000000      0x160 FreeRTOS/Source/event_groups.o
 .data          0x00000000        0x0 FreeRTOS/Source/list.o
 .bss           0x00000000        0x0 FreeRTOS/Source/list.o
 .data          0x00000000        0x0 FreeRTOS/Source/portable/GCC/ATMega64/port.o
 .bss           0x00000000        0x0 FreeRTOS/Source/portable/GCC/ATMega64/port.o
 .data          0x00000000        0x0 FreeRTOS/Source/portable/MemMang/heap_1.o
 .data          0x00000000        0x0 FreeRTOS/Source/queue.o
 .bss           0x00000000        0x0 FreeRTOS/Source/queue.o
 .data          0x00000000        0x0 FreeRTOS/Source/tasks.o
 .text          0x00000000        0x0 FreeRTOS/Source/timers.o
 .data          0x00000000        0x0 FreeRTOS/Source/timers.o
 .bss           0x00000000        0x0 FreeRTOS/Source/timers.o
 .debug_info    0x00000000       0x64 FreeRTOS/Source/timers.o
 .debug_abbrev  0x00000000       0x26 FreeRTOS/Source/timers.o
 .debug_aranges
                0x00000000       0x18 FreeRTOS/Source/timers.o
 .debug_line    0x00000000       0x1a FreeRTOS/Source/timers.o
 .debug_str     0x00000000      0x169 FreeRTOS/Source/timers.o
 .comment       0x00000000       0x31 FreeRTOS/Source/timers.o
 .bss           0x00000000        0x0 main.o
 .data          0x00000000        0x0 ATmega64UART.o
 .bss           0x00000000        0x0 ATmega64UART.o
 .text          0x00000000      0x338 serial.o
 .data          0x00000000        0x0 serial.o
 .bss           0x00000000        0x4 serial.o
 .debug_info    0x00000000      0x2af serial.o
 .debug_abbrev  0x00000000       0xcd serial.o
 .debug_loc     0x00000000      0x31b serial.o
 .debug_aranges
                0x00000000       0x20 serial.o
 .debug_line    0x00000000      0x21c serial.o
 .debug_str     0x00000000      0x2a7 serial.o
 .comment       0x00000000       0x31 serial.o
 .debug_frame   0x00000000      0x164 serial.o
 .text          0x00000000        0x0 c:/program files (x86)/atmel/studio/7.0/toolchain/avr8/avr8-gnu-toolchain/bin/../lib/gcc/avr/5.4.0/avr5\libgcc.a(_udivmodsi4.o)
 .data          0x00000000        0x0 c:/program files (x86)/atmel/studio/7.0/toolchain/avr8/avr8-gnu-toolchain/bin/../lib/gcc/avr/5.4.0/avr5\libgcc.a(_udivmodsi4.o)
 .bss           0x00000000        0x0 c:/program files (x86)/atmel/studio/7.0/toolchain/avr8/avr8-gnu-toolchain/bin/../lib/gcc/avr/5.4.0/avr5\libgcc.a(_udivmodsi4.o)
 .text.libgcc.mul
                0x00000000        0x0 c:/program files (x86)/atmel/studio/7.0/toolchain/avr8/avr8-gnu-toolchain/bin/../lib/gcc/avr/5.4.0/avr5\libgcc.a(_udivmodsi4.o)
 .text.libgcc.div
                0x00000000       0x44 c:/program files (x86)/atmel/studio/7.0/toolchain/avr8/avr8-gnu-toolchain/bin/../lib/gcc/avr/5.4.0/avr5\libgcc.a(_udivmodsi4.o)
 .text.libgcc   0x00000000        0x0 c:/program files (x86)/atmel/studio/7.0/toolchain/avr8/avr8-gnu-toolchain/bin/../lib/gcc/avr/5.4.0/avr5\libgcc.a(_udivmodsi4.o)
 .text.libgcc.prologue
                0x00000000        0x0 c:/program files (x86)/atmel/studio/7.0/toolchain/avr8/avr8-gnu-toolchain/bin/../lib/gcc/avr/5.4.0/avr5\libgcc.a(_udivmodsi4.o)
 .text.libgcc.builtins
                0x00000000        0x0 c:/program files (x86)/atmel/studio/7.0/toolchain/avr8/avr8-gnu-toolchain/bin/../lib/gcc/avr/5.4.0/avr5\libgcc.a(_udivmodsi4.o)
 .text.libgcc.fmul
                0x00000000        0x0 c:/program files (x86)/atmel/studio/7.0/toolchain/avr8/avr8-gnu-toolchain/bin/../lib/gcc/avr/5.4.0/avr5\libgcc.a(_udivmodsi4.o)
 .text.libgcc.fixed
                0x00000000        0x0 c:/program files (x86)/atmel/studio/7.0/toolchain/avr8/avr8-gnu-toolchain/bin/../lib/gcc/avr/5.4.0/avr5\libgcc.a(_udivmodsi4.o)
 .text          0x00000000        0x0 c:/program files (x86)/atmel/studio/7.0/toolchain/avr8/avr8-gnu-toolchain/bin/../lib/gcc/avr/5.4.0/avr5\libgcc.a(_exit.o)
 .data          0x00000000        0x0 c:/program files (x86)/atmel/studio/7.0/toolchain/avr8/avr8-gnu-toolchain/bin/../lib/gcc/avr/5.4.0/avr5\libgcc.a(_exit.o)
 .bss           0x00000000        0x0 c:/program files (x86)/atmel/studio/7.0/toolchain/avr8/avr8-gnu-toolchain/bin/../lib/gcc/avr/5.4.0/avr5\libgcc.a(_exit.o)
 .text.libgcc.mul
                0x00000000        0x0 c:/program files (x86)/atmel/studio/7.0/toolchain/avr8/avr8-gnu-toolchain/bin/../lib/gcc/avr/5.4.0/avr5\libgcc.a(_exit.o)
 .text.libgcc.div
                0x00000000        0x0 c:/program files (x86)/atmel/studio/7.0/toolchain/avr8/avr8-gnu-toolchain/bin/../lib/gcc/avr/5.4.0/avr5\libgcc.a(_exit.o)
 .text.libgcc   0x00000000        0x0 c:/program files (x86)/atmel/studio/7.0/toolchain/avr8/avr8-gnu-toolchain/bin/../lib/gcc/avr/5.4.0/avr5\libgcc.a(_exit.o)
 .text.libgcc.prologue
                0x00000000        0x0 c:/program files (x86)/atmel/studio/7.0/toolchain/avr8/avr8-gnu-toolchain/bin/../lib/gcc/avr/5.4.0/avr5\libgcc.a(_exit.o)
 .text.libgcc.builtins
                0x00000000        0x0 c:/program files (x86)/atmel/studio/7.0/toolchain/avr8/avr8-gnu-toolchain/bin/../lib/gcc/avr/5.4.0/avr5\libgcc.a(_exit.o)
 .text.libgcc.fmul
                0x00000000        0x0 c:/program files (x86)/atmel/studio/7.0/toolchain/avr8/avr8-gnu-toolchain/bin/../lib/gcc/avr/5.4.0/avr5\libgcc.a(_exit.o)
 .text.libgcc.fixed
                0x00000000        0x0 c:/program files (x86)/atmel/studio/7.0/toolchain/avr8/avr8-gnu-toolchain/bin/../lib/gcc/avr/5.4.0/avr5\libgcc.a(_exit.o)
 .text          0x00000000        0x0 c:/program files (x86)/atmel/studio/7.0/toolchain/avr8/avr8-gnu-toolchain/bin/../lib/gcc/avr/5.4.0/avr5\libgcc.a(_copy_data.o)
 .data          0x00000000        0x0 c:/program files (x86)/atmel/studio/7.0/toolchain/avr8/avr8-gnu-toolchain/bin/../lib/gcc/avr/5.4.0/avr5\libgcc.a(_copy_data.o)
 .bss           0x00000000        0x0 c:/program files (x86)/atmel/studio/7.0/toolchain/avr8/avr8-gnu-toolchain/bin/../lib/gcc/avr/5.4.0/avr5\libgcc.a(_copy_data.o)
 .text.libgcc.mul
                0x00000000        0x0 c:/program files (x86)/atmel/studio/7.0/toolchain/avr8/avr8-gnu-toolchain/bin/../lib/gcc/avr/5.4.0/avr5\libgcc.a(_copy_data.o)
 .text.libgcc.div
                0x00000000        0x0 c:/program files (x86)/atmel/studio/7.0/toolchain/avr8/avr8-gnu-toolchain/bin/../lib/gcc/avr/5.4.0/avr5\libgcc.a(_copy_data.o)
 .text.libgcc   0x00000000        0x0 c:/program files (x86)/atmel/studio/7.0/toolchain/avr8/avr8-gnu-toolchain/bin/../lib/gcc/avr/5.4.0/avr5\libgcc.a(_copy_data.o)
 .text.libgcc.prologue
                0x00000000        0x0 c:/program files (x86)/atmel/studio/7.0/toolchain/avr8/avr8-gnu-toolchain/bin/../lib/gcc/avr/5.4.0/avr5\libgcc.a(_copy_data.o)
 .text.libgcc.builtins
                0x00000000        0x0 c:/program files (x86)/atmel/studio/7.0/toolchain/avr8/avr8-gnu-toolchain/bin/../lib/gcc/avr/5.4.0/avr5\libgcc.a(_copy_data.o)
 .text.libgcc.fmul
                0x00000000        0x0 c:/program files (x86)/atmel/studio/7.0/toolchain/avr8/avr8-gnu-toolchain/bin/../lib/gcc/avr/5.4.0/avr5\libgcc.a(_copy_data.o)
 .text.libgcc.fixed
                0x00000000        0x0 c:/program files (x86)/atmel/studio/7.0/toolchain/avr8/avr8-gnu-toolchain/bin/../lib/gcc/avr/5.4.0/avr5\libgcc.a(_copy_data.o)
 .text          0x00000000        0x0 c:/program files (x86)/atmel/studio/7.0/toolchain/avr8/avr8-gnu-toolchain/bin/../lib/gcc/avr/5.4.0/avr5\libgcc.a(_clear_bss.o)
 .data          0x00000000        0x0 c:/program files (x86)/atmel/studio/7.0/toolchain/avr8/avr8-gnu-toolchain/bin/../lib/gcc/avr/5.4.0/avr5\libgcc.a(_clear_bss.o)
 .bss           0x00000000        0x0 c:/program files (x86)/atmel/studio/7.0/toolchain/avr8/avr8-gnu-toolchain/bin/../lib/gcc/avr/5.4.0/avr5\libgcc.a(_clear_bss.o)
 .text.libgcc.mul
                0x00000000        0x0 c:/program files (x86)/atmel/studio/7.0/toolchain/avr8/avr8-gnu-toolchain/bin/../lib/gcc/avr/5.4.0/avr5\libgcc.a(_clear_bss.o)
 .text.libgcc.div
                0x00000000        0x0 c:/program files (x86)/atmel/studio/7.0/toolchain/avr8/avr8-gnu-toolchain/bin/../lib/gcc/avr/5.4.0/avr5\libgcc.a(_clear_bss.o)
 .text.libgcc   0x00000000        0x0 c:/program files (x86)/atmel/studio/7.0/toolchain/avr8/avr8-gnu-toolchain/bin/../lib/gcc/avr/5.4.0/avr5\libgcc.a(_clear_bss.o)
 .text.libgcc.prologue
                0x00000000        0x0 c:/program files (x86)/atmel/studio/7.0/toolchain/avr8/avr8-gnu-toolchain/bin/../lib/gcc/avr/5.4.0/avr5\libgcc.a(_clear_bss.o)
 .text.libgcc.builtins
                0x00000000        0x0 c:/program files (x86)/atmel/studio/7.0/toolchain/avr8/avr8-gnu-toolchain/bin/../lib/gcc/avr/5.4.0/avr5\libgcc.a(_clear_bss.o)
 .text.libgcc.fmul
                0x00000000        0x0 c:/program files (x86)/atmel/studio/7.0/toolchain/avr8/avr8-gnu-toolchain/bin/../lib/gcc/avr/5.4.0/avr5\libgcc.a(_clear_bss.o)
 .text.libgcc.fixed
                0x00000000        0x0 c:/program files (x86)/atmel/studio/7.0/toolchain/avr8/avr8-gnu-toolchain/bin/../lib/gcc/avr/5.4.0/avr5\libgcc.a(_clear_bss.o)
 .text          0x00000000        0x0 c:/program files (x86)/atmel/studio/7.0/toolchain/avr8/avr8-gnu-toolchain/bin/../lib/gcc/avr/5.4.0/../../../../avr/lib/avr5\libc.a(memcpy.o)
 .data          0x00000000        0x0 c:/program files (x86)/atmel/studio/7.0/toolchain/avr8/avr8-gnu-toolchain/bin/../lib/gcc/avr/5.4.0/../../../../avr/lib/avr5\libc.a(memcpy.o)
 .bss           0x00000000        0x0 c:/program files (x86)/atmel/studio/7.0/toolchain/avr8/avr8-gnu-toolchain/bin/../lib/gcc/avr/5.4.0/../../../../avr/lib/avr5\libc.a(memcpy.o)

Memory Configuration

Name             Origin             Length             Attributes
text             0x00000000         0x00020000         xr
data             0x00800060         0x0000ffa0         rw !x
eeprom           0x00810000         0x00010000         rw !x
fuse             0x00820000         0x00000003         rw !x
lock             0x00830000         0x00000400         rw !x
signature        0x00840000         0x00000400         rw !x
user_signatures  0x00850000         0x00000400         rw !x
*default*        0x00000000         0xffffffff

Linker script and memory map

Address of section .data set to 0x800100
LOAD C:/Program Files (x86)/Atmel/Studio/7.0/Packs/atmel/ATmega_DFP/1.2.132/gcc/dev/atmega64/avr5/crtatmega64.o
LOAD FreeRTOS/Source/croutine.o
LOAD FreeRTOS/Source/event_groups.o
LOAD FreeRTOS/Source/list.o
LOAD FreeRTOS/Source/portable/GCC/ATMega64/port.o
LOAD FreeRTOS/Source/portable/MemMang/heap_1.o
LOAD FreeRTOS/Source/queue.o
LOAD FreeRTOS/Source/tasks.o
LOAD FreeRTOS/Source/timers.o
LOAD main.o
LOAD ATmega64UART.o
LOAD serial.o
START GROUP
LOAD c:/program files (x86)/atmel/studio/7.0/toolchain/avr8/avr8-gnu-toolchain/bin/../lib/gcc/avr/5.4.0/../../../../avr/lib/avr5\libm.a
END GROUP
START GROUP
LOAD c:/program files (x86)/atmel/studio/7.0/toolchain/avr8/avr8-gnu-toolchain/bin/../lib/gcc/avr/5.4.0/avr5\libgcc.a
LOAD c:/program files (x86)/atmel/studio/7.0/toolchain/avr8/avr8-gnu-toolchain/bin/../lib/gcc/avr/5.4.0/../../../../avr/lib/avr5\libm.a
LOAD c:/program files (x86)/atmel/studio/7.0/toolchain/avr8/avr8-gnu-toolchain/bin/../lib/gcc/avr/5.4.0/../../../../avr/lib/avr5\libc.a
LOAD C:/Program Files (x86)/Atmel/Studio/7.0/Packs/atmel/ATmega_DFP/1.2.132/gcc/dev/atmega64/avr5\libatmega64.a
END GROUP
                0x00020000                __TEXT_REGION_LENGTH__ = DEFINED (__TEXT_REGION_LENGTH__)?__TEXT_REGION_LENGTH__:0x20000
                0x0000ffa0                __DATA_REGION_LENGTH__ = DEFINED (__DATA_REGION_LENGTH__)?__DATA_REGION_LENGTH__:0xffa0
                0x00010000                __EEPROM_REGION_LENGTH__ = DEFINED (__EEPROM_REGION_LENGTH__)?__EEPROM_REGION_LENGTH__:0x10000
                [0x00000003]                __FUSE_REGION_LENGTH__ = DEFINED (__FUSE_REGION_LENGTH__)?__FUSE_REGION_LENGTH__:0x400
                0x00000400                __LOCK_REGION_LENGTH__ = DEFINED (__LOCK_REGION_LENGTH__)?__LOCK_REGION_LENGTH__:0x400
                0x00000400                __SIGNATURE_REGION_LENGTH__ = DEFINED (__SIGNATURE_REGION_LENGTH__)?__SIGNATURE_REGION_LENGTH__:0x400
                0x00000400                __USER_SIGNATURE_REGION_LENGTH__ = DEFINED (__USER_SIGNATURE_REGION_LENGTH__)?__USER_SIGNATURE_REGION_LENGTH__:0x400

.hash
 *(.hash)

.dynsym
 *(.dynsym)

.dynstr
 *(.dynstr)

.gnu.version
 *(.gnu.version)

.gnu.version_d
 *(.gnu.version_d)

.gnu.version_r
 *(.gnu.version_r)

.rel.init
 *(.rel.init)

.rela.init
 *(.rela.init)

.rel.text
 *(.rel.text)
 *(.rel.text.*)
 *(.rel.gnu.linkonce.t*)

.rela.text
 *(.rela.text)
 *(.rela.text.*)
 *(.rela.gnu.linkonce.t*)

.rel.fini
 *(.rel.fini)

.rela.fini
 *(.rela.fini)

.rel.rodata
 *(.rel.rodata)
 *(.rel.rodata.*)
 *(.rel.gnu.linkonce.r*)

.rela.rodata
 *(.rela.rodata)
 *(.rela.rodata.*)
 *(.rela.gnu.linkonce.r*)

.rel.data
 *(.rel.data)
 *(.rel.data.*)
 *(.rel.gnu.linkonce.d*)

.rela.data
 *(.rela.data)
 *(.rela.data.*)
 *(.rela.gnu.linkonce.d*)

.rel.ctors
 *(.rel.ctors)

.rela.ctors
 *(.rela.ctors)

.rel.dtors
 *(.rel.dtors)

.rela.dtors
 *(.rela.dtors)

.rel.got
 *(.rel.got)

.rela.got
 *(.rela.got)

.rel.bss
 *(.rel.bss)

.rela.bss
 *(.rela.bss)

.rel.plt
 *(.rel.plt)

.rela.plt
 *(.rela.plt)

.text           0x00000000     0x3c52
 *(.vectors)
 .vectors       0x00000000       0x8c C:/Program Files (x86)/Atmel/Studio/7.0/Packs/atmel/ATmega_DFP/1.2.132/gcc/dev/atmega64/avr5/crtatmega64.o
                0x00000000                __vector_default
                0x00000000                __vectors
 *(.vectors)
 *(.progmem.gcc*)
                0x0000008c                . = ALIGN (0x2)
                0x0000008c                __trampolines_start = .
 *(.trampolines)
 .trampolines   0x0000008c        0x0 linker stubs
 *(.trampolines*)
                0x0000008c                __trampolines_end = .
 *libprintf_flt.a:*(.progmem.data)
 *libc.a:*(.progmem.data)
 *(.progmem*)
                0x0000008c                . = ALIGN (0x2)
 *(.jumptables)
 *(.jumptables*)
 *(.lowtext)
 *(.lowtext*)
                0x0000008c                __ctors_start = .
 *(.ctors)
                0x0000008c                __ctors_end = .
                0x0000008c                __dtors_start = .
 *(.dtors)
                0x0000008c                __dtors_end = .
 SORT(*)(.ctors)
 SORT(*)(.dtors)
 *(.init0)
 .init0         0x0000008c        0x0 C:/Program Files (x86)/Atmel/Studio/7.0/Packs/atmel/ATmega_DFP/1.2.132/gcc/dev/atmega64/avr5/crtatmega64.o
                0x0000008c                __init
 *(.init0)
 *(.init1)
 *(.init1)
 *(.init2)
 .init2         0x0000008c        0xc C:/Program Files (x86)/Atmel/Studio/7.0/Packs/atmel/ATmega_DFP/1.2.132/gcc/dev/atmega64/avr5/crtatmega64.o
 *(.init2)
 *(.init3)
 *(.init3)
 *(.init4)
 .init4         0x00000098       0x16 c:/program files (x86)/atmel/studio/7.0/toolchain/avr8/avr8-gnu-toolchain/bin/../lib/gcc/avr/5.4.0/avr5\libgcc.a(_copy_data.o)
                0x00000098                __do_copy_data
 .init4         0x000000ae       0x10 c:/program files (x86)/atmel/studio/7.0/toolchain/avr8/avr8-gnu-toolchain/bin/../lib/gcc/avr/5.4.0/avr5\libgcc.a(_clear_bss.o)
                0x000000ae                __do_clear_bss
 *(.init4)
 *(.init5)
 *(.init5)
 *(.init6)
 *(.init6)
 *(.init7)
 *(.init7)
 *(.init8)
 *(.init8)
 *(.init9)
 .init9         0x000000be        0x8 C:/Program Files (x86)/Atmel/Studio/7.0/Packs/atmel/ATmega_DFP/1.2.132/gcc/dev/atmega64/avr5/crtatmega64.o
 *(.init9)
 *(.text)
 .text          0x000000c6        0x4 C:/Program Files (x86)/Atmel/Studio/7.0/Packs/atmel/ATmega_DFP/1.2.132/gcc/dev/atmega64/avr5/crtatmega64.o
                0x000000c6                __vector_22
                0x000000c6                __vector_28
                0x000000c6                __vector_1
                0x000000c6                __vector_32
                0x000000c6                __vector_34
                0x000000c6                __vector_24
                0x000000c6                __bad_interrupt
                0x000000c6                __vector_6
                0x000000c6                __vector_31
                0x000000c6                __vector_3
                0x000000c6                __vector_23
                0x000000c6                __vector_30
                0x000000c6                __vector_25
                0x000000c6                __vector_11
                0x000000c6                __vector_13
                0x000000c6                __vector_17
                0x000000c6                __vector_19
                0x000000c6                __vector_7
                0x000000c6                __vector_27
                0x000000c6                __vector_5
                0x000000c6                __vector_33
                0x000000c6                __vector_4
                0x000000c6                __vector_9
                0x000000c6                __vector_2
                0x000000c6                __vector_21
                0x000000c6                __vector_15
                0x000000c6                __vector_29
                0x000000c6                __vector_8
                0x000000c6                __vector_26
                0x000000c6                __vector_14
                0x000000c6                __vector_10
                0x000000c6                __vector_16
                0x000000c6                __vector_20
 .text          0x000000ca      0x5fa FreeRTOS/Source/croutine.o
                0x000000ca                xCoRoutineCreate
                0x00000202                vCoRoutineAddToDelayedList
                0x000004d4                vCoRoutineSchedule
                0x00000652                xCoRoutineRemoveFromEventList
 .text          0x000006c4      0x2cc FreeRTOS/Source/list.o
                0x000006c4                vListInitialise
                0x00000730                vListInitialiseItem
                0x00000754                vListInsertEnd
                0x000007f2                vListInsert
                0x000008e2                uxListRemove
 .text          0x00000990      0x608 FreeRTOS/Source/portable/GCC/ATMega64/port.o
                0x00000990                pxPortInitialiseStack
                0x00000ce2                xPortStartScheduler
                0x00000d4c                vPortEndScheduler
                0x00000d5c                vPortYield
                0x00000e10                vPortYieldFromTick
                0x00000f90                __vector_12
 .text          0x00000f98       0xfe FreeRTOS/Source/portable/MemMang/heap_1.o
                0x00000f98                pvPortMalloc
                0x00001042                vPortFree
                0x0000105c                vPortInitialiseBlocks
                0x00001074                xPortGetFreeHeapSize
 .text          0x00001096     0x1008 FreeRTOS/Source/queue.o
                0x00001096                xQueueGenericReset
                0x000011be                xQueueGenericCreate
                0x000012d6                xQueueGenericSend
                0x00001438                xQueueGenericSendFromISR
                0x000014f6                xQueueGiveFromISR
                0x000015aa                xQueueGenericReceive
                0x00001752                xQueueReceiveFromISR
                0x00001810                xQueuePeekFromISR
                0x00001888                uxQueueMessagesWaiting
                0x000018ba                uxQueueSpacesAvailable
                0x00001908                uxQueueMessagesWaitingFromISR
                0x00001930                vQueueDelete
                0x00001c70                xQueueIsQueueEmptyFromISR
                0x00001ce6                xQueueIsQueueFullFromISR
                0x00001d20                xQueueCRSend
                0x00001de2                xQueueCRReceive
                0x00001f14                xQueueCRSendFromISR
                0x00001f96                xQueueCRReceiveFromISR
 .text          0x0000209e     0x1888 FreeRTOS/Source/tasks.o
                0x0000209e                xTaskCreate
                0x00002418                vTaskDelete
                0x000024ea                vTaskDelayUntil
                0x000025de                vTaskDelay
                0x00002624                vTaskStartScheduler
                0x0000268e                vTaskEndScheduler
                0x000026a8                vTaskSuspendAll
                0x000026c2                xTaskResumeAll
                0x000027f0                xTaskGetTickCount
                0x0000281e                xTaskGetTickCountFromISR
                0x00002848                uxTaskGetNumberOfTasks
                0x0000285a                pcTaskGetName
                0x00002898                xTaskIncrementTick
                0x00002a72                vTaskSwitchContext
                0x00002b5a                vTaskPlaceOnEventList
                0x00002ba0                vTaskPlaceOnUnorderedEventList
                0x00002c04                xTaskRemoveFromEventList
                0x00002cde                xTaskRemoveFromUnorderedEventList
                0x00002db4                vTaskSetTimeOutState
                0x00002dec                xTaskCheckForTimeOut
                0x00002ebc                vTaskMissedYield
                0x00003082                uxTaskResetEventItemValue
                0x000030d6                ulTaskNotifyTake
                0x000031d0                xTaskNotifyWait
                0x0000331c                xTaskGenericNotify
                0x000034de                xTaskGenericNotifyFromISR
                0x000036d6                vTaskNotifyGiveFromISR
                0x000037f2                xTaskNotifyStateClear
 .text          0x00003926      0x1d2 main.o
                0x00003926                main
                0x00003a6e                sendMessage
                0x00003ad4                vApplicationIdleHook
 .text          0x00003af8      0x144 ATmega64UART.o
                0x00003af8                __vector_18
                0x00003b3a                USART_Init
                0x00003b66                USART_SendByte
                0x00003b88                USART0_SendChar
                0x00003baa                USART0_SendString
                0x00003c18                USART_ReceiveByte
                0x00003c3c                . = ALIGN (0x2)
 *(.text.*)
 .text.avr-libc
                0x00003c3c       0x12 c:/program files (x86)/atmel/studio/7.0/toolchain/avr8/avr8-gnu-toolchain/bin/../lib/gcc/avr/5.4.0/../../../../avr/lib/avr5\libc.a(memcpy.o)
                0x00003c3c                memcpy
                0x00003c4e                . = ALIGN (0x2)
 *(.fini9)
 .fini9         0x00003c4e        0x0 c:/program files (x86)/atmel/studio/7.0/toolchain/avr8/avr8-gnu-toolchain/bin/../lib/gcc/avr/5.4.0/avr5\libgcc.a(_exit.o)
                0x00003c4e                _exit
                0x00003c4e                exit
 *(.fini9)
 *(.fini8)
 *(.fini8)
 *(.fini7)
 *(.fini7)
 *(.fini6)
 *(.fini6)
 *(.fini5)
 *(.fini5)
 *(.fini4)
 *(.fini4)
 *(.fini3)
 *(.fini3)
 *(.fini2)
 *(.fini2)
 *(.fini1)
 *(.fini1)
 *(.fini0)
 .fini0         0x00003c4e        0x4 c:/program files (x86)/atmel/studio/7.0/toolchain/avr8/avr8-gnu-toolchain/bin/../lib/gcc/avr/5.4.0/avr5\libgcc.a(_exit.o)
 *(.fini0)
                0x00003c52                _etext = .

.data           0x00800100       0x1c load address 0x00003c52
                0x00800100                PROVIDE (__data_start, .)
 *(.data)
 .data          0x00800100        0x8 main.o
                0x00800100                message
 *(.data*)
 *(.rodata)
 .rodata        0x00800108        0x5 FreeRTOS/Source/tasks.o
 .rodata        0x0080010d        0xf main.o
 *(.rodata*)
 *(.gnu.linkonce.d*)
                0x0080011c                . = ALIGN (0x2)
                0x0080011c                _edata = .
                0x0080011c                PROVIDE (__data_end, .)

.bss            0x0080011c      0xca0
                0x0080011c                PROVIDE (__bss_start, .)
 *(.bss)
 .bss           0x0080011c       0x3a FreeRTOS/Source/croutine.o
                0x0080011c                pxCurrentCoRoutine
 .bss           0x00800156      0xc04 FreeRTOS/Source/portable/MemMang/heap_1.o
 .bss           0x00800d5a       0x5d FreeRTOS/Source/tasks.o
                0x00800d5a                pxCurrentTCB
 *(.bss*)
 *(COMMON)
 COMMON         0x00800db7        0x4 main.o
                0x00800db7                bufferReceiveUART0
                0x00800db9                bufferSendUART0
 COMMON         0x00800dbb        0x1 ATmega64UART.o
                0x00800dbb                value
                0x00800dbc                PROVIDE (__bss_end, .)
                0x00003c52                __data_load_start = LOADADDR (.data)
                0x00003c6e                __data_load_end = (__data_load_start + SIZEOF (.data))

.noinit         0x00800dbc        0x0
                [!provide]                PROVIDE (__noinit_start, .)
 *(.noinit*)
                [!provide]                PROVIDE (__noinit_end, .)
                0x00800dbc                _end = .
                [!provide]                PROVIDE (__heap_start, .)

.eeprom         0x00810000        0x0
 *(.eeprom*)
                0x00810000                __eeprom_end = .

.fuse
 *(.fuse)
 *(.lfuse)
 *(.hfuse)
 *(.efuse)

.lock
 *(.lock*)

.signature
 *(.signature*)

.user_signatures
 *(.user_signatures*)

.stab
 *(.stab)

.stabstr
 *(.stabstr)

.stab.excl
 *(.stab.excl)

.stab.exclstr
 *(.stab.exclstr)

.stab.index
 *(.stab.index)

.stab.indexstr
 *(.stab.indexstr)

.comment        0x00000000       0x30
 *(.comment)
 .comment       0x00000000       0x30 FreeRTOS/Source/croutine.o
                                 0x31 (size before relaxing)
 .comment       0x00000030       0x31 FreeRTOS/Source/list.o
 .comment       0x00000030       0x31 FreeRTOS/Source/portable/GCC/ATMega64/port.o
 .comment       0x00000030       0x31 FreeRTOS/Source/portable/MemMang/heap_1.o
 .comment       0x00000030       0x31 FreeRTOS/Source/queue.o
 .comment       0x00000030       0x31 FreeRTOS/Source/tasks.o
 .comment       0x00000030       0x31 main.o
 .comment       0x00000030       0x31 ATmega64UART.o

.note.gnu.avr.deviceinfo
                0x00000000       0x3c
 .note.gnu.avr.deviceinfo
                0x00000000       0x3c C:/Program Files (x86)/Atmel/Studio/7.0/Packs/atmel/ATmega_DFP/1.2.132/gcc/dev/atmega64/avr5/crtatmega64.o

.note.gnu.build-id
 *(.note.gnu.build-id)

.debug
 *(.debug)

.line
 *(.line)

.debug_srcinfo
 *(.debug_srcinfo)

.debug_sfnames
 *(.debug_sfnames)

.debug_aranges  0x00000000      0x100
 *(.debug_aranges)
 .debug_aranges
                0x00000000       0x20 FreeRTOS/Source/croutine.o
 .debug_aranges
                0x00000020       0x20 FreeRTOS/Source/list.o
 .debug_aranges
                0x00000040       0x20 FreeRTOS/Source/portable/GCC/ATMega64/port.o
 .debug_aranges
                0x00000060       0x20 FreeRTOS/Source/portable/MemMang/heap_1.o
 .debug_aranges
                0x00000080       0x20 FreeRTOS/Source/queue.o
 .debug_aranges
                0x000000a0       0x20 FreeRTOS/Source/tasks.o
 .debug_aranges
                0x000000c0       0x20 main.o
 .debug_aranges
                0x000000e0       0x20 ATmega64UART.o

.debug_pubnames
 *(.debug_pubnames)

.debug_info     0x00000000     0x326f
 *(.debug_info .gnu.linkonce.wi.*)
 .debug_info    0x00000000      0x780 C:/Program Files (x86)/Atmel/Studio/7.0/Packs/atmel/ATmega_DFP/1.2.132/gcc/dev/atmega64/avr5/crtatmega64.o
 .debug_info    0x00000780      0x4d4 FreeRTOS/Source/croutine.o
 .debug_info    0x00000c54      0x2ac FreeRTOS/Source/list.o
 .debug_info    0x00000f00      0x1e9 FreeRTOS/Source/portable/GCC/ATMega64/port.o
 .debug_info    0x000010e9      0x16c FreeRTOS/Source/portable/MemMang/heap_1.o
 .debug_info    0x00001255      0xc93 FreeRTOS/Source/queue.o
 .debug_info    0x00001ee8     0x1031 FreeRTOS/Source/tasks.o
 .debug_info    0x00002f19      0x1f1 main.o
 .debug_info    0x0000310a      0x165 ATmega64UART.o

.debug_abbrev   0x00000000     0x10b4
 *(.debug_abbrev)
 .debug_abbrev  0x00000000      0x718 C:/Program Files (x86)/Atmel/Studio/7.0/Packs/atmel/ATmega_DFP/1.2.132/gcc/dev/atmega64/avr5/crtatmega64.o
 .debug_abbrev  0x00000718      0x180 FreeRTOS/Source/croutine.o
 .debug_abbrev  0x00000898       0xbe FreeRTOS/Source/list.o
 .debug_abbrev  0x00000956      0x102 FreeRTOS/Source/portable/GCC/ATMega64/port.o
 .debug_abbrev  0x00000a58       0xee FreeRTOS/Source/portable/MemMang/heap_1.o
 .debug_abbrev  0x00000b46      0x18b FreeRTOS/Source/queue.o
 .debug_abbrev  0x00000cd1      0x216 FreeRTOS/Source/tasks.o
 .debug_abbrev  0x00000ee7       0xf5 main.o
 .debug_abbrev  0x00000fdc       0xd8 ATmega64UART.o

.debug_line     0x00000000     0x27dc
 *(.debug_line .debug_line.* .debug_line_end)
 .debug_line    0x00000000      0x169 C:/Program Files (x86)/Atmel/Studio/7.0/Packs/atmel/ATmega_DFP/1.2.132/gcc/dev/atmega64/avr5/crtatmega64.o
 .debug_line    0x00000169      0x3cb FreeRTOS/Source/croutine.o
 .debug_line    0x00000534      0x20d FreeRTOS/Source/list.o
 .debug_line    0x00000741      0x3d4 FreeRTOS/Source/portable/GCC/ATMega64/port.o
 .debug_line    0x00000b15      0x1ad FreeRTOS/Source/portable/MemMang/heap_1.o
 .debug_line    0x00000cc2      0xa29 FreeRTOS/Source/queue.o
 .debug_line    0x000016eb      0xd9d FreeRTOS/Source/tasks.o
 .debug_line    0x00002488      0x1ef main.o
 .debug_line    0x00002677      0x165 ATmega64UART.o

.debug_frame    0x00000000      0xd38
 *(.debug_frame)
 .debug_frame   0x00000000       0xf4 FreeRTOS/Source/croutine.o
 .debug_frame   0x000000f4       0xb4 FreeRTOS/Source/list.o
 .debug_frame   0x000001a8       0xc4 FreeRTOS/Source/portable/GCC/ATMega64/port.o
 .debug_frame   0x0000026c       0x94 FreeRTOS/Source/portable/MemMang/heap_1.o
 .debug_frame   0x00000300      0x32c FreeRTOS/Source/queue.o
 .debug_frame   0x0000062c      0x53c FreeRTOS/Source/tasks.o
 .debug_frame   0x00000b68       0xe0 main.o
 .debug_frame   0x00000c48       0xf0 ATmega64UART.o

.debug_str      0x00000000     0x15f9
 *(.debug_str)
 .debug_str     0x00000000      0x27e C:/Program Files (x86)/Atmel/Studio/7.0/Packs/atmel/ATmega_DFP/1.2.132/gcc/dev/atmega64/avr5/crtatmega64.o
 .debug_str     0x0000027e      0x464 FreeRTOS/Source/croutine.o
                                0x4ca (size before relaxing)
 .debug_str     0x000006e2       0xae FreeRTOS/Source/list.o
                                0x2aa (size before relaxing)
 .debug_str     0x00000790      0x128 FreeRTOS/Source/portable/GCC/ATMega64/port.o
                                0x294 (size before relaxing)
 .debug_str     0x000008b8       0xaf FreeRTOS/Source/portable/MemMang/heap_1.o
                                0x20d (size before relaxing)
 .debug_str     0x00000967      0x418 FreeRTOS/Source/queue.o
                                0x669 (size before relaxing)
 .debug_str     0x00000d7f      0x78b FreeRTOS/Source/tasks.o
                                0xac4 (size before relaxing)
 .debug_str     0x0000150a       0x76 main.o
                                0x226 (size before relaxing)
 .debug_str     0x00001580       0x79 ATmega64UART.o
                                0x1c9 (size before relaxing)

.debug_loc      0x00000000     0x1b64
 *(.debug_loc)
 .debug_loc     0x00000000      0x1f7 FreeRTOS/Source/croutine.o
 .debug_loc     0x000001f7      0x167 FreeRTOS/Source/list.o
 .debug_loc     0x0000035e      0x105 FreeRTOS/Source/portable/GCC/ATMega64/port.o
 .debug_loc     0x00000463      0x106 FreeRTOS/Source/portable/MemMang/heap_1.o
 .debug_loc     0x00000569      0x6e7 FreeRTOS/Source/queue.o
 .debug_loc     0x00000c50      0xb80 FreeRTOS/Source/tasks.o
 .debug_loc     0x000017d0      0x1bd main.o
 .debug_loc     0x0000198d      0x1d7 ATmega64UART.o

.debug_macinfo
 *(.debug_macinfo)

.debug_weaknames
 *(.debug_weaknames)

.debug_funcnames
 *(.debug_funcnames)

.debug_typenames
 *(.debug_typenames)

.debug_varnames
 *(.debug_varnames)

.debug_pubtypes
 *(.debug_pubtypes)

.debug_ranges
 *(.debug_ranges)

.debug_macro
 *(.debug_macro)
OUTPUT(RoombaCommander_ATmega64.elf elf32-avr)
LOAD linker stubs
