Archive member included to satisfy reference by file (symbol)

c:/program files (x86)/atmel/studio/7.0/toolchain/avr8/avr8-gnu-toolchain/bin/../lib/gcc/avr/5.4.0/avr5\libgcc.a(_udivmodsi4.o)
                              serial.o (__udivmodsi4)
c:/program files (x86)/atmel/studio/7.0/toolchain/avr8/avr8-gnu-toolchain/bin/../lib/gcc/avr/5.4.0/avr5\libgcc.a(_exit.o)
                              C:/Program Files (x86)/Atmel/Studio/7.0/Packs/atmel/ATmega_DFP/1.2.132/gcc/dev/atmega64/avr5/crtatmega64.o (exit)
c:/program files (x86)/atmel/studio/7.0/toolchain/avr8/avr8-gnu-toolchain/bin/../lib/gcc/avr/5.4.0/avr5\libgcc.a(_copy_data.o)
                              FreeRTOS/Source/tasks.o (__do_copy_data)
c:/program files (x86)/atmel/studio/7.0/toolchain/avr8/avr8-gnu-toolchain/bin/../lib/gcc/avr/5.4.0/avr5\libgcc.a(_clear_bss.o)
                              FreeRTOS/Source/croutine.o (__do_clear_bss)
c:/program files (x86)/atmel/studio/7.0/toolchain/avr8/avr8-gnu-toolchain/bin/../lib/gcc/avr/5.4.0/../../../../avr/lib/avr5\libc.a(memcpy.o)
                              FreeRTOS/Source/queue.o (memcpy)

Allocating common symbols
Common symbol       size              file

value               0x1               ATmega64UART.o

Discarded input sections

 .data          0x00000000        0x0 C:/Program Files (x86)/Atmel/Studio/7.0/Packs/atmel/ATmega_DFP/1.2.132/gcc/dev/atmega64/avr5/crtatmega64.o
 .bss           0x00000000        0x0 C:/Program Files (x86)/Atmel/Studio/7.0/Packs/atmel/ATmega_DFP/1.2.132/gcc/dev/atmega64/avr5/crtatmega64.o
 .text          0x00000000        0x0 FreeRTOS/Source/croutine.o
 .data          0x00000000        0x0 FreeRTOS/Source/croutine.o
 .bss           0x00000000        0x0 FreeRTOS/Source/croutine.o
 .text.xCoRoutineCreate
                0x00000000       0xf0 FreeRTOS/Source/croutine.o
 .text.vCoRoutineAddToDelayedList
                0x00000000       0x86 FreeRTOS/Source/croutine.o
 .text.vCoRoutineSchedule
                0x00000000      0x274 FreeRTOS/Source/croutine.o
 .text.xCoRoutineRemoveFromEventList
                0x00000000       0x4a FreeRTOS/Source/croutine.o
 .bss.xPassedTicks
                0x00000000        0x2 FreeRTOS/Source/croutine.o
 .bss.xLastTickCount
                0x00000000        0x2 FreeRTOS/Source/croutine.o
 .bss.xCoRoutineTickCount
                0x00000000        0x2 FreeRTOS/Source/croutine.o
 .bss.uxTopCoRoutineReadyPriority
                0x00000000        0x1 FreeRTOS/Source/croutine.o
 .bss.pxCurrentCoRoutine
                0x00000000        0x2 FreeRTOS/Source/croutine.o
 .bss.xPendingReadyCoRoutineList
                0x00000000        0x9 FreeRTOS/Source/croutine.o
 .bss.pxOverflowDelayedCoRoutineList
                0x00000000        0x2 FreeRTOS/Source/croutine.o
 .bss.pxDelayedCoRoutineList
                0x00000000        0x2 FreeRTOS/Source/croutine.o
 .bss.xDelayedCoRoutineList2
                0x00000000        0x9 FreeRTOS/Source/croutine.o
 .bss.xDelayedCoRoutineList1
                0x00000000        0x9 FreeRTOS/Source/croutine.o
 .bss.pxReadyCoRoutineLists
                0x00000000       0x12 FreeRTOS/Source/croutine.o
 .debug_info    0x00000000      0x77d FreeRTOS/Source/croutine.o
 .debug_abbrev  0x00000000      0x22b FreeRTOS/Source/croutine.o
 .debug_loc     0x00000000      0x3eb FreeRTOS/Source/croutine.o
 .debug_aranges
                0x00000000       0x38 FreeRTOS/Source/croutine.o
 .debug_ranges  0x00000000       0x28 FreeRTOS/Source/croutine.o
 .debug_line    0x00000000      0x35d FreeRTOS/Source/croutine.o
 .debug_str     0x00000000      0x554 FreeRTOS/Source/croutine.o
 .comment       0x00000000       0x31 FreeRTOS/Source/croutine.o
 .debug_frame   0x00000000       0xc0 FreeRTOS/Source/croutine.o
 .text          0x00000000        0x0 FreeRTOS/Source/event_groups.o
 .data          0x00000000        0x0 FreeRTOS/Source/event_groups.o
 .bss           0x00000000        0x0 FreeRTOS/Source/event_groups.o
 .text.xEventGroupCreate
                0x00000000       0x26 FreeRTOS/Source/event_groups.o
 .text.xEventGroupWaitBits
                0x00000000      0x110 FreeRTOS/Source/event_groups.o
 .text.xEventGroupClearBits
                0x00000000       0x1e FreeRTOS/Source/event_groups.o
 .text.xEventGroupGetBitsFromISR
                0x00000000        0x8 FreeRTOS/Source/event_groups.o
 .text.xEventGroupSetBits
                0x00000000       0xdc FreeRTOS/Source/event_groups.o
 .text.xEventGroupSync
                0x00000000       0xd2 FreeRTOS/Source/event_groups.o
 .text.vEventGroupDelete
                0x00000000       0x32 FreeRTOS/Source/event_groups.o
 .text.vEventGroupSetBitsCallback
                0x00000000        0x8 FreeRTOS/Source/event_groups.o
 .text.vEventGroupClearBitsCallback
                0x00000000        0x8 FreeRTOS/Source/event_groups.o
 .debug_info    0x00000000      0x8ed FreeRTOS/Source/event_groups.o
 .debug_abbrev  0x00000000      0x205 FreeRTOS/Source/event_groups.o
 .debug_loc     0x00000000      0xb40 FreeRTOS/Source/event_groups.o
 .debug_aranges
                0x00000000       0x60 FreeRTOS/Source/event_groups.o
 .debug_ranges  0x00000000       0x68 FreeRTOS/Source/event_groups.o
 .debug_line    0x00000000      0x3e8 FreeRTOS/Source/event_groups.o
 .debug_str     0x00000000      0x5a4 FreeRTOS/Source/event_groups.o
 .comment       0x00000000       0x31 FreeRTOS/Source/event_groups.o
 .debug_frame   0x00000000      0x158 FreeRTOS/Source/event_groups.o
 .text          0x00000000        0x0 FreeRTOS/Source/list.o
 .data          0x00000000        0x0 FreeRTOS/Source/list.o
 .bss           0x00000000        0x0 FreeRTOS/Source/list.o
 .text          0x00000000        0x0 FreeRTOS/Source/portable/GCC/ATMega64/port.o
 .data          0x00000000        0x0 FreeRTOS/Source/portable/GCC/ATMega64/port.o
 .bss           0x00000000        0x0 FreeRTOS/Source/portable/GCC/ATMega64/port.o
 .text.vPortEndScheduler
                0x00000000        0x2 FreeRTOS/Source/portable/GCC/ATMega64/port.o
 .text          0x00000000        0x0 FreeRTOS/Source/portable/MemMang/heap_1.o
 .data          0x00000000        0x0 FreeRTOS/Source/portable/MemMang/heap_1.o
 .bss           0x00000000        0x0 FreeRTOS/Source/portable/MemMang/heap_1.o
 .text.vPortInitialiseBlocks
                0x00000000        0xa FreeRTOS/Source/portable/MemMang/heap_1.o
 .text.xPortGetFreeHeapSize
                0x00000000       0x12 FreeRTOS/Source/portable/MemMang/heap_1.o
 .text          0x00000000        0x0 FreeRTOS/Source/queue.o
 .data          0x00000000        0x0 FreeRTOS/Source/queue.o
 .bss           0x00000000        0x0 FreeRTOS/Source/queue.o
 .text.prvCopyDataToQueue
                0x00000000       0x92 FreeRTOS/Source/queue.o
 .text.prvCopyDataFromQueue
                0x00000000       0x34 FreeRTOS/Source/queue.o
 .text.prvUnlockQueue
                0x00000000       0x9a FreeRTOS/Source/queue.o
 .text.xQueueGenericReset
                0x00000000       0x7a FreeRTOS/Source/queue.o
 .text.xQueueGenericCreate
                0x00000000       0x5a FreeRTOS/Source/queue.o
 .text.xQueueGenericSend
                0x00000000      0x142 FreeRTOS/Source/queue.o
 .text.xQueueGenericSendFromISR
                0x00000000       0x74 FreeRTOS/Source/queue.o
 .text.xQueueGiveFromISR
                0x00000000       0x52 FreeRTOS/Source/queue.o
 .text.xQueueGenericReceive
                0x00000000      0x16a FreeRTOS/Source/queue.o
 .text.xQueueReceiveFromISR
                0x00000000       0x6e FreeRTOS/Source/queue.o
 .text.xQueuePeekFromISR
                0x00000000       0x2e FreeRTOS/Source/queue.o
 .text.uxQueueMessagesWaiting
                0x00000000       0x10 FreeRTOS/Source/queue.o
 .text.uxQueueSpacesAvailable
                0x00000000       0x14 FreeRTOS/Source/queue.o
 .text.uxQueueMessagesWaitingFromISR
                0x00000000        0x6 FreeRTOS/Source/queue.o
 .text.vQueueDelete
                0x00000000        0x6 FreeRTOS/Source/queue.o
 .text.xQueueIsQueueEmptyFromISR
                0x00000000        0xc FreeRTOS/Source/queue.o
 .text.xQueueIsQueueFullFromISR
                0x00000000        0xe FreeRTOS/Source/queue.o
 .text.xQueueCRSend
                0x00000000       0x72 FreeRTOS/Source/queue.o
 .text.xQueueCRReceive
                0x00000000       0x92 FreeRTOS/Source/queue.o
 .text.xQueueCRSendFromISR
                0x00000000       0x48 FreeRTOS/Source/queue.o
 .text.xQueueCRReceiveFromISR
                0x00000000       0x82 FreeRTOS/Source/queue.o
 .debug_info    0x00000000     0x13a4 FreeRTOS/Source/queue.o
 .debug_abbrev  0x00000000      0x261 FreeRTOS/Source/queue.o
 .debug_loc     0x00000000     0x1ba9 FreeRTOS/Source/queue.o
 .debug_aranges
                0x00000000       0xc0 FreeRTOS/Source/queue.o
 .debug_ranges  0x00000000      0x110 FreeRTOS/Source/queue.o
 .debug_line    0x00000000      0xa18 FreeRTOS/Source/queue.o
 .debug_str     0x00000000      0x783 FreeRTOS/Source/queue.o
 .comment       0x00000000       0x31 FreeRTOS/Source/queue.o
 .debug_frame   0x00000000      0x2d4 FreeRTOS/Source/queue.o
 .text          0x00000000        0x0 FreeRTOS/Source/tasks.o
 .data          0x00000000        0x0 FreeRTOS/Source/tasks.o
 .bss           0x00000000        0x0 FreeRTOS/Source/tasks.o
 .text.vTaskDelete
                0x00000000       0xaa FreeRTOS/Source/tasks.o
 .text.vTaskEndScheduler
                0x00000000        0xc FreeRTOS/Source/tasks.o
 .text.xTaskGetTickCount
                0x00000000       0x14 FreeRTOS/Source/tasks.o
 .text.xTaskGetTickCountFromISR
                0x00000000        0xa FreeRTOS/Source/tasks.o
 .text.uxTaskGetNumberOfTasks
                0x00000000        0x6 FreeRTOS/Source/tasks.o
 .text.pcTaskGetName
                0x00000000       0x10 FreeRTOS/Source/tasks.o
 .text.vTaskDelayUntil
                0x00000000       0x7c FreeRTOS/Source/tasks.o
 .text.vTaskPlaceOnEventList
                0x00000000       0x24 FreeRTOS/Source/tasks.o
 .text.vTaskPlaceOnUnorderedEventList
                0x00000000       0x32 FreeRTOS/Source/tasks.o
 .text.xTaskRemoveFromEventList
                0x00000000       0x90 FreeRTOS/Source/tasks.o
 .text.xTaskRemoveFromUnorderedEventList
                0x00000000       0x74 FreeRTOS/Source/tasks.o
 .text.vTaskSetTimeOutState
                0x00000000       0x16 FreeRTOS/Source/tasks.o
 .text.xTaskCheckForTimeOut
                0x00000000       0x64 FreeRTOS/Source/tasks.o
 .text.vTaskMissedYield
                0x00000000        0x8 FreeRTOS/Source/tasks.o
 .text.uxTaskResetEventItemValue
                0x00000000       0x2e FreeRTOS/Source/tasks.o
 .text.ulTaskNotifyTake
                0x00000000       0xae FreeRTOS/Source/tasks.o
 .text.xTaskNotifyWait
                0x00000000      0x108 FreeRTOS/Source/tasks.o
 .text.xTaskGenericNotify
                0x00000000       0xfc FreeRTOS/Source/tasks.o
 .text.xTaskGenericNotifyFromISR
                0x00000000      0x122 FreeRTOS/Source/tasks.o
 .text.vTaskNotifyGiveFromISR
                0x00000000       0xb6 FreeRTOS/Source/tasks.o
 .text.xTaskNotifyStateClear
                0x00000000       0x28 FreeRTOS/Source/tasks.o
 .text          0x00000000        0x0 FreeRTOS/Source/timers.o
 .data          0x00000000        0x0 FreeRTOS/Source/timers.o
 .bss           0x00000000        0x0 FreeRTOS/Source/timers.o
 .debug_info    0x00000000       0x64 FreeRTOS/Source/timers.o
 .debug_abbrev  0x00000000       0x26 FreeRTOS/Source/timers.o
 .debug_aranges
                0x00000000       0x18 FreeRTOS/Source/timers.o
 .debug_line    0x00000000       0x1a FreeRTOS/Source/timers.o
 .debug_str     0x00000000      0x188 FreeRTOS/Source/timers.o
 .comment       0x00000000       0x31 FreeRTOS/Source/timers.o
 .text          0x00000000        0x0 main.o
 .data          0x00000000        0x0 main.o
 .bss           0x00000000        0x0 main.o
 .text          0x00000000        0x0 ATmega64UART.o
 .data          0x00000000        0x0 ATmega64UART.o
 .bss           0x00000000        0x0 ATmega64UART.o
 .text.USART_SendByte
                0x00000000        0x4 ATmega64UART.o
 .text.USART0_SendChar
                0x00000000        0x4 ATmega64UART.o
 .text.USART_ReceiveByte
                0x00000000        0x8 ATmega64UART.o
 .text          0x00000000        0x0 serial.o
 .data          0x00000000        0x0 serial.o
 .bss           0x00000000        0x0 serial.o
 .text.xSerialPortInitMinimal
                0x00000000       0xa4 serial.o
 .text.xSerialGetChar
                0x00000000       0x1a serial.o
 .text.xSerialPutChar
                0x00000000       0x32 serial.o
 .text.vSerialClose
                0x00000000       0x10 serial.o
 .text.SIG_UART_RECV
                0x00000000       0x7e serial.o
 .text.SIG_UART_DATA
                0x00000000       0x7a serial.o
 .bss.xCharsForTx
                0x00000000        0x2 serial.o
 .bss.xRxedChars
                0x00000000        0x2 serial.o
 .debug_info    0x00000000      0x3e7 serial.o
 .debug_abbrev  0x00000000      0x172 serial.o
 .debug_loc     0x00000000      0x457 serial.o
 .debug_aranges
                0x00000000       0x48 serial.o
 .debug_ranges  0x00000000       0x38 serial.o
 .debug_line    0x00000000      0x21d serial.o
 .debug_str     0x00000000      0x33a serial.o
 .comment       0x00000000       0x31 serial.o
 .debug_frame   0x00000000      0x150 serial.o
 .text          0x00000000        0x0 c:/program files (x86)/atmel/studio/7.0/toolchain/avr8/avr8-gnu-toolchain/bin/../lib/gcc/avr/5.4.0/avr5\libgcc.a(_udivmodsi4.o)
 .data          0x00000000        0x0 c:/program files (x86)/atmel/studio/7.0/toolchain/avr8/avr8-gnu-toolchain/bin/../lib/gcc/avr/5.4.0/avr5\libgcc.a(_udivmodsi4.o)
 .bss           0x00000000        0x0 c:/program files (x86)/atmel/studio/7.0/toolchain/avr8/avr8-gnu-toolchain/bin/../lib/gcc/avr/5.4.0/avr5\libgcc.a(_udivmodsi4.o)
 .text.libgcc.mul
                0x00000000        0x0 c:/program files (x86)/atmel/studio/7.0/toolchain/avr8/avr8-gnu-toolchain/bin/../lib/gcc/avr/5.4.0/avr5\libgcc.a(_udivmodsi4.o)
 .text.libgcc.div
                0x00000000       0x44 c:/program files (x86)/atmel/studio/7.0/toolchain/avr8/avr8-gnu-toolchain/bin/../lib/gcc/avr/5.4.0/avr5\libgcc.a(_udivmodsi4.o)
 .text.libgcc   0x00000000        0x0 c:/program files (x86)/atmel/studio/7.0/toolchain/avr8/avr8-gnu-toolchain/bin/../lib/gcc/avr/5.4.0/avr5\libgcc.a(_udivmodsi4.o)
 .text.libgcc.prologue
                0x00000000        0x0 c:/program files (x86)/atmel/studio/7.0/toolchain/avr8/avr8-gnu-toolchain/bin/../lib/gcc/avr/5.4.0/avr5\libgcc.a(_udivmodsi4.o)
 .text.libgcc.builtins
                0x00000000        0x0 c:/program files (x86)/atmel/studio/7.0/toolchain/avr8/avr8-gnu-toolchain/bin/../lib/gcc/avr/5.4.0/avr5\libgcc.a(_udivmodsi4.o)
 .text.libgcc.fmul
                0x00000000        0x0 c:/program files (x86)/atmel/studio/7.0/toolchain/avr8/avr8-gnu-toolchain/bin/../lib/gcc/avr/5.4.0/avr5\libgcc.a(_udivmodsi4.o)
 .text.libgcc.fixed
                0x00000000        0x0 c:/program files (x86)/atmel/studio/7.0/toolchain/avr8/avr8-gnu-toolchain/bin/../lib/gcc/avr/5.4.0/avr5\libgcc.a(_udivmodsi4.o)
 .text          0x00000000        0x0 c:/program files (x86)/atmel/studio/7.0/toolchain/avr8/avr8-gnu-toolchain/bin/../lib/gcc/avr/5.4.0/avr5\libgcc.a(_exit.o)
 .data          0x00000000        0x0 c:/program files (x86)/atmel/studio/7.0/toolchain/avr8/avr8-gnu-toolchain/bin/../lib/gcc/avr/5.4.0/avr5\libgcc.a(_exit.o)
 .bss           0x00000000        0x0 c:/program files (x86)/atmel/studio/7.0/toolchain/avr8/avr8-gnu-toolchain/bin/../lib/gcc/avr/5.4.0/avr5\libgcc.a(_exit.o)
 .text.libgcc.mul
                0x00000000        0x0 c:/program files (x86)/atmel/studio/7.0/toolchain/avr8/avr8-gnu-toolchain/bin/../lib/gcc/avr/5.4.0/avr5\libgcc.a(_exit.o)
 .text.libgcc.div
                0x00000000        0x0 c:/program files (x86)/atmel/studio/7.0/toolchain/avr8/avr8-gnu-toolchain/bin/../lib/gcc/avr/5.4.0/avr5\libgcc.a(_exit.o)
 .text.libgcc   0x00000000        0x0 c:/program files (x86)/atmel/studio/7.0/toolchain/avr8/avr8-gnu-toolchain/bin/../lib/gcc/avr/5.4.0/avr5\libgcc.a(_exit.o)
 .text.libgcc.prologue
                0x00000000        0x0 c:/program files (x86)/atmel/studio/7.0/toolchain/avr8/avr8-gnu-toolchain/bin/../lib/gcc/avr/5.4.0/avr5\libgcc.a(_exit.o)
 .text.libgcc.builtins
                0x00000000        0x0 c:/program files (x86)/atmel/studio/7.0/toolchain/avr8/avr8-gnu-toolchain/bin/../lib/gcc/avr/5.4.0/avr5\libgcc.a(_exit.o)
 .text.libgcc.fmul
                0x00000000        0x0 c:/program files (x86)/atmel/studio/7.0/toolchain/avr8/avr8-gnu-toolchain/bin/../lib/gcc/avr/5.4.0/avr5\libgcc.a(_exit.o)
 .text.libgcc.fixed
                0x00000000        0x0 c:/program files (x86)/atmel/studio/7.0/toolchain/avr8/avr8-gnu-toolchain/bin/../lib/gcc/avr/5.4.0/avr5\libgcc.a(_exit.o)
 .text          0x00000000        0x0 c:/program files (x86)/atmel/studio/7.0/toolchain/avr8/avr8-gnu-toolchain/bin/../lib/gcc/avr/5.4.0/avr5\libgcc.a(_copy_data.o)
 .data          0x00000000        0x0 c:/program files (x86)/atmel/studio/7.0/toolchain/avr8/avr8-gnu-toolchain/bin/../lib/gcc/avr/5.4.0/avr5\libgcc.a(_copy_data.o)
 .bss           0x00000000        0x0 c:/program files (x86)/atmel/studio/7.0/toolchain/avr8/avr8-gnu-toolchain/bin/../lib/gcc/avr/5.4.0/avr5\libgcc.a(_copy_data.o)
 .text.libgcc.mul
                0x00000000        0x0 c:/program files (x86)/atmel/studio/7.0/toolchain/avr8/avr8-gnu-toolchain/bin/../lib/gcc/avr/5.4.0/avr5\libgcc.a(_copy_data.o)
 .text.libgcc.div
                0x00000000        0x0 c:/program files (x86)/atmel/studio/7.0/toolchain/avr8/avr8-gnu-toolchain/bin/../lib/gcc/avr/5.4.0/avr5\libgcc.a(_copy_data.o)
 .text.libgcc   0x00000000        0x0 c:/program files (x86)/atmel/studio/7.0/toolchain/avr8/avr8-gnu-toolchain/bin/../lib/gcc/avr/5.4.0/avr5\libgcc.a(_copy_data.o)
 .text.libgcc.prologue
                0x00000000        0x0 c:/program files (x86)/atmel/studio/7.0/toolchain/avr8/avr8-gnu-toolchain/bin/../lib/gcc/avr/5.4.0/avr5\libgcc.a(_copy_data.o)
 .text.libgcc.builtins
                0x00000000        0x0 c:/program files (x86)/atmel/studio/7.0/toolchain/avr8/avr8-gnu-toolchain/bin/../lib/gcc/avr/5.4.0/avr5\libgcc.a(_copy_data.o)
 .text.libgcc.fmul
                0x00000000        0x0 c:/program files (x86)/atmel/studio/7.0/toolchain/avr8/avr8-gnu-toolchain/bin/../lib/gcc/avr/5.4.0/avr5\libgcc.a(_copy_data.o)
 .text.libgcc.fixed
                0x00000000        0x0 c:/program files (x86)/atmel/studio/7.0/toolchain/avr8/avr8-gnu-toolchain/bin/../lib/gcc/avr/5.4.0/avr5\libgcc.a(_copy_data.o)
 .text          0x00000000        0x0 c:/program files (x86)/atmel/studio/7.0/toolchain/avr8/avr8-gnu-toolchain/bin/../lib/gcc/avr/5.4.0/avr5\libgcc.a(_clear_bss.o)
 .data          0x00000000        0x0 c:/program files (x86)/atmel/studio/7.0/toolchain/avr8/avr8-gnu-toolchain/bin/../lib/gcc/avr/5.4.0/avr5\libgcc.a(_clear_bss.o)
 .bss           0x00000000        0x0 c:/program files (x86)/atmel/studio/7.0/toolchain/avr8/avr8-gnu-toolchain/bin/../lib/gcc/avr/5.4.0/avr5\libgcc.a(_clear_bss.o)
 .text.libgcc.mul
                0x00000000        0x0 c:/program files (x86)/atmel/studio/7.0/toolchain/avr8/avr8-gnu-toolchain/bin/../lib/gcc/avr/5.4.0/avr5\libgcc.a(_clear_bss.o)
 .text.libgcc.div
                0x00000000        0x0 c:/program files (x86)/atmel/studio/7.0/toolchain/avr8/avr8-gnu-toolchain/bin/../lib/gcc/avr/5.4.0/avr5\libgcc.a(_clear_bss.o)
 .text.libgcc   0x00000000        0x0 c:/program files (x86)/atmel/studio/7.0/toolchain/avr8/avr8-gnu-toolchain/bin/../lib/gcc/avr/5.4.0/avr5\libgcc.a(_clear_bss.o)
 .text.libgcc.prologue
                0x00000000        0x0 c:/program files (x86)/atmel/studio/7.0/toolchain/avr8/avr8-gnu-toolchain/bin/../lib/gcc/avr/5.4.0/avr5\libgcc.a(_clear_bss.o)
 .text.libgcc.builtins
                0x00000000        0x0 c:/program files (x86)/atmel/studio/7.0/toolchain/avr8/avr8-gnu-toolchain/bin/../lib/gcc/avr/5.4.0/avr5\libgcc.a(_clear_bss.o)
 .text.libgcc.fmul
                0x00000000        0x0 c:/program files (x86)/atmel/studio/7.0/toolchain/avr8/avr8-gnu-toolchain/bin/../lib/gcc/avr/5.4.0/avr5\libgcc.a(_clear_bss.o)
 .text.libgcc.fixed
                0x00000000        0x0 c:/program files (x86)/atmel/studio/7.0/toolchain/avr8/avr8-gnu-toolchain/bin/../lib/gcc/avr/5.4.0/avr5\libgcc.a(_clear_bss.o)
 .text          0x00000000        0x0 c:/program files (x86)/atmel/studio/7.0/toolchain/avr8/avr8-gnu-toolchain/bin/../lib/gcc/avr/5.4.0/../../../../avr/lib/avr5\libc.a(memcpy.o)
 .data          0x00000000        0x0 c:/program files (x86)/atmel/studio/7.0/toolchain/avr8/avr8-gnu-toolchain/bin/../lib/gcc/avr/5.4.0/../../../../avr/lib/avr5\libc.a(memcpy.o)
 .bss           0x00000000        0x0 c:/program files (x86)/atmel/studio/7.0/toolchain/avr8/avr8-gnu-toolchain/bin/../lib/gcc/avr/5.4.0/../../../../avr/lib/avr5\libc.a(memcpy.o)
 .text.avr-libc
                0x00000000       0x12 c:/program files (x86)/atmel/studio/7.0/toolchain/avr8/avr8-gnu-toolchain/bin/../lib/gcc/avr/5.4.0/../../../../avr/lib/avr5\libc.a(memcpy.o)

Memory Configuration

Name             Origin             Length             Attributes
text             0x00000000         0x00020000         xr
data             0x00800060         0x0000ffa0         rw !x
eeprom           0x00810000         0x00010000         rw !x
fuse             0x00820000         0x00000003         rw !x
lock             0x00830000         0x00000400         rw !x
signature        0x00840000         0x00000400         rw !x
user_signatures  0x00850000         0x00000400         rw !x
*default*        0x00000000         0xffffffff

Linker script and memory map

Address of section .data set to 0x800100
LOAD C:/Program Files (x86)/Atmel/Studio/7.0/Packs/atmel/ATmega_DFP/1.2.132/gcc/dev/atmega64/avr5/crtatmega64.o
LOAD FreeRTOS/Source/croutine.o
LOAD FreeRTOS/Source/event_groups.o
LOAD FreeRTOS/Source/list.o
LOAD FreeRTOS/Source/portable/GCC/ATMega64/port.o
LOAD FreeRTOS/Source/portable/MemMang/heap_1.o
LOAD FreeRTOS/Source/queue.o
LOAD FreeRTOS/Source/tasks.o
LOAD FreeRTOS/Source/timers.o
LOAD main.o
LOAD ATmega64UART.o
LOAD serial.o
START GROUP
LOAD c:/program files (x86)/atmel/studio/7.0/toolchain/avr8/avr8-gnu-toolchain/bin/../lib/gcc/avr/5.4.0/../../../../avr/lib/avr5\libm.a
END GROUP
START GROUP
LOAD c:/program files (x86)/atmel/studio/7.0/toolchain/avr8/avr8-gnu-toolchain/bin/../lib/gcc/avr/5.4.0/avr5\libgcc.a
LOAD c:/program files (x86)/atmel/studio/7.0/toolchain/avr8/avr8-gnu-toolchain/bin/../lib/gcc/avr/5.4.0/../../../../avr/lib/avr5\libm.a
LOAD c:/program files (x86)/atmel/studio/7.0/toolchain/avr8/avr8-gnu-toolchain/bin/../lib/gcc/avr/5.4.0/../../../../avr/lib/avr5\libc.a
LOAD C:/Program Files (x86)/Atmel/Studio/7.0/Packs/atmel/ATmega_DFP/1.2.132/gcc/dev/atmega64/avr5\libatmega64.a
END GROUP
                0x00020000                __TEXT_REGION_LENGTH__ = DEFINED (__TEXT_REGION_LENGTH__)?__TEXT_REGION_LENGTH__:0x20000
                0x0000ffa0                __DATA_REGION_LENGTH__ = DEFINED (__DATA_REGION_LENGTH__)?__DATA_REGION_LENGTH__:0xffa0
                0x00010000                __EEPROM_REGION_LENGTH__ = DEFINED (__EEPROM_REGION_LENGTH__)?__EEPROM_REGION_LENGTH__:0x10000
                [0x00000003]                __FUSE_REGION_LENGTH__ = DEFINED (__FUSE_REGION_LENGTH__)?__FUSE_REGION_LENGTH__:0x400
                0x00000400                __LOCK_REGION_LENGTH__ = DEFINED (__LOCK_REGION_LENGTH__)?__LOCK_REGION_LENGTH__:0x400
                0x00000400                __SIGNATURE_REGION_LENGTH__ = DEFINED (__SIGNATURE_REGION_LENGTH__)?__SIGNATURE_REGION_LENGTH__:0x400
                0x00000400                __USER_SIGNATURE_REGION_LENGTH__ = DEFINED (__USER_SIGNATURE_REGION_LENGTH__)?__USER_SIGNATURE_REGION_LENGTH__:0x400

.hash
 *(.hash)

.dynsym
 *(.dynsym)

.dynstr
 *(.dynstr)

.gnu.version
 *(.gnu.version)

.gnu.version_d
 *(.gnu.version_d)

.gnu.version_r
 *(.gnu.version_r)

.rel.init
 *(.rel.init)

.rela.init
 *(.rela.init)

.rel.text
 *(.rel.text)
 *(.rel.text.*)
 *(.rel.gnu.linkonce.t*)

.rela.text
 *(.rela.text)
 *(.rela.text.*)
 *(.rela.gnu.linkonce.t*)

.rel.fini
 *(.rel.fini)

.rela.fini
 *(.rela.fini)

.rel.rodata
 *(.rel.rodata)
 *(.rel.rodata.*)
 *(.rel.gnu.linkonce.r*)

.rela.rodata
 *(.rela.rodata)
 *(.rela.rodata.*)
 *(.rela.gnu.linkonce.r*)

.rel.data
 *(.rel.data)
 *(.rel.data.*)
 *(.rel.gnu.linkonce.d*)

.rela.data
 *(.rela.data)
 *(.rela.data.*)
 *(.rela.gnu.linkonce.d*)

.rel.ctors
 *(.rel.ctors)

.rela.ctors
 *(.rela.ctors)

.rel.dtors
 *(.rel.dtors)

.rela.dtors
 *(.rela.dtors)

.rel.got
 *(.rel.got)

.rela.got
 *(.rela.got)

.rel.bss
 *(.rel.bss)

.rela.bss
 *(.rela.bss)

.rel.plt
 *(.rel.plt)

.rela.plt
 *(.rela.plt)

.text           0x00000000      0xce0
 *(.vectors)
 .vectors       0x00000000       0x8c C:/Program Files (x86)/Atmel/Studio/7.0/Packs/atmel/ATmega_DFP/1.2.132/gcc/dev/atmega64/avr5/crtatmega64.o
                0x00000000                __vector_default
                0x00000000                __vectors
 *(.vectors)
 *(.progmem.gcc*)
                0x0000008c                . = ALIGN (0x2)
                0x0000008c                __trampolines_start = .
 *(.trampolines)
 .trampolines   0x0000008c        0x0 linker stubs
 *(.trampolines*)
                0x0000008c                __trampolines_end = .
 *libprintf_flt.a:*(.progmem.data)
 *libc.a:*(.progmem.data)
 *(.progmem*)
                0x0000008c                . = ALIGN (0x2)
 *(.jumptables)
 *(.jumptables*)
 *(.lowtext)
 *(.lowtext*)
                0x0000008c                __ctors_start = .
 *(.ctors)
                0x0000008c                __ctors_end = .
                0x0000008c                __dtors_start = .
 *(.dtors)
                0x0000008c                __dtors_end = .
 SORT(*)(.ctors)
 SORT(*)(.dtors)
 *(.init0)
 .init0         0x0000008c        0x0 C:/Program Files (x86)/Atmel/Studio/7.0/Packs/atmel/ATmega_DFP/1.2.132/gcc/dev/atmega64/avr5/crtatmega64.o
                0x0000008c                __init
 *(.init0)
 *(.init1)
 *(.init1)
 *(.init2)
 .init2         0x0000008c        0xc C:/Program Files (x86)/Atmel/Studio/7.0/Packs/atmel/ATmega_DFP/1.2.132/gcc/dev/atmega64/avr5/crtatmega64.o
 *(.init2)
 *(.init3)
 *(.init3)
 *(.init4)
 .init4         0x00000098       0x16 c:/program files (x86)/atmel/studio/7.0/toolchain/avr8/avr8-gnu-toolchain/bin/../lib/gcc/avr/5.4.0/avr5\libgcc.a(_copy_data.o)
                0x00000098                __do_copy_data
 .init4         0x000000ae       0x10 c:/program files (x86)/atmel/studio/7.0/toolchain/avr8/avr8-gnu-toolchain/bin/../lib/gcc/avr/5.4.0/avr5\libgcc.a(_clear_bss.o)
                0x000000ae                __do_clear_bss
 *(.init4)
 *(.init5)
 *(.init5)
 *(.init6)
 *(.init6)
 *(.init7)
 *(.init7)
 *(.init8)
 *(.init8)
 *(.init9)
 .init9         0x000000be        0x8 C:/Program Files (x86)/Atmel/Studio/7.0/Packs/atmel/ATmega_DFP/1.2.132/gcc/dev/atmega64/avr5/crtatmega64.o
 *(.init9)
 *(.text)
 .text          0x000000c6        0x4 C:/Program Files (x86)/Atmel/Studio/7.0/Packs/atmel/ATmega_DFP/1.2.132/gcc/dev/atmega64/avr5/crtatmega64.o
                0x000000c6                __vector_22
                0x000000c6                __vector_28
                0x000000c6                __vector_1
                0x000000c6                __vector_32
                0x000000c6                __vector_34
                0x000000c6                __vector_24
                0x000000c6                __bad_interrupt
                0x000000c6                __vector_6
                0x000000c6                __vector_31
                0x000000c6                __vector_3
                0x000000c6                __vector_23
                0x000000c6                __vector_30
                0x000000c6                __vector_25
                0x000000c6                __vector_11
                0x000000c6                __vector_13
                0x000000c6                __vector_17
                0x000000c6                __vector_19
                0x000000c6                __vector_7
                0x000000c6                __vector_27
                0x000000c6                __vector_5
                0x000000c6                __vector_33
                0x000000c6                __vector_4
                0x000000c6                __vector_9
                0x000000c6                __vector_2
                0x000000c6                __vector_21
                0x000000c6                __vector_15
                0x000000c6                __vector_29
                0x000000c6                __vector_8
                0x000000c6                __vector_26
                0x000000c6                __vector_14
                0x000000c6                __vector_10
                0x000000c6                __vector_16
                0x000000c6                __vector_20
                0x000000ca                . = ALIGN (0x2)
 *(.text.*)
 .text.vListInitialise
                0x000000ca       0x1c FreeRTOS/Source/list.o
                0x000000ca                vListInitialise
 .text.vListInitialiseItem
                0x000000e6        0x8 FreeRTOS/Source/list.o
                0x000000e6                vListInitialiseItem
 .text.vListInsertEnd
                0x000000ee       0x42 FreeRTOS/Source/list.o
                0x000000ee                vListInsertEnd
 .text.vListInsert
                0x00000130       0x62 FreeRTOS/Source/list.o
                0x00000130                vListInsert
 .text.uxListRemove
                0x00000192       0x4c FreeRTOS/Source/list.o
                0x00000192                uxListRemove
 .text.pxPortInitialiseStack
                0x000001de       0xd8 FreeRTOS/Source/portable/GCC/ATMega64/port.o
                0x000001de                pxPortInitialiseStack
 .text.xPortStartScheduler
                0x000002b6       0x6c FreeRTOS/Source/portable/GCC/ATMega64/port.o
                0x000002b6                xPortStartScheduler
 .text.vPortYield
                0x00000322       0xb2 FreeRTOS/Source/portable/GCC/ATMega64/port.o
                0x00000322                vPortYield
 .text.vPortYieldFromTick
                0x000003d4       0xb8 FreeRTOS/Source/portable/GCC/ATMega64/port.o
                0x000003d4                vPortYieldFromTick
 .text.__vector_12
                0x0000048c        0x6 FreeRTOS/Source/portable/GCC/ATMega64/port.o
                0x0000048c                __vector_12
 .text.pvPortMalloc
                0x00000492       0x6a FreeRTOS/Source/portable/MemMang/heap_1.o
                0x00000492                pvPortMalloc
 .text.vPortFree
                0x000004fc        0x2 FreeRTOS/Source/portable/MemMang/heap_1.o
                0x000004fc                vPortFree
 .text.prvResetNextTaskUnblockTime
                0x000004fe       0x3e FreeRTOS/Source/tasks.o
 .text.prvAddCurrentTaskToDelayedList
                0x0000053c       0x88 FreeRTOS/Source/tasks.o
 .text.xTaskCreate
                0x000005c4      0x210 FreeRTOS/Source/tasks.o
                0x000005c4                xTaskCreate
 .text.vTaskStartScheduler
                0x000007d4       0x54 FreeRTOS/Source/tasks.o
                0x000007d4                vTaskStartScheduler
 .text.vTaskSuspendAll
                0x00000828        0xc FreeRTOS/Source/tasks.o
                0x00000828                vTaskSuspendAll
 .text.xTaskIncrementTick
                0x00000834      0x176 FreeRTOS/Source/tasks.o
                0x00000834                xTaskIncrementTick
 .text.xTaskResumeAll
                0x000009aa       0xfe FreeRTOS/Source/tasks.o
                0x000009aa                xTaskResumeAll
 .text.vTaskDelay
                0x00000aa8       0x28 FreeRTOS/Source/tasks.o
                0x00000aa8                vTaskDelay
 .text.prvIdleTask
                0x00000ad0       0x7a FreeRTOS/Source/tasks.o
 .text.vTaskSwitchContext
                0x00000b4a       0xcc FreeRTOS/Source/tasks.o
                0x00000b4a                vTaskSwitchContext
 .text.vRedLED  0x00000c16       0x12 main.o
 .text.vGreenLED
                0x00000c28       0x1a main.o
 .text.main     0x00000c42       0x4e main.o
                0x00000c42                main
 .text.__vector_18
                0x00000c90       0x1e ATmega64UART.o
                0x00000c90                __vector_18
 .text.USART_Init
                0x00000cae        0xe ATmega64UART.o
                0x00000cae                USART_Init
 .text.USART0_SendString
                0x00000cbc       0x20 ATmega64UART.o
                0x00000cbc                USART0_SendString
                0x00000cdc                . = ALIGN (0x2)
 *(.fini9)
 .fini9         0x00000cdc        0x0 c:/program files (x86)/atmel/studio/7.0/toolchain/avr8/avr8-gnu-toolchain/bin/../lib/gcc/avr/5.4.0/avr5\libgcc.a(_exit.o)
                0x00000cdc                _exit
                0x00000cdc                exit
 *(.fini9)
 *(.fini8)
 *(.fini8)
 *(.fini7)
 *(.fini7)
 *(.fini6)
 *(.fini6)
 *(.fini5)
 *(.fini5)
 *(.fini4)
 *(.fini4)
 *(.fini3)
 *(.fini3)
 *(.fini2)
 *(.fini2)
 *(.fini1)
 *(.fini1)
 *(.fini0)
 .fini0         0x00000cdc        0x4 c:/program files (x86)/atmel/studio/7.0/toolchain/avr8/avr8-gnu-toolchain/bin/../lib/gcc/avr/5.4.0/avr5\libgcc.a(_exit.o)
 *(.fini0)
                0x00000ce0                _etext = .

.data           0x00800100       0x20 load address 0x00000ce0
                0x00800100                PROVIDE (__data_start, .)
 *(.data)
 *(.data*)
 .data.message  0x00800100        0x8 main.o
                0x00800100                message
 *(.rodata)
 *(.rodata*)
 .rodata.str1.1
                0x00800108        0x5 FreeRTOS/Source/tasks.o
 .rodata.str1.1
                0x0080010d       0x12 main.o
 *(.gnu.linkonce.d*)
                0x00800120                . = ALIGN (0x2)
 *fill*         0x0080011f        0x1 
                0x00800120                _edata = .
                0x00800120                PROVIDE (__data_end, .)

.bss            0x00800120      0x63e
                0x00800120                PROVIDE (__bss_start, .)
 *(.bss)
 *(.bss*)
 .bss.pucAlignedHeap.2068
                0x00800120        0x2 FreeRTOS/Source/portable/MemMang/heap_1.o
 .bss.xNextFreeByte
                0x00800122        0x2 FreeRTOS/Source/portable/MemMang/heap_1.o
 .bss.ucHeap    0x00800124      0x5dc FreeRTOS/Source/portable/MemMang/heap_1.o
 .bss.uxSchedulerSuspended
                0x00800700        0x1 FreeRTOS/Source/tasks.o
 .bss.xIdleTaskHandle
                0x00800701        0x2 FreeRTOS/Source/tasks.o
 .bss.xNextTaskUnblockTime
                0x00800703        0x2 FreeRTOS/Source/tasks.o
 .bss.uxTaskNumber
                0x00800705        0x1 FreeRTOS/Source/tasks.o
 .bss.xNumOfOverflows
                0x00800706        0x1 FreeRTOS/Source/tasks.o
 .bss.xYieldPending
                0x00800707        0x1 FreeRTOS/Source/tasks.o
 .bss.uxPendedTicks
                0x00800708        0x1 FreeRTOS/Source/tasks.o
 .bss.xSchedulerRunning
                0x00800709        0x1 FreeRTOS/Source/tasks.o
 .bss.uxTopReadyPriority
                0x0080070a        0x1 FreeRTOS/Source/tasks.o
 .bss.xTickCount
                0x0080070b        0x2 FreeRTOS/Source/tasks.o
 .bss.uxCurrentNumberOfTasks
                0x0080070d        0x1 FreeRTOS/Source/tasks.o
 .bss.uxDeletedTasksWaitingCleanUp
                0x0080070e        0x1 FreeRTOS/Source/tasks.o
 .bss.xTasksWaitingTermination
                0x0080070f        0x9 FreeRTOS/Source/tasks.o
 .bss.xPendingReadyList
                0x00800718        0x9 FreeRTOS/Source/tasks.o
 .bss.pxOverflowDelayedTaskList
                0x00800721        0x2 FreeRTOS/Source/tasks.o
 .bss.pxDelayedTaskList
                0x00800723        0x2 FreeRTOS/Source/tasks.o
 .bss.xDelayedTaskList2
                0x00800725        0x9 FreeRTOS/Source/tasks.o
 .bss.xDelayedTaskList1
                0x0080072e        0x9 FreeRTOS/Source/tasks.o
 .bss.pxReadyTasksLists
                0x00800737       0x24 FreeRTOS/Source/tasks.o
 .bss.pxCurrentTCB
                0x0080075b        0x2 FreeRTOS/Source/tasks.o
                0x0080075b                pxCurrentTCB
 *(COMMON)
 COMMON         0x0080075d        0x1 ATmega64UART.o
                0x0080075d                value
                0x0080075e                PROVIDE (__bss_end, .)
                0x00000ce0                __data_load_start = LOADADDR (.data)
                0x00000d00                __data_load_end = (__data_load_start + SIZEOF (.data))

.noinit         0x0080075e        0x0
                [!provide]                PROVIDE (__noinit_start, .)
 *(.noinit*)
                [!provide]                PROVIDE (__noinit_end, .)
                0x0080075e                _end = .
                [!provide]                PROVIDE (__heap_start, .)

.eeprom         0x00810000        0x0
 *(.eeprom*)
                0x00810000                __eeprom_end = .

.fuse
 *(.fuse)
 *(.lfuse)
 *(.hfuse)
 *(.efuse)

.lock
 *(.lock*)

.signature
 *(.signature*)

.user_signatures
 *(.user_signatures*)

.stab
 *(.stab)

.stabstr
 *(.stabstr)

.stab.excl
 *(.stab.excl)

.stab.exclstr
 *(.stab.exclstr)

.stab.index
 *(.stab.index)

.stab.indexstr
 *(.stab.indexstr)

.comment        0x00000000       0x30
 *(.comment)
 .comment       0x00000000       0x30 FreeRTOS/Source/list.o
                                 0x31 (size before relaxing)
 .comment       0x00000030       0x31 FreeRTOS/Source/portable/GCC/ATMega64/port.o
 .comment       0x00000030       0x31 FreeRTOS/Source/portable/MemMang/heap_1.o
 .comment       0x00000030       0x31 FreeRTOS/Source/tasks.o
 .comment       0x00000030       0x31 main.o
 .comment       0x00000030       0x31 ATmega64UART.o

.note.gnu.avr.deviceinfo
                0x00000000       0x3c
 .note.gnu.avr.deviceinfo
                0x00000000       0x3c C:/Program Files (x86)/Atmel/Studio/7.0/Packs/atmel/ATmega_DFP/1.2.132/gcc/dev/atmega64/avr5/crtatmega64.o

.note.gnu.build-id
 *(.note.gnu.build-id)

.debug
 *(.debug)

.line
 *(.line)

.debug_srcinfo
 *(.debug_srcinfo)

.debug_sfnames
 *(.debug_sfnames)

.debug_aranges  0x00000000      0x248
 *(.debug_aranges)
 .debug_aranges
                0x00000000       0x40 FreeRTOS/Source/list.o
 .debug_aranges
                0x00000040       0x48 FreeRTOS/Source/portable/GCC/ATMega64/port.o
 .debug_aranges
                0x00000088       0x38 FreeRTOS/Source/portable/MemMang/heap_1.o
 .debug_aranges
                0x000000c0      0x110 FreeRTOS/Source/tasks.o
 .debug_aranges
                0x000001d0       0x30 main.o
 .debug_aranges
                0x00000200       0x48 ATmega64UART.o

.debug_pubnames
 *(.debug_pubnames)

.debug_info     0x00000000     0x2a60
 *(.debug_info .gnu.linkonce.wi.*)
 .debug_info    0x00000000      0x780 C:/Program Files (x86)/Atmel/Studio/7.0/Packs/atmel/ATmega_DFP/1.2.132/gcc/dev/atmega64/avr5/crtatmega64.o
 .debug_info    0x00000780      0x2cd FreeRTOS/Source/list.o
 .debug_info    0x00000a4d      0x263 FreeRTOS/Source/portable/GCC/ATMega64/port.o
 .debug_info    0x00000cb0      0x1a4 FreeRTOS/Source/portable/MemMang/heap_1.o
 .debug_info    0x00000e54     0x1845 FreeRTOS/Source/tasks.o
 .debug_info    0x00002699      0x25b main.o
 .debug_info    0x000028f4      0x16c ATmega64UART.o

.debug_abbrev   0x00000000      0xf85
 *(.debug_abbrev)
 .debug_abbrev  0x00000000      0x718 C:/Program Files (x86)/Atmel/Studio/7.0/Packs/atmel/ATmega_DFP/1.2.132/gcc/dev/atmega64/avr5/crtatmega64.o
 .debug_abbrev  0x00000718       0xf8 FreeRTOS/Source/list.o
 .debug_abbrev  0x00000810      0x155 FreeRTOS/Source/portable/GCC/ATMega64/port.o
 .debug_abbrev  0x00000965      0x11c FreeRTOS/Source/portable/MemMang/heap_1.o
 .debug_abbrev  0x00000a81      0x316 FreeRTOS/Source/tasks.o
 .debug_abbrev  0x00000d97       0xfc main.o
 .debug_abbrev  0x00000e93       0xf2 ATmega64UART.o

.debug_line     0x00000000     0x1810
 *(.debug_line .debug_line.* .debug_line_end)
 .debug_line    0x00000000      0x169 C:/Program Files (x86)/Atmel/Studio/7.0/Packs/atmel/ATmega_DFP/1.2.132/gcc/dev/atmega64/avr5/crtatmega64.o
 .debug_line    0x00000169      0x21d FreeRTOS/Source/list.o
 .debug_line    0x00000386      0x2c7 FreeRTOS/Source/portable/GCC/ATMega64/port.o
 .debug_line    0x0000064d      0x1d9 FreeRTOS/Source/portable/MemMang/heap_1.o
 .debug_line    0x00000826      0xcfc FreeRTOS/Source/tasks.o
 .debug_line    0x00001522      0x197 main.o
 .debug_line    0x000016b9      0x157 ATmega64UART.o

.debug_frame    0x00000000      0x614
 *(.debug_frame)
 .debug_frame   0x00000000       0x88 FreeRTOS/Source/list.o
 .debug_frame   0x00000088       0x74 FreeRTOS/Source/portable/GCC/ATMega64/port.o
 .debug_frame   0x000000fc       0x60 FreeRTOS/Source/portable/MemMang/heap_1.o
 .debug_frame   0x0000015c      0x3e0 FreeRTOS/Source/tasks.o
 .debug_frame   0x0000053c       0x54 main.o
 .debug_frame   0x00000590       0x84 ATmega64UART.o

.debug_str      0x00000000      0xfaa
 *(.debug_str)
 .debug_str     0x00000000      0x27e C:/Program Files (x86)/Atmel/Studio/7.0/Packs/atmel/ATmega_DFP/1.2.132/gcc/dev/atmega64/avr5/crtatmega64.o
 .debug_str     0x0000027e      0x28a FreeRTOS/Source/list.o
                                0x2c9 (size before relaxing)
 .debug_str     0x00000508      0x14e FreeRTOS/Source/portable/GCC/ATMega64/port.o
                                0x2d9 (size before relaxing)
 .debug_str     0x00000656       0xce FreeRTOS/Source/portable/MemMang/heap_1.o
                                0x24b (size before relaxing)
 .debug_str     0x00000724      0x7e2 FreeRTOS/Source/tasks.o
                                0xb78 (size before relaxing)
 .debug_str     0x00000f06       0x48 main.o
                                0x200 (size before relaxing)
 .debug_str     0x00000f4e       0x5c ATmega64UART.o
                                0x1e8 (size before relaxing)

.debug_loc      0x00000000     0x1f64
 *(.debug_loc)
 .debug_loc     0x00000000      0x145 FreeRTOS/Source/list.o
 .debug_loc     0x00000145      0x2a0 FreeRTOS/Source/portable/GCC/ATMega64/port.o
 .debug_loc     0x000003e5       0xf1 FreeRTOS/Source/portable/MemMang/heap_1.o
 .debug_loc     0x000004d6     0x19ab FreeRTOS/Source/tasks.o
 .debug_loc     0x00001e81       0x88 main.o
 .debug_loc     0x00001f09       0x5b ATmega64UART.o

.debug_macinfo
 *(.debug_macinfo)

.debug_weaknames
 *(.debug_weaknames)

.debug_funcnames
 *(.debug_funcnames)

.debug_typenames
 *(.debug_typenames)

.debug_varnames
 *(.debug_varnames)

.debug_pubtypes
 *(.debug_pubtypes)

.debug_ranges   0x00000000      0x260
 *(.debug_ranges)
 .debug_ranges  0x00000000       0x30 FreeRTOS/Source/list.o
 .debug_ranges  0x00000030       0x38 FreeRTOS/Source/portable/GCC/ATMega64/port.o
 .debug_ranges  0x00000068       0x28 FreeRTOS/Source/portable/MemMang/heap_1.o
 .debug_ranges  0x00000090      0x178 FreeRTOS/Source/tasks.o
 .debug_ranges  0x00000208       0x20 main.o
 .debug_ranges  0x00000228       0x38 ATmega64UART.o

.debug_macro
 *(.debug_macro)
OUTPUT(RoombaCommander_ATmega64.elf elf32-avr)
LOAD linker stubs
