Archive member included to satisfy reference by file (symbol)

c:/program files (x86)/atmel/studio/7.0/toolchain/avr8/avr8-gnu-toolchain/bin/../lib/gcc/avr/5.4.0/avr5\libgcc.a(_udivmodsi4.o)
                              serial.o (__udivmodsi4)
c:/program files (x86)/atmel/studio/7.0/toolchain/avr8/avr8-gnu-toolchain/bin/../lib/gcc/avr/5.4.0/avr5\libgcc.a(_exit.o)
                              C:/Program Files (x86)/Atmel/Studio/7.0/Packs/atmel/ATmega_DFP/1.2.132/gcc/dev/atmega64/avr5/crtatmega64.o (exit)
c:/program files (x86)/atmel/studio/7.0/toolchain/avr8/avr8-gnu-toolchain/bin/../lib/gcc/avr/5.4.0/avr5\libgcc.a(_tablejump2.o)
                              main.o (__tablejump2__)
c:/program files (x86)/atmel/studio/7.0/toolchain/avr8/avr8-gnu-toolchain/bin/../lib/gcc/avr/5.4.0/avr5\libgcc.a(_copy_data.o)
                              FreeRTOS/Source/tasks.o (__do_copy_data)
c:/program files (x86)/atmel/studio/7.0/toolchain/avr8/avr8-gnu-toolchain/bin/../lib/gcc/avr/5.4.0/avr5\libgcc.a(_clear_bss.o)
                              FreeRTOS/Source/croutine.o (__do_clear_bss)
c:/program files (x86)/atmel/studio/7.0/toolchain/avr8/avr8-gnu-toolchain/bin/../lib/gcc/avr/5.4.0/../../../../avr/lib/avr5\libc.a(memcpy.o)
                              FreeRTOS/Source/queue.o (memcpy)

Allocating common symbols
Common symbol       size              file

bufferRoombaSendUART0
                    0x2               main.o
bufferBluetoothSendUART1
                    0x2               main.o
globalError         0x2               main.o
bufferBluetoothReceiveUART1
                    0x2               main.o
sensorData          0x1b              main.o
bufferRoombaReceiveUART0
                    0x2               main.o

Memory Configuration

Name             Origin             Length             Attributes
text             0x00000000         0x00020000         xr
data             0x00800060         0x0000ffa0         rw !x
eeprom           0x00810000         0x00010000         rw !x
fuse             0x00820000         0x00000003         rw !x
lock             0x00830000         0x00000400         rw !x
signature        0x00840000         0x00000400         rw !x
user_signatures  0x00850000         0x00000400         rw !x
*default*        0x00000000         0xffffffff

Linker script and memory map

Address of section .data set to 0x800100
LOAD C:/Program Files (x86)/Atmel/Studio/7.0/Packs/atmel/ATmega_DFP/1.2.132/gcc/dev/atmega64/avr5/crtatmega64.o
LOAD FreeRTOS/Source/croutine.o
LOAD FreeRTOS/Source/event_groups.o
LOAD FreeRTOS/Source/list.o
LOAD FreeRTOS/Source/portable/GCC/ATMega64/port.o
LOAD FreeRTOS/Source/portable/MemMang/heap_1.o
LOAD FreeRTOS/Source/queue.o
LOAD FreeRTOS/Source/tasks.o
LOAD FreeRTOS/Source/timers.o
LOAD main.o
LOAD ATmega64UART.o
LOAD message.o
LOAD serial.o
START GROUP
LOAD c:/program files (x86)/atmel/studio/7.0/toolchain/avr8/avr8-gnu-toolchain/bin/../lib/gcc/avr/5.4.0/../../../../avr/lib/avr5\libm.a
END GROUP
START GROUP
LOAD c:/program files (x86)/atmel/studio/7.0/toolchain/avr8/avr8-gnu-toolchain/bin/../lib/gcc/avr/5.4.0/avr5\libgcc.a
LOAD c:/program files (x86)/atmel/studio/7.0/toolchain/avr8/avr8-gnu-toolchain/bin/../lib/gcc/avr/5.4.0/../../../../avr/lib/avr5\libm.a
LOAD c:/program files (x86)/atmel/studio/7.0/toolchain/avr8/avr8-gnu-toolchain/bin/../lib/gcc/avr/5.4.0/../../../../avr/lib/avr5\libc.a
LOAD C:/Program Files (x86)/Atmel/Studio/7.0/Packs/atmel/ATmega_DFP/1.2.132/gcc/dev/atmega64/avr5\libatmega64.a
END GROUP
                0x00020000                __TEXT_REGION_LENGTH__ = DEFINED (__TEXT_REGION_LENGTH__)?__TEXT_REGION_LENGTH__:0x20000
                0x0000ffa0                __DATA_REGION_LENGTH__ = DEFINED (__DATA_REGION_LENGTH__)?__DATA_REGION_LENGTH__:0xffa0
                0x00010000                __EEPROM_REGION_LENGTH__ = DEFINED (__EEPROM_REGION_LENGTH__)?__EEPROM_REGION_LENGTH__:0x10000
                [0x00000003]                __FUSE_REGION_LENGTH__ = DEFINED (__FUSE_REGION_LENGTH__)?__FUSE_REGION_LENGTH__:0x400
                0x00000400                __LOCK_REGION_LENGTH__ = DEFINED (__LOCK_REGION_LENGTH__)?__LOCK_REGION_LENGTH__:0x400
                0x00000400                __SIGNATURE_REGION_LENGTH__ = DEFINED (__SIGNATURE_REGION_LENGTH__)?__SIGNATURE_REGION_LENGTH__:0x400
                0x00000400                __USER_SIGNATURE_REGION_LENGTH__ = DEFINED (__USER_SIGNATURE_REGION_LENGTH__)?__USER_SIGNATURE_REGION_LENGTH__:0x400

.hash
 *(.hash)

.dynsym
 *(.dynsym)

.dynstr
 *(.dynstr)

.gnu.version
 *(.gnu.version)

.gnu.version_d
 *(.gnu.version_d)

.gnu.version_r
 *(.gnu.version_r)

.rel.init
 *(.rel.init)

.rela.init
 *(.rela.init)

.rel.text
 *(.rel.text)
 *(.rel.text.*)
 *(.rel.gnu.linkonce.t*)

.rela.text
 *(.rela.text)
 *(.rela.text.*)
 *(.rela.gnu.linkonce.t*)

.rel.fini
 *(.rel.fini)

.rela.fini
 *(.rela.fini)

.rel.rodata
 *(.rel.rodata)
 *(.rel.rodata.*)
 *(.rel.gnu.linkonce.r*)

.rela.rodata
 *(.rela.rodata)
 *(.rela.rodata.*)
 *(.rela.gnu.linkonce.r*)

.rel.data
 *(.rel.data)
 *(.rel.data.*)
 *(.rel.gnu.linkonce.d*)

.rela.data
 *(.rela.data)
 *(.rela.data.*)
 *(.rela.gnu.linkonce.d*)

.rel.ctors
 *(.rel.ctors)

.rela.ctors
 *(.rela.ctors)

.rel.dtors
 *(.rel.dtors)

.rela.dtors
 *(.rela.dtors)

.rel.got
 *(.rel.got)

.rela.got
 *(.rela.got)

.rel.bss
 *(.rel.bss)

.rela.bss
 *(.rela.bss)

.rel.plt
 *(.rel.plt)

.rela.plt
 *(.rela.plt)

.text           0x00000000     0x2c52
 *(.vectors)
 .vectors       0x00000000       0x8c C:/Program Files (x86)/Atmel/Studio/7.0/Packs/atmel/ATmega_DFP/1.2.132/gcc/dev/atmega64/avr5/crtatmega64.o
                0x00000000                __vector_default
                0x00000000                __vectors
 *(.vectors)
 *(.progmem.gcc*)
 .progmem.gcc_sw_table.vBluetoothReceiveServiceUART1
                0x0000008c       0x1c main.o
                0x000000a8                . = ALIGN (0x2)
                0x000000a8                __trampolines_start = .
 *(.trampolines)
 .trampolines   0x000000a8        0x0 linker stubs
 *(.trampolines*)
                0x000000a8                __trampolines_end = .
 *libprintf_flt.a:*(.progmem.data)
 *libc.a:*(.progmem.data)
 *(.progmem*)
                0x000000a8                . = ALIGN (0x2)
 *(.jumptables)
 *(.jumptables*)
 *(.lowtext)
 *(.lowtext*)
                0x000000a8                __ctors_start = .
 *(.ctors)
                0x000000a8                __ctors_end = .
                0x000000a8                __dtors_start = .
 *(.dtors)
                0x000000a8                __dtors_end = .
 SORT(*)(.ctors)
 SORT(*)(.dtors)
 *(.init0)
 .init0         0x000000a8        0x0 C:/Program Files (x86)/Atmel/Studio/7.0/Packs/atmel/ATmega_DFP/1.2.132/gcc/dev/atmega64/avr5/crtatmega64.o
                0x000000a8                __init
 *(.init0)
 *(.init1)
 *(.init1)
 *(.init2)
 .init2         0x000000a8        0xc C:/Program Files (x86)/Atmel/Studio/7.0/Packs/atmel/ATmega_DFP/1.2.132/gcc/dev/atmega64/avr5/crtatmega64.o
 *(.init2)
 *(.init3)
 *(.init3)
 *(.init4)
 .init4         0x000000b4       0x16 c:/program files (x86)/atmel/studio/7.0/toolchain/avr8/avr8-gnu-toolchain/bin/../lib/gcc/avr/5.4.0/avr5\libgcc.a(_copy_data.o)
                0x000000b4                __do_copy_data
 .init4         0x000000ca       0x10 c:/program files (x86)/atmel/studio/7.0/toolchain/avr8/avr8-gnu-toolchain/bin/../lib/gcc/avr/5.4.0/avr5\libgcc.a(_clear_bss.o)
                0x000000ca                __do_clear_bss
 *(.init4)
 *(.init5)
 *(.init5)
 *(.init6)
 *(.init6)
 *(.init7)
 *(.init7)
 *(.init8)
 *(.init8)
 *(.init9)
 .init9         0x000000da        0x8 C:/Program Files (x86)/Atmel/Studio/7.0/Packs/atmel/ATmega_DFP/1.2.132/gcc/dev/atmega64/avr5/crtatmega64.o
 *(.init9)
 *(.text)
 .text          0x000000e2        0x4 C:/Program Files (x86)/Atmel/Studio/7.0/Packs/atmel/ATmega_DFP/1.2.132/gcc/dev/atmega64/avr5/crtatmega64.o
                0x000000e2                __vector_22
                0x000000e2                __vector_28
                0x000000e2                __vector_1
                0x000000e2                __vector_32
                0x000000e2                __vector_34
                0x000000e2                __vector_24
                0x000000e2                __bad_interrupt
                0x000000e2                __vector_6
                0x000000e2                __vector_31
                0x000000e2                __vector_3
                0x000000e2                __vector_23
                0x000000e2                __vector_25
                0x000000e2                __vector_11
                0x000000e2                __vector_13
                0x000000e2                __vector_17
                0x000000e2                __vector_19
                0x000000e2                __vector_7
                0x000000e2                __vector_27
                0x000000e2                __vector_5
                0x000000e2                __vector_33
                0x000000e2                __vector_4
                0x000000e2                __vector_9
                0x000000e2                __vector_2
                0x000000e2                __vector_21
                0x000000e2                __vector_15
                0x000000e2                __vector_29
                0x000000e2                __vector_8
                0x000000e2                __vector_26
                0x000000e2                __vector_14
                0x000000e2                __vector_10
                0x000000e2                __vector_16
                0x000000e2                __vector_20
 .text          0x000000e6        0x0 FreeRTOS/Source/croutine.o
 .text          0x000000e6        0x0 FreeRTOS/Source/event_groups.o
 .text          0x000000e6        0x0 FreeRTOS/Source/list.o
 .text          0x000000e6        0x0 FreeRTOS/Source/portable/GCC/ATMega64/port.o
 .text          0x000000e6        0x0 FreeRTOS/Source/portable/MemMang/heap_1.o
 .text          0x000000e6        0x0 FreeRTOS/Source/queue.o
 .text          0x000000e6        0x0 FreeRTOS/Source/tasks.o
 .text          0x000000e6        0x0 FreeRTOS/Source/timers.o
 .text          0x000000e6        0x0 main.o
 .text          0x000000e6        0x0 ATmega64UART.o
 .text          0x000000e6        0x0 message.o
 .text          0x000000e6        0x0 serial.o
 .text          0x000000e6        0x0 c:/program files (x86)/atmel/studio/7.0/toolchain/avr8/avr8-gnu-toolchain/bin/../lib/gcc/avr/5.4.0/avr5\libgcc.a(_udivmodsi4.o)
 .text          0x000000e6        0x0 c:/program files (x86)/atmel/studio/7.0/toolchain/avr8/avr8-gnu-toolchain/bin/../lib/gcc/avr/5.4.0/avr5\libgcc.a(_exit.o)
 .text          0x000000e6        0x0 c:/program files (x86)/atmel/studio/7.0/toolchain/avr8/avr8-gnu-toolchain/bin/../lib/gcc/avr/5.4.0/avr5\libgcc.a(_tablejump2.o)
 .text          0x000000e6        0x0 c:/program files (x86)/atmel/studio/7.0/toolchain/avr8/avr8-gnu-toolchain/bin/../lib/gcc/avr/5.4.0/avr5\libgcc.a(_copy_data.o)
 .text          0x000000e6        0x0 c:/program files (x86)/atmel/studio/7.0/toolchain/avr8/avr8-gnu-toolchain/bin/../lib/gcc/avr/5.4.0/avr5\libgcc.a(_clear_bss.o)
 .text          0x000000e6        0x0 c:/program files (x86)/atmel/studio/7.0/toolchain/avr8/avr8-gnu-toolchain/bin/../lib/gcc/avr/5.4.0/../../../../avr/lib/avr5\libc.a(memcpy.o)
                0x000000e6                . = ALIGN (0x2)
 *(.text.*)
 .text.prvInitialiseCoRoutineLists
                0x000000e6       0x5e FreeRTOS/Source/croutine.o
 .text.prvCheckPendingReadyList
                0x00000144       0x6c FreeRTOS/Source/croutine.o
 .text.prvCheckDelayedList
                0x000001b0      0x106 FreeRTOS/Source/croutine.o
 .text.xCoRoutineCreate
                0x000002b6       0xba FreeRTOS/Source/croutine.o
                0x000002b6                xCoRoutineCreate
 .text.vCoRoutineAddToDelayedList
                0x00000370       0x86 FreeRTOS/Source/croutine.o
                0x00000370                vCoRoutineAddToDelayedList
 .text.vCoRoutineSchedule
                0x000003f6       0xb0 FreeRTOS/Source/croutine.o
                0x000003f6                vCoRoutineSchedule
 .text.xCoRoutineRemoveFromEventList
                0x000004a6       0x4c FreeRTOS/Source/croutine.o
                0x000004a6                xCoRoutineRemoveFromEventList
 .text.prvTestWaitCondition
                0x000004f2       0x26 FreeRTOS/Source/event_groups.o
 .text.xEventGroupCreate
                0x00000518       0x26 FreeRTOS/Source/event_groups.o
                0x00000518                xEventGroupCreate
 .text.xEventGroupWaitBits
                0x0000053e       0xe4 FreeRTOS/Source/event_groups.o
                0x0000053e                xEventGroupWaitBits
 .text.xEventGroupClearBits
                0x00000622       0x1e FreeRTOS/Source/event_groups.o
                0x00000622                xEventGroupClearBits
 .text.xEventGroupGetBitsFromISR
                0x00000640        0x8 FreeRTOS/Source/event_groups.o
                0x00000640                xEventGroupGetBitsFromISR
 .text.xEventGroupSetBits
                0x00000648       0xc8 FreeRTOS/Source/event_groups.o
                0x00000648                xEventGroupSetBits
 .text.xEventGroupSync
                0x00000710       0xd6 FreeRTOS/Source/event_groups.o
                0x00000710                xEventGroupSync
 .text.vEventGroupDelete
                0x000007e6       0x2e FreeRTOS/Source/event_groups.o
                0x000007e6                vEventGroupDelete
 .text.vEventGroupSetBitsCallback
                0x00000814        0x8 FreeRTOS/Source/event_groups.o
                0x00000814                vEventGroupSetBitsCallback
 .text.vEventGroupClearBitsCallback
                0x0000081c        0x8 FreeRTOS/Source/event_groups.o
                0x0000081c                vEventGroupClearBitsCallback
 .text.vListInitialise
                0x00000824       0x1c FreeRTOS/Source/list.o
                0x00000824                vListInitialise
 .text.vListInitialiseItem
                0x00000840        0x8 FreeRTOS/Source/list.o
                0x00000840                vListInitialiseItem
 .text.vListInsertEnd
                0x00000848       0x42 FreeRTOS/Source/list.o
                0x00000848                vListInsertEnd
 .text.vListInsert
                0x0000088a       0x62 FreeRTOS/Source/list.o
                0x0000088a                vListInsert
 .text.uxListRemove
                0x000008ec       0x4c FreeRTOS/Source/list.o
                0x000008ec                uxListRemove
 .text.prvSetupTimerInterrupt
                0x00000938       0x14 FreeRTOS/Source/portable/GCC/ATMega64/port.o
 .text.pxPortInitialiseStack
                0x0000094c       0xd8 FreeRTOS/Source/portable/GCC/ATMega64/port.o
                0x0000094c                pxPortInitialiseStack
 .text.xPortStartScheduler
                0x00000a24       0x5e FreeRTOS/Source/portable/GCC/ATMega64/port.o
                0x00000a24                xPortStartScheduler
 .text.vPortEndScheduler
                0x00000a82        0x2 FreeRTOS/Source/portable/GCC/ATMega64/port.o
                0x00000a82                vPortEndScheduler
 .text.vPortYield
                0x00000a84       0xb2 FreeRTOS/Source/portable/GCC/ATMega64/port.o
                0x00000a84                vPortYield
 .text.vPortYieldFromTick
                0x00000b36       0xb8 FreeRTOS/Source/portable/GCC/ATMega64/port.o
                0x00000b36                vPortYieldFromTick
 .text.__vector_12
                0x00000bee        0x6 FreeRTOS/Source/portable/GCC/ATMega64/port.o
                0x00000bee                __vector_12
 .text.pvPortMalloc
                0x00000bf4       0x6a FreeRTOS/Source/portable/MemMang/heap_1.o
                0x00000bf4                pvPortMalloc
 .text.vPortFree
                0x00000c5e        0x2 FreeRTOS/Source/portable/MemMang/heap_1.o
                0x00000c5e                vPortFree
 .text.vPortInitialiseBlocks
                0x00000c60        0xa FreeRTOS/Source/portable/MemMang/heap_1.o
                0x00000c60                vPortInitialiseBlocks
 .text.xPortGetFreeHeapSize
                0x00000c6a       0x12 FreeRTOS/Source/portable/MemMang/heap_1.o
                0x00000c6a                xPortGetFreeHeapSize
 .text.prvIsQueueEmpty
                0x00000c7c       0x1a FreeRTOS/Source/queue.o
 .text.prvIsQueueFull
                0x00000c96       0x1c FreeRTOS/Source/queue.o
 .text.prvCopyDataToQueue
                0x00000cb2       0xbe FreeRTOS/Source/queue.o
 .text.prvCopyDataFromQueue
                0x00000d70       0x34 FreeRTOS/Source/queue.o
 .text.prvUnlockQueue
                0x00000da4       0x68 FreeRTOS/Source/queue.o
 .text.xQueueGenericReset
                0x00000e0c       0x8c FreeRTOS/Source/queue.o
                0x00000e0c                xQueueGenericReset
 .text.prvInitialiseNewQueue
                0x00000e98       0x26 FreeRTOS/Source/queue.o
 .text.xQueueGenericCreate
                0x00000ebe       0x54 FreeRTOS/Source/queue.o
                0x00000ebe                xQueueGenericCreate
 .text.xQueueGenericSend
                0x00000f12      0x124 FreeRTOS/Source/queue.o
                0x00000f12                xQueueGenericSend
 .text.prvInitialiseMutex
                0x00001036       0x20 FreeRTOS/Source/queue.o
 .text.xQueueCreateMutex
                0x00001056       0x1c FreeRTOS/Source/queue.o
                0x00001056                xQueueCreateMutex
 .text.xQueueGenericSendFromISR
                0x00001072       0x74 FreeRTOS/Source/queue.o
                0x00001072                xQueueGenericSendFromISR
 .text.xQueueGiveFromISR
                0x000010e6       0x52 FreeRTOS/Source/queue.o
                0x000010e6                xQueueGiveFromISR
 .text.xQueueGenericReceive
                0x00001138      0x182 FreeRTOS/Source/queue.o
                0x00001138                xQueueGenericReceive
 .text.xQueueReceiveFromISR
                0x000012ba       0x6e FreeRTOS/Source/queue.o
                0x000012ba                xQueueReceiveFromISR
 .text.xQueuePeekFromISR
                0x00001328       0x2e FreeRTOS/Source/queue.o
                0x00001328                xQueuePeekFromISR
 .text.uxQueueMessagesWaiting
                0x00001356       0x10 FreeRTOS/Source/queue.o
                0x00001356                uxQueueMessagesWaiting
 .text.uxQueueSpacesAvailable
                0x00001366       0x16 FreeRTOS/Source/queue.o
                0x00001366                uxQueueSpacesAvailable
 .text.uxQueueMessagesWaitingFromISR
                0x0000137c        0x6 FreeRTOS/Source/queue.o
                0x0000137c                uxQueueMessagesWaitingFromISR
 .text.vQueueDelete
                0x00001382        0x6 FreeRTOS/Source/queue.o
                0x00001382                vQueueDelete
 .text.xQueueIsQueueEmptyFromISR
                0x00001388       0x10 FreeRTOS/Source/queue.o
                0x00001388                xQueueIsQueueEmptyFromISR
 .text.xQueueIsQueueFullFromISR
                0x00001398       0x12 FreeRTOS/Source/queue.o
                0x00001398                xQueueIsQueueFullFromISR
 .text.xQueueCRSend
                0x000013aa       0x80 FreeRTOS/Source/queue.o
                0x000013aa                xQueueCRSend
 .text.xQueueCRReceive
                0x0000142a       0x92 FreeRTOS/Source/queue.o
                0x0000142a                xQueueCRReceive
 .text.xQueueCRSendFromISR
                0x000014bc       0x4c FreeRTOS/Source/queue.o
                0x000014bc                xQueueCRSendFromISR
 .text.xQueueCRReceiveFromISR
                0x00001508       0x82 FreeRTOS/Source/queue.o
                0x00001508                xQueueCRReceiveFromISR
 .text.prvResetNextTaskUnblockTime
                0x0000158a       0x3e FreeRTOS/Source/tasks.o
 .text.prvInitialiseNewTask
                0x000015c8       0xd8 FreeRTOS/Source/tasks.o
 .text.prvInitialiseTaskLists
                0x000016a0       0x5e FreeRTOS/Source/tasks.o
 .text.prvAddNewTaskToReadyList
                0x000016fe       0xb8 FreeRTOS/Source/tasks.o
 .text.prvAddCurrentTaskToDelayedList
                0x000017b6       0x88 FreeRTOS/Source/tasks.o
 .text.prvIdleTask
                0x0000183e       0x12 FreeRTOS/Source/tasks.o
 .text.xTaskCreate
                0x00001850       0xa8 FreeRTOS/Source/tasks.o
                0x00001850                xTaskCreate
 .text.vTaskStartScheduler
                0x000018f8       0x54 FreeRTOS/Source/tasks.o
                0x000018f8                vTaskStartScheduler
 .text.vTaskEndScheduler
                0x0000194c        0xc FreeRTOS/Source/tasks.o
                0x0000194c                vTaskEndScheduler
 .text.vTaskSuspendAll
                0x00001958        0xc FreeRTOS/Source/tasks.o
                0x00001958                vTaskSuspendAll
 .text.xTaskGetTickCount
                0x00001964       0x14 FreeRTOS/Source/tasks.o
                0x00001964                xTaskGetTickCount
 .text.xTaskGetTickCountFromISR
                0x00001978        0xa FreeRTOS/Source/tasks.o
                0x00001978                xTaskGetTickCountFromISR
 .text.uxTaskGetNumberOfTasks
                0x00001982        0x6 FreeRTOS/Source/tasks.o
                0x00001982                uxTaskGetNumberOfTasks
 .text.pcTaskGetName
                0x00001988       0x10 FreeRTOS/Source/tasks.o
                0x00001988                pcTaskGetName
 .text.xTaskIncrementTick
                0x00001998      0x174 FreeRTOS/Source/tasks.o
                0x00001998                xTaskIncrementTick
 .text.xTaskResumeAll
                0x00001b0c       0xe4 FreeRTOS/Source/tasks.o
                0x00001b0c                xTaskResumeAll
 .text.vTaskDelayUntil
                0x00001bf0       0x82 FreeRTOS/Source/tasks.o
                0x00001bf0                vTaskDelayUntil
 .text.vTaskDelay
                0x00001c72       0x2c FreeRTOS/Source/tasks.o
                0x00001c72                vTaskDelay
 .text.vTaskSwitchContext
                0x00001c9e       0xa8 FreeRTOS/Source/tasks.o
                0x00001c9e                vTaskSwitchContext
 .text.vTaskPlaceOnEventList
                0x00001d46       0x24 FreeRTOS/Source/tasks.o
                0x00001d46                vTaskPlaceOnEventList
 .text.vTaskPlaceOnUnorderedEventList
                0x00001d6a       0x32 FreeRTOS/Source/tasks.o
                0x00001d6a                vTaskPlaceOnUnorderedEventList
 .text.xTaskRemoveFromEventList
                0x00001d9c       0x90 FreeRTOS/Source/tasks.o
                0x00001d9c                xTaskRemoveFromEventList
 .text.xTaskRemoveFromUnorderedEventList
                0x00001e2c       0x74 FreeRTOS/Source/tasks.o
                0x00001e2c                xTaskRemoveFromUnorderedEventList
 .text.vTaskSetTimeOutState
                0x00001ea0       0x16 FreeRTOS/Source/tasks.o
                0x00001ea0                vTaskSetTimeOutState
 .text.xTaskCheckForTimeOut
                0x00001eb6       0x64 FreeRTOS/Source/tasks.o
                0x00001eb6                xTaskCheckForTimeOut
 .text.vTaskMissedYield
                0x00001f1a        0x8 FreeRTOS/Source/tasks.o
                0x00001f1a                vTaskMissedYield
 .text.xTaskGetCurrentTaskHandle
                0x00001f22        0xa FreeRTOS/Source/tasks.o
                0x00001f22                xTaskGetCurrentTaskHandle
 .text.vTaskPriorityInherit
                0x00001f2c       0xc4 FreeRTOS/Source/tasks.o
                0x00001f2c                vTaskPriorityInherit
 .text.xTaskPriorityDisinherit
                0x00001ff0       0x80 FreeRTOS/Source/tasks.o
                0x00001ff0                xTaskPriorityDisinherit
 .text.uxTaskResetEventItemValue
                0x00002070       0x2e FreeRTOS/Source/tasks.o
                0x00002070                uxTaskResetEventItemValue
 .text.pvTaskIncrementMutexHeldCount
                0x0000209e       0x24 FreeRTOS/Source/tasks.o
                0x0000209e                pvTaskIncrementMutexHeldCount
 .text.ulTaskNotifyTake
                0x000020c2       0xae FreeRTOS/Source/tasks.o
                0x000020c2                ulTaskNotifyTake
 .text.xTaskNotifyWait
                0x00002170      0x108 FreeRTOS/Source/tasks.o
                0x00002170                xTaskNotifyWait
 .text.xTaskGenericNotify
                0x00002278      0x10a FreeRTOS/Source/tasks.o
                0x00002278                xTaskGenericNotify
 .text.xTaskGenericNotifyFromISR
                0x00002382      0x130 FreeRTOS/Source/tasks.o
                0x00002382                xTaskGenericNotifyFromISR
 .text.vTaskNotifyGiveFromISR
                0x000024b2       0xb6 FreeRTOS/Source/tasks.o
                0x000024b2                vTaskNotifyGiveFromISR
 .text.xTaskNotifyStateClear
                0x00002568       0x28 FreeRTOS/Source/tasks.o
                0x00002568                xTaskNotifyStateClear
 .text.vBluetoothTransmitServiceUART1
                0x00002590       0x20 main.o
 .text.vRoombaTransmitServiceUART0
                0x000025b0       0x1c main.o
 .text.error    0x000025cc       0x2c main.o
 .text.getByteFromRoomba
                0x000025f8       0x36 main.o
 .text.getByteFromBT
                0x0000262e       0x36 main.o
 .text.sendByteToRoomba
                0x00002664       0x36 main.o
 .text.vBluetoothReceiveServiceUART1
                0x0000269a       0xec main.o
 .text.main     0x00002786       0xe8 main.o
                0x00002786                main
 .text.vApplicationIdleHook
                0x0000286e        0x2 main.o
                0x0000286e                vApplicationIdleHook
 .text.__vector_18
                0x00002870       0x5a main.o
                0x00002870                __vector_18
 .text.__vector_30
                0x000028ca       0x5a main.o
                0x000028ca                __vector_30
 .text.USART_Init
                0x00002924       0x1c ATmega64UART.o
                0x00002924                USART_Init
 .text.USART_SendByte
                0x00002940        0x4 ATmega64UART.o
                0x00002940                USART_SendByte
 .text.USART0_SendChar
                0x00002944        0x4 ATmega64UART.o
                0x00002944                USART0_SendChar
 .text.USART0_SendString
                0x00002948       0x1c ATmega64UART.o
                0x00002948                USART0_SendString
 .text.USART_ReceiveByte
                0x00002964        0x8 ATmega64UART.o
                0x00002964                USART_ReceiveByte
 .text.makeMessage
                0x0000296c        0xc message.o
                0x0000296c                makeMessage
 .text.getMessage
                0x00002978       0x72 message.o
                0x00002978                getMessage
 .text.xSerialPortInitMinimal
                0x000029ea       0xa4 serial.o
                0x000029ea                xSerialPortInitMinimal
 .text.xSerialGetChar
                0x00002a8e       0x14 serial.o
                0x00002a8e                xSerialGetChar
 .text.xSerialPutChar
                0x00002aa2       0x36 serial.o
                0x00002aa2                xSerialPutChar
 .text.vSerialClose
                0x00002ad8       0x18 serial.o
                0x00002ad8                vSerialClose
 .text.SIG_UART_RECV
                0x00002af0       0x7e serial.o
                0x00002af0                SIG_UART_RECV
 .text.SIG_UART_DATA
                0x00002b6e       0x7e serial.o
                0x00002b6e                SIG_UART_DATA
 .text.libgcc.mul
                0x00002bec        0x0 c:/program files (x86)/atmel/studio/7.0/toolchain/avr8/avr8-gnu-toolchain/bin/../lib/gcc/avr/5.4.0/avr5\libgcc.a(_udivmodsi4.o)
 .text.libgcc.div
                0x00002bec       0x44 c:/program files (x86)/atmel/studio/7.0/toolchain/avr8/avr8-gnu-toolchain/bin/../lib/gcc/avr/5.4.0/avr5\libgcc.a(_udivmodsi4.o)
                0x00002bec                __udivmodsi4
 .text.libgcc   0x00002c30        0x0 c:/program files (x86)/atmel/studio/7.0/toolchain/avr8/avr8-gnu-toolchain/bin/../lib/gcc/avr/5.4.0/avr5\libgcc.a(_udivmodsi4.o)
 .text.libgcc.prologue
                0x00002c30        0x0 c:/program files (x86)/atmel/studio/7.0/toolchain/avr8/avr8-gnu-toolchain/bin/../lib/gcc/avr/5.4.0/avr5\libgcc.a(_udivmodsi4.o)
 .text.libgcc.builtins
                0x00002c30        0x0 c:/program files (x86)/atmel/studio/7.0/toolchain/avr8/avr8-gnu-toolchain/bin/../lib/gcc/avr/5.4.0/avr5\libgcc.a(_udivmodsi4.o)
 .text.libgcc.fmul
                0x00002c30        0x0 c:/program files (x86)/atmel/studio/7.0/toolchain/avr8/avr8-gnu-toolchain/bin/../lib/gcc/avr/5.4.0/avr5\libgcc.a(_udivmodsi4.o)
 .text.libgcc.fixed
                0x00002c30        0x0 c:/program files (x86)/atmel/studio/7.0/toolchain/avr8/avr8-gnu-toolchain/bin/../lib/gcc/avr/5.4.0/avr5\libgcc.a(_udivmodsi4.o)
 .text.libgcc.mul
                0x00002c30        0x0 c:/program files (x86)/atmel/studio/7.0/toolchain/avr8/avr8-gnu-toolchain/bin/../lib/gcc/avr/5.4.0/avr5\libgcc.a(_exit.o)
 .text.libgcc.div
                0x00002c30        0x0 c:/program files (x86)/atmel/studio/7.0/toolchain/avr8/avr8-gnu-toolchain/bin/../lib/gcc/avr/5.4.0/avr5\libgcc.a(_exit.o)
 .text.libgcc   0x00002c30        0x0 c:/program files (x86)/atmel/studio/7.0/toolchain/avr8/avr8-gnu-toolchain/bin/../lib/gcc/avr/5.4.0/avr5\libgcc.a(_exit.o)
 .text.libgcc.prologue
                0x00002c30        0x0 c:/program files (x86)/atmel/studio/7.0/toolchain/avr8/avr8-gnu-toolchain/bin/../lib/gcc/avr/5.4.0/avr5\libgcc.a(_exit.o)
 .text.libgcc.builtins
                0x00002c30        0x0 c:/program files (x86)/atmel/studio/7.0/toolchain/avr8/avr8-gnu-toolchain/bin/../lib/gcc/avr/5.4.0/avr5\libgcc.a(_exit.o)
 .text.libgcc.fmul
                0x00002c30        0x0 c:/program files (x86)/atmel/studio/7.0/toolchain/avr8/avr8-gnu-toolchain/bin/../lib/gcc/avr/5.4.0/avr5\libgcc.a(_exit.o)
 .text.libgcc.fixed
                0x00002c30        0x0 c:/program files (x86)/atmel/studio/7.0/toolchain/avr8/avr8-gnu-toolchain/bin/../lib/gcc/avr/5.4.0/avr5\libgcc.a(_exit.o)
 .text.libgcc.mul
                0x00002c30        0x0 c:/program files (x86)/atmel/studio/7.0/toolchain/avr8/avr8-gnu-toolchain/bin/../lib/gcc/avr/5.4.0/avr5\libgcc.a(_tablejump2.o)
 .text.libgcc.div
                0x00002c30        0x0 c:/program files (x86)/atmel/studio/7.0/toolchain/avr8/avr8-gnu-toolchain/bin/../lib/gcc/avr/5.4.0/avr5\libgcc.a(_tablejump2.o)
 .text.libgcc   0x00002c30        0xc c:/program files (x86)/atmel/studio/7.0/toolchain/avr8/avr8-gnu-toolchain/bin/../lib/gcc/avr/5.4.0/avr5\libgcc.a(_tablejump2.o)
                0x00002c30                __tablejump2__
 .text.libgcc.prologue
                0x00002c3c        0x0 c:/program files (x86)/atmel/studio/7.0/toolchain/avr8/avr8-gnu-toolchain/bin/../lib/gcc/avr/5.4.0/avr5\libgcc.a(_tablejump2.o)
 .text.libgcc.builtins
                0x00002c3c        0x0 c:/program files (x86)/atmel/studio/7.0/toolchain/avr8/avr8-gnu-toolchain/bin/../lib/gcc/avr/5.4.0/avr5\libgcc.a(_tablejump2.o)
 .text.libgcc.fmul
                0x00002c3c        0x0 c:/program files (x86)/atmel/studio/7.0/toolchain/avr8/avr8-gnu-toolchain/bin/../lib/gcc/avr/5.4.0/avr5\libgcc.a(_tablejump2.o)
 .text.libgcc.fixed
                0x00002c3c        0x0 c:/program files (x86)/atmel/studio/7.0/toolchain/avr8/avr8-gnu-toolchain/bin/../lib/gcc/avr/5.4.0/avr5\libgcc.a(_tablejump2.o)
 .text.libgcc.mul
                0x00002c3c        0x0 c:/program files (x86)/atmel/studio/7.0/toolchain/avr8/avr8-gnu-toolchain/bin/../lib/gcc/avr/5.4.0/avr5\libgcc.a(_copy_data.o)
 .text.libgcc.div
                0x00002c3c        0x0 c:/program files (x86)/atmel/studio/7.0/toolchain/avr8/avr8-gnu-toolchain/bin/../lib/gcc/avr/5.4.0/avr5\libgcc.a(_copy_data.o)
 .text.libgcc   0x00002c3c        0x0 c:/program files (x86)/atmel/studio/7.0/toolchain/avr8/avr8-gnu-toolchain/bin/../lib/gcc/avr/5.4.0/avr5\libgcc.a(_copy_data.o)
 .text.libgcc.prologue
                0x00002c3c        0x0 c:/program files (x86)/atmel/studio/7.0/toolchain/avr8/avr8-gnu-toolchain/bin/../lib/gcc/avr/5.4.0/avr5\libgcc.a(_copy_data.o)
 .text.libgcc.builtins
                0x00002c3c        0x0 c:/program files (x86)/atmel/studio/7.0/toolchain/avr8/avr8-gnu-toolchain/bin/../lib/gcc/avr/5.4.0/avr5\libgcc.a(_copy_data.o)
 .text.libgcc.fmul
                0x00002c3c        0x0 c:/program files (x86)/atmel/studio/7.0/toolchain/avr8/avr8-gnu-toolchain/bin/../lib/gcc/avr/5.4.0/avr5\libgcc.a(_copy_data.o)
 .text.libgcc.fixed
                0x00002c3c        0x0 c:/program files (x86)/atmel/studio/7.0/toolchain/avr8/avr8-gnu-toolchain/bin/../lib/gcc/avr/5.4.0/avr5\libgcc.a(_copy_data.o)
 .text.libgcc.mul
                0x00002c3c        0x0 c:/program files (x86)/atmel/studio/7.0/toolchain/avr8/avr8-gnu-toolchain/bin/../lib/gcc/avr/5.4.0/avr5\libgcc.a(_clear_bss.o)
 .text.libgcc.div
                0x00002c3c        0x0 c:/program files (x86)/atmel/studio/7.0/toolchain/avr8/avr8-gnu-toolchain/bin/../lib/gcc/avr/5.4.0/avr5\libgcc.a(_clear_bss.o)
 .text.libgcc   0x00002c3c        0x0 c:/program files (x86)/atmel/studio/7.0/toolchain/avr8/avr8-gnu-toolchain/bin/../lib/gcc/avr/5.4.0/avr5\libgcc.a(_clear_bss.o)
 .text.libgcc.prologue
                0x00002c3c        0x0 c:/program files (x86)/atmel/studio/7.0/toolchain/avr8/avr8-gnu-toolchain/bin/../lib/gcc/avr/5.4.0/avr5\libgcc.a(_clear_bss.o)
 .text.libgcc.builtins
                0x00002c3c        0x0 c:/program files (x86)/atmel/studio/7.0/toolchain/avr8/avr8-gnu-toolchain/bin/../lib/gcc/avr/5.4.0/avr5\libgcc.a(_clear_bss.o)
 .text.libgcc.fmul
                0x00002c3c        0x0 c:/program files (x86)/atmel/studio/7.0/toolchain/avr8/avr8-gnu-toolchain/bin/../lib/gcc/avr/5.4.0/avr5\libgcc.a(_clear_bss.o)
 .text.libgcc.fixed
                0x00002c3c        0x0 c:/program files (x86)/atmel/studio/7.0/toolchain/avr8/avr8-gnu-toolchain/bin/../lib/gcc/avr/5.4.0/avr5\libgcc.a(_clear_bss.o)
 .text.avr-libc
                0x00002c3c       0x12 c:/program files (x86)/atmel/studio/7.0/toolchain/avr8/avr8-gnu-toolchain/bin/../lib/gcc/avr/5.4.0/../../../../avr/lib/avr5\libc.a(memcpy.o)
                0x00002c3c                memcpy
                0x00002c4e                . = ALIGN (0x2)
 *(.fini9)
 .fini9         0x00002c4e        0x0 c:/program files (x86)/atmel/studio/7.0/toolchain/avr8/avr8-gnu-toolchain/bin/../lib/gcc/avr/5.4.0/avr5\libgcc.a(_exit.o)
                0x00002c4e                _exit
                0x00002c4e                exit
 *(.fini9)
 *(.fini8)
 *(.fini8)
 *(.fini7)
 *(.fini7)
 *(.fini6)
 *(.fini6)
 *(.fini5)
 *(.fini5)
 *(.fini4)
 *(.fini4)
 *(.fini3)
 *(.fini3)
 *(.fini2)
 *(.fini2)
 *(.fini1)
 *(.fini1)
 *(.fini0)
 .fini0         0x00002c4e        0x4 c:/program files (x86)/atmel/studio/7.0/toolchain/avr8/avr8-gnu-toolchain/bin/../lib/gcc/avr/5.4.0/avr5\libgcc.a(_exit.o)
 *(.fini0)
                0x00002c52                _etext = .

.data           0x00800100       0x1e load address 0x00002c52
                0x00800100                PROVIDE (__data_start, .)
 *(.data)
 .data          0x00800100        0x0 C:/Program Files (x86)/Atmel/Studio/7.0/Packs/atmel/ATmega_DFP/1.2.132/gcc/dev/atmega64/avr5/crtatmega64.o
 .data          0x00800100        0x0 FreeRTOS/Source/croutine.o
 .data          0x00800100        0x0 FreeRTOS/Source/event_groups.o
 .data          0x00800100        0x0 FreeRTOS/Source/list.o
 .data          0x00800100        0x0 FreeRTOS/Source/portable/GCC/ATMega64/port.o
 .data          0x00800100        0x0 FreeRTOS/Source/portable/MemMang/heap_1.o
 .data          0x00800100        0x0 FreeRTOS/Source/queue.o
 .data          0x00800100        0x0 FreeRTOS/Source/tasks.o
 .data          0x00800100        0x0 FreeRTOS/Source/timers.o
 .data          0x00800100        0x0 main.o
 .data          0x00800100        0x0 ATmega64UART.o
 .data          0x00800100        0x0 message.o
 .data          0x00800100        0x0 serial.o
 .data          0x00800100        0x0 c:/program files (x86)/atmel/studio/7.0/toolchain/avr8/avr8-gnu-toolchain/bin/../lib/gcc/avr/5.4.0/avr5\libgcc.a(_udivmodsi4.o)
 .data          0x00800100        0x0 c:/program files (x86)/atmel/studio/7.0/toolchain/avr8/avr8-gnu-toolchain/bin/../lib/gcc/avr/5.4.0/avr5\libgcc.a(_exit.o)
 .data          0x00800100        0x0 c:/program files (x86)/atmel/studio/7.0/toolchain/avr8/avr8-gnu-toolchain/bin/../lib/gcc/avr/5.4.0/avr5\libgcc.a(_tablejump2.o)
 .data          0x00800100        0x0 c:/program files (x86)/atmel/studio/7.0/toolchain/avr8/avr8-gnu-toolchain/bin/../lib/gcc/avr/5.4.0/avr5\libgcc.a(_copy_data.o)
 .data          0x00800100        0x0 c:/program files (x86)/atmel/studio/7.0/toolchain/avr8/avr8-gnu-toolchain/bin/../lib/gcc/avr/5.4.0/avr5\libgcc.a(_clear_bss.o)
 .data          0x00800100        0x0 c:/program files (x86)/atmel/studio/7.0/toolchain/avr8/avr8-gnu-toolchain/bin/../lib/gcc/avr/5.4.0/../../../../avr/lib/avr5\libc.a(memcpy.o)
 *(.data*)
 *(.rodata)
 *(.rodata*)
 .rodata.str1.1
                0x00800100        0x5 FreeRTOS/Source/tasks.o
 .rodata.str1.1
                0x00800105       0x18 main.o
 *(.gnu.linkonce.d*)
                0x0080011e                . = ALIGN (0x2)
 *fill*         0x0080011d        0x1 
                0x0080011e                _edata = .
                0x0080011e                PROVIDE (__data_end, .)

.bss            0x0080011e      0xcba
                0x0080011e                PROVIDE (__bss_start, .)
 *(.bss)
 .bss           0x0080011e        0x0 C:/Program Files (x86)/Atmel/Studio/7.0/Packs/atmel/ATmega_DFP/1.2.132/gcc/dev/atmega64/avr5/crtatmega64.o
 .bss           0x0080011e        0x0 FreeRTOS/Source/croutine.o
 .bss           0x0080011e        0x0 FreeRTOS/Source/event_groups.o
 .bss           0x0080011e        0x0 FreeRTOS/Source/list.o
 .bss           0x0080011e        0x0 FreeRTOS/Source/portable/GCC/ATMega64/port.o
 .bss           0x0080011e        0x0 FreeRTOS/Source/portable/MemMang/heap_1.o
 .bss           0x0080011e        0x0 FreeRTOS/Source/queue.o
 .bss           0x0080011e        0x0 FreeRTOS/Source/tasks.o
 .bss           0x0080011e        0x0 FreeRTOS/Source/timers.o
 .bss           0x0080011e        0x0 main.o
 .bss           0x0080011e        0x0 ATmega64UART.o
 .bss           0x0080011e        0x0 message.o
 .bss           0x0080011e        0x0 serial.o
 .bss           0x0080011e        0x0 c:/program files (x86)/atmel/studio/7.0/toolchain/avr8/avr8-gnu-toolchain/bin/../lib/gcc/avr/5.4.0/avr5\libgcc.a(_udivmodsi4.o)
 .bss           0x0080011e        0x0 c:/program files (x86)/atmel/studio/7.0/toolchain/avr8/avr8-gnu-toolchain/bin/../lib/gcc/avr/5.4.0/avr5\libgcc.a(_exit.o)
 .bss           0x0080011e        0x0 c:/program files (x86)/atmel/studio/7.0/toolchain/avr8/avr8-gnu-toolchain/bin/../lib/gcc/avr/5.4.0/avr5\libgcc.a(_tablejump2.o)
 .bss           0x0080011e        0x0 c:/program files (x86)/atmel/studio/7.0/toolchain/avr8/avr8-gnu-toolchain/bin/../lib/gcc/avr/5.4.0/avr5\libgcc.a(_copy_data.o)
 .bss           0x0080011e        0x0 c:/program files (x86)/atmel/studio/7.0/toolchain/avr8/avr8-gnu-toolchain/bin/../lib/gcc/avr/5.4.0/avr5\libgcc.a(_clear_bss.o)
 .bss           0x0080011e        0x0 c:/program files (x86)/atmel/studio/7.0/toolchain/avr8/avr8-gnu-toolchain/bin/../lib/gcc/avr/5.4.0/../../../../avr/lib/avr5\libc.a(memcpy.o)
 *(.bss*)
 .bss.xPassedTicks
                0x0080011e        0x2 FreeRTOS/Source/croutine.o
 .bss.xLastTickCount
                0x00800120        0x2 FreeRTOS/Source/croutine.o
 .bss.xCoRoutineTickCount
                0x00800122        0x2 FreeRTOS/Source/croutine.o
 .bss.uxTopCoRoutineReadyPriority
                0x00800124        0x1 FreeRTOS/Source/croutine.o
 .bss.pxCurrentCoRoutine
                0x00800125        0x2 FreeRTOS/Source/croutine.o
                0x00800125                pxCurrentCoRoutine
 .bss.xPendingReadyCoRoutineList
                0x00800127        0x9 FreeRTOS/Source/croutine.o
 .bss.pxOverflowDelayedCoRoutineList
                0x00800130        0x2 FreeRTOS/Source/croutine.o
 .bss.pxDelayedCoRoutineList
                0x00800132        0x2 FreeRTOS/Source/croutine.o
 .bss.xDelayedCoRoutineList2
                0x00800134        0x9 FreeRTOS/Source/croutine.o
 .bss.xDelayedCoRoutineList1
                0x0080013d        0x9 FreeRTOS/Source/croutine.o
 .bss.pxReadyCoRoutineLists
                0x00800146       0x12 FreeRTOS/Source/croutine.o
 .bss.pucAlignedHeap.2069
                0x00800158        0x2 FreeRTOS/Source/portable/MemMang/heap_1.o
 .bss.xNextFreeByte
                0x0080015a        0x2 FreeRTOS/Source/portable/MemMang/heap_1.o
 .bss.ucHeap    0x0080015c      0xc00 FreeRTOS/Source/portable/MemMang/heap_1.o
 .bss.uxSchedulerSuspended
                0x00800d5c        0x1 FreeRTOS/Source/tasks.o
 .bss.xIdleTaskHandle
                0x00800d5d        0x2 FreeRTOS/Source/tasks.o
 .bss.xNextTaskUnblockTime
                0x00800d5f        0x2 FreeRTOS/Source/tasks.o
 .bss.uxTaskNumber
                0x00800d61        0x1 FreeRTOS/Source/tasks.o
 .bss.xNumOfOverflows
                0x00800d62        0x1 FreeRTOS/Source/tasks.o
 .bss.xYieldPending
                0x00800d63        0x1 FreeRTOS/Source/tasks.o
 .bss.uxPendedTicks
                0x00800d64        0x1 FreeRTOS/Source/tasks.o
 .bss.xSchedulerRunning
                0x00800d65        0x1 FreeRTOS/Source/tasks.o
 .bss.uxTopReadyPriority
                0x00800d66        0x1 FreeRTOS/Source/tasks.o
 .bss.xTickCount
                0x00800d67        0x2 FreeRTOS/Source/tasks.o
 .bss.uxCurrentNumberOfTasks
                0x00800d69        0x1 FreeRTOS/Source/tasks.o
 .bss.xPendingReadyList
                0x00800d6a        0x9 FreeRTOS/Source/tasks.o
 .bss.pxOverflowDelayedTaskList
                0x00800d73        0x2 FreeRTOS/Source/tasks.o
 .bss.pxDelayedTaskList
                0x00800d75        0x2 FreeRTOS/Source/tasks.o
 .bss.xDelayedTaskList2
                0x00800d77        0x9 FreeRTOS/Source/tasks.o
 .bss.xDelayedTaskList1
                0x00800d80        0x9 FreeRTOS/Source/tasks.o
 .bss.pxReadyTasksLists
                0x00800d89       0x24 FreeRTOS/Source/tasks.o
 .bss.pxCurrentTCB
                0x00800dad        0x2 FreeRTOS/Source/tasks.o
                0x00800dad                pxCurrentTCB
 .bss.xCharsForTx
                0x00800daf        0x2 serial.o
 .bss.xRxedChars
                0x00800db1        0x2 serial.o
 *(COMMON)
 COMMON         0x00800db3       0x25 main.o
                0x00800db3                bufferRoombaSendUART0
                0x00800db5                bufferBluetoothSendUART1
                0x00800db7                globalError
                0x00800db9                bufferBluetoothReceiveUART1
                0x00800dbb                sensorData
                0x00800dd6                bufferRoombaReceiveUART0
                0x00800dd8                PROVIDE (__bss_end, .)
                0x00002c52                __data_load_start = LOADADDR (.data)
                0x00002c70                __data_load_end = (__data_load_start + SIZEOF (.data))

.noinit         0x00800dd8        0x0
                [!provide]                PROVIDE (__noinit_start, .)
 *(.noinit*)
                [!provide]                PROVIDE (__noinit_end, .)
                0x00800dd8                _end = .
                [!provide]                PROVIDE (__heap_start, .)

.eeprom         0x00810000        0x0
 *(.eeprom*)
                0x00810000                __eeprom_end = .

.fuse
 *(.fuse)
 *(.lfuse)
 *(.hfuse)
 *(.efuse)

.lock
 *(.lock*)

.signature
 *(.signature*)

.user_signatures
 *(.user_signatures*)

.stab
 *(.stab)

.stabstr
 *(.stabstr)

.stab.excl
 *(.stab.excl)

.stab.exclstr
 *(.stab.exclstr)

.stab.index
 *(.stab.index)

.stab.indexstr
 *(.stab.indexstr)

.comment        0x00000000       0x30
 *(.comment)
 .comment       0x00000000       0x30 FreeRTOS/Source/croutine.o
                                 0x31 (size before relaxing)
 .comment       0x00000030       0x31 FreeRTOS/Source/event_groups.o
 .comment       0x00000030       0x31 FreeRTOS/Source/list.o
 .comment       0x00000030       0x31 FreeRTOS/Source/portable/GCC/ATMega64/port.o
 .comment       0x00000030       0x31 FreeRTOS/Source/portable/MemMang/heap_1.o
 .comment       0x00000030       0x31 FreeRTOS/Source/queue.o
 .comment       0x00000030       0x31 FreeRTOS/Source/tasks.o
 .comment       0x00000030       0x31 FreeRTOS/Source/timers.o
 .comment       0x00000030       0x31 main.o
 .comment       0x00000030       0x31 ATmega64UART.o
 .comment       0x00000030       0x31 message.o
 .comment       0x00000030       0x31 serial.o

.note.gnu.avr.deviceinfo
                0x00000000       0x3c
 .note.gnu.avr.deviceinfo
                0x00000000       0x3c C:/Program Files (x86)/Atmel/Studio/7.0/Packs/atmel/ATmega_DFP/1.2.132/gcc/dev/atmega64/avr5/crtatmega64.o

.note.gnu.build-id
 *(.note.gnu.build-id)

.debug
 *(.debug)

.line
 *(.line)

.debug_srcinfo
 *(.debug_srcinfo)

.debug_sfnames
 *(.debug_sfnames)

.debug_aranges  0x00000000      0x4e0
 *(.debug_aranges)
 .debug_aranges
                0x00000000       0x50 FreeRTOS/Source/croutine.o
 .debug_aranges
                0x00000050       0x68 FreeRTOS/Source/event_groups.o
 .debug_aranges
                0x000000b8       0x40 FreeRTOS/Source/list.o
 .debug_aranges
                0x000000f8       0x50 FreeRTOS/Source/portable/GCC/ATMega64/port.o
 .debug_aranges
                0x00000148       0x38 FreeRTOS/Source/portable/MemMang/heap_1.o
 .debug_aranges
                0x00000180       0xe8 FreeRTOS/Source/queue.o
 .debug_aranges
                0x00000268      0x140 FreeRTOS/Source/tasks.o
 .debug_aranges
                0x000003a8       0x18 FreeRTOS/Source/timers.o
 .debug_aranges
                0x000003c0       0x70 main.o
 .debug_aranges
                0x00000430       0x40 ATmega64UART.o
 .debug_aranges
                0x00000470       0x28 message.o
 .debug_aranges
                0x00000498       0x48 serial.o

.debug_pubnames
 *(.debug_pubnames)

.debug_info     0x00000000     0x583d
 *(.debug_info .gnu.linkonce.wi.*)
 .debug_info    0x00000000      0x780 C:/Program Files (x86)/Atmel/Studio/7.0/Packs/atmel/ATmega_DFP/1.2.132/gcc/dev/atmega64/avr5/crtatmega64.o
 .debug_info    0x00000780      0x725 FreeRTOS/Source/croutine.o
 .debug_info    0x00000ea5      0x8c1 FreeRTOS/Source/event_groups.o
 .debug_info    0x00001766      0x2cd FreeRTOS/Source/list.o
 .debug_info    0x00001a33      0x24e FreeRTOS/Source/portable/GCC/ATMega64/port.o
 .debug_info    0x00001c81      0x1a4 FreeRTOS/Source/portable/MemMang/heap_1.o
 .debug_info    0x00001e25     0x146f FreeRTOS/Source/queue.o
 .debug_info    0x00003294     0x1788 FreeRTOS/Source/tasks.o
 .debug_info    0x00004a1c       0x64 FreeRTOS/Source/timers.o
 .debug_info    0x00004a80      0x725 main.o
 .debug_info    0x000051a5      0x13c ATmega64UART.o
 .debug_info    0x000052e1      0x16a message.o
 .debug_info    0x0000544b      0x3f2 serial.o

.debug_abbrev   0x00000000     0x1811
 *(.debug_abbrev)
 .debug_abbrev  0x00000000      0x718 C:/Program Files (x86)/Atmel/Studio/7.0/Packs/atmel/ATmega_DFP/1.2.132/gcc/dev/atmega64/avr5/crtatmega64.o
 .debug_abbrev  0x00000718      0x1fe FreeRTOS/Source/croutine.o
 .debug_abbrev  0x00000916      0x1d5 FreeRTOS/Source/event_groups.o
 .debug_abbrev  0x00000aeb       0xf8 FreeRTOS/Source/list.o
 .debug_abbrev  0x00000be3      0x143 FreeRTOS/Source/portable/GCC/ATMega64/port.o
 .debug_abbrev  0x00000d26      0x11c FreeRTOS/Source/portable/MemMang/heap_1.o
 .debug_abbrev  0x00000e42      0x211 FreeRTOS/Source/queue.o
 .debug_abbrev  0x00001053      0x2b6 FreeRTOS/Source/tasks.o
 .debug_abbrev  0x00001309       0x26 FreeRTOS/Source/timers.o
 .debug_abbrev  0x0000132f      0x1d5 main.o
 .debug_abbrev  0x00001504       0xd1 ATmega64UART.o
 .debug_abbrev  0x000015d5       0xe4 message.o
 .debug_abbrev  0x000016b9      0x158 serial.o

.debug_line     0x00000000     0x320c
 *(.debug_line .debug_line.* .debug_line_end)
 .debug_line    0x00000000      0x169 C:/Program Files (x86)/Atmel/Studio/7.0/Packs/atmel/ATmega_DFP/1.2.132/gcc/dev/atmega64/avr5/crtatmega64.o
 .debug_line    0x00000169      0x3f7 FreeRTOS/Source/croutine.o
 .debug_line    0x00000560      0x44e FreeRTOS/Source/event_groups.o
 .debug_line    0x000009ae      0x21d FreeRTOS/Source/list.o
 .debug_line    0x00000bcb      0x2dc FreeRTOS/Source/portable/GCC/ATMega64/port.o
 .debug_line    0x00000ea7      0x1d9 FreeRTOS/Source/portable/MemMang/heap_1.o
 .debug_line    0x00001080      0xaf5 FreeRTOS/Source/queue.o
 .debug_line    0x00001b75      0xe1b FreeRTOS/Source/tasks.o
 .debug_line    0x00002990       0x1a FreeRTOS/Source/timers.o
 .debug_line    0x000029aa      0x3ab main.o
 .debug_line    0x00002d55      0x15f ATmega64UART.o
 .debug_line    0x00002eb4      0x129 message.o
 .debug_line    0x00002fdd      0x22f serial.o

.debug_frame    0x00000000      0xf6c
 *(.debug_frame)
 .debug_frame   0x00000000      0x100 FreeRTOS/Source/croutine.o
 .debug_frame   0x00000100      0x15c FreeRTOS/Source/event_groups.o
 .debug_frame   0x0000025c       0x88 FreeRTOS/Source/list.o
 .debug_frame   0x000002e4       0x84 FreeRTOS/Source/portable/GCC/ATMega64/port.o
 .debug_frame   0x00000368       0x60 FreeRTOS/Source/portable/MemMang/heap_1.o
 .debug_frame   0x000003c8      0x340 FreeRTOS/Source/queue.o
 .debug_frame   0x00000708      0x4bc FreeRTOS/Source/tasks.o
 .debug_frame   0x00000bc4      0x1b4 main.o
 .debug_frame   0x00000d78       0x64 ATmega64UART.o
 .debug_frame   0x00000ddc       0x40 message.o
 .debug_frame   0x00000e1c      0x150 serial.o

.debug_str      0x00000000     0x1ae7
 *(.debug_str)
 .debug_str     0x00000000      0x27e C:/Program Files (x86)/Atmel/Studio/7.0/Packs/atmel/ATmega_DFP/1.2.132/gcc/dev/atmega64/avr5/crtatmega64.o
 .debug_str     0x0000027e      0x4ea FreeRTOS/Source/croutine.o
                                0x559 (size before relaxing)
 .debug_str     0x00000768      0x33a FreeRTOS/Source/event_groups.o
                                0x5a9 (size before relaxing)
 .debug_str     0x00000aa2       0x5b FreeRTOS/Source/list.o
                                0x2ce (size before relaxing)
 .debug_str     0x00000afd      0x13a FreeRTOS/Source/portable/GCC/ATMega64/port.o
                                0x2de (size before relaxing)
 .debug_str     0x00000c37       0x98 FreeRTOS/Source/portable/MemMang/heap_1.o
                                0x250 (size before relaxing)
 .debug_str     0x00000ccf      0x4f3 FreeRTOS/Source/queue.o
                                0x812 (size before relaxing)
 .debug_str     0x000011c2      0x61a FreeRTOS/Source/tasks.o
                                0xb98 (size before relaxing)
 .debug_str     0x000017dc       0x1c FreeRTOS/Source/timers.o
                                0x18d (size before relaxing)
 .debug_str     0x000017f8      0x157 main.o
                                0x39f (size before relaxing)
 .debug_str     0x0000194f       0x62 ATmega64UART.o
                                0x1db (size before relaxing)
 .debug_str     0x000019b1       0x3e message.o
                                0x1bb (size before relaxing)
 .debug_str     0x000019ef       0xf8 serial.o
                                0x33f (size before relaxing)

.debug_loc      0x00000000     0x5469
 *(.debug_loc)
 .debug_loc     0x00000000      0x3f0 FreeRTOS/Source/croutine.o
 .debug_loc     0x000003f0      0xb21 FreeRTOS/Source/event_groups.o
 .debug_loc     0x00000f11      0x145 FreeRTOS/Source/list.o
 .debug_loc     0x00001056      0x2a0 FreeRTOS/Source/portable/GCC/ATMega64/port.o
 .debug_loc     0x000012f6       0xf1 FreeRTOS/Source/portable/MemMang/heap_1.o
 .debug_loc     0x000013e7     0x1b8d FreeRTOS/Source/queue.o
 .debug_loc     0x00002f74     0x1a72 FreeRTOS/Source/tasks.o
 .debug_loc     0x000049e6      0x4a4 main.o
 .debug_loc     0x00004e8a       0x47 ATmega64UART.o
 .debug_loc     0x00004ed1      0x10a message.o
 .debug_loc     0x00004fdb      0x48e serial.o

.debug_macinfo
 *(.debug_macinfo)

.debug_weaknames
 *(.debug_weaknames)

.debug_funcnames
 *(.debug_funcnames)

.debug_typenames
 *(.debug_typenames)

.debug_varnames
 *(.debug_varnames)

.debug_pubtypes
 *(.debug_pubtypes)

.debug_ranges   0x00000000      0x4d0
 *(.debug_ranges)
 .debug_ranges  0x00000000       0x40 FreeRTOS/Source/croutine.o
 .debug_ranges  0x00000040       0x70 FreeRTOS/Source/event_groups.o
 .debug_ranges  0x000000b0       0x30 FreeRTOS/Source/list.o
 .debug_ranges  0x000000e0       0x40 FreeRTOS/Source/portable/GCC/ATMega64/port.o
 .debug_ranges  0x00000120       0x28 FreeRTOS/Source/portable/MemMang/heap_1.o
 .debug_ranges  0x00000148      0x120 FreeRTOS/Source/queue.o
 .debug_ranges  0x00000268      0x170 FreeRTOS/Source/tasks.o
 .debug_ranges  0x000003d8       0x60 main.o
 .debug_ranges  0x00000438       0x30 ATmega64UART.o
 .debug_ranges  0x00000468       0x30 message.o
 .debug_ranges  0x00000498       0x38 serial.o

.debug_macro
 *(.debug_macro)
OUTPUT(RoombaCommander_ATmega64.elf elf32-avr)
LOAD linker stubs
