Archive member included to satisfy reference by file (symbol)

c:/program files (x86)/atmel/studio/7.0/toolchain/avr8/avr8-gnu-toolchain/bin/../lib/gcc/avr/5.4.0/avr5\libgcc.a(_exit.o)
                              C:/Program Files (x86)/Atmel/Studio/7.0/Packs/atmel/ATmega_DFP/1.2.132/gcc/dev/atmega64/avr5/crtatmega64.o (exit)
c:/program files (x86)/atmel/studio/7.0/toolchain/avr8/avr8-gnu-toolchain/bin/../lib/gcc/avr/5.4.0/avr5\libgcc.a(_tablejump2.o)
                              main.o (__tablejump2__)
c:/program files (x86)/atmel/studio/7.0/toolchain/avr8/avr8-gnu-toolchain/bin/../lib/gcc/avr/5.4.0/avr5\libgcc.a(_copy_data.o)
                              FreeRTOS/Source/tasks.o (__do_copy_data)
c:/program files (x86)/atmel/studio/7.0/toolchain/avr8/avr8-gnu-toolchain/bin/../lib/gcc/avr/5.4.0/avr5\libgcc.a(_clear_bss.o)
                              FreeRTOS/Source/croutine.o (__do_clear_bss)
c:/program files (x86)/atmel/studio/7.0/toolchain/avr8/avr8-gnu-toolchain/bin/../lib/gcc/avr/5.4.0/../../../../avr/lib/avr5\libc.a(memcpy.o)
                              FreeRTOS/Source/queue.o (memcpy)

Allocating common symbols
Common symbol       size              file

bufferRoombaSendUART0
                    0x2               main.o
bufferBluetoothSendUART1
                    0x2               main.o
globalError         0x2               main.o
bufferBluetoothReceiveUART1
                    0x2               main.o
sensorDataMCU       0x8               main.o
sensorDataRoomba    0x1a              main.o
bufferRoombaReceiveUART0
                    0x2               main.o

Memory Configuration

Name             Origin             Length             Attributes
text             0x00000000         0x00020000         xr
data             0x00800060         0x0000ffa0         rw !x
eeprom           0x00810000         0x00010000         rw !x
fuse             0x00820000         0x00000003         rw !x
lock             0x00830000         0x00000400         rw !x
signature        0x00840000         0x00000400         rw !x
user_signatures  0x00850000         0x00000400         rw !x
*default*        0x00000000         0xffffffff

Linker script and memory map

Address of section .data set to 0x800100
LOAD C:/Program Files (x86)/Atmel/Studio/7.0/Packs/atmel/ATmega_DFP/1.2.132/gcc/dev/atmega64/avr5/crtatmega64.o
LOAD FreeRTOS/Source/croutine.o
LOAD FreeRTOS/Source/event_groups.o
LOAD FreeRTOS/Source/list.o
LOAD FreeRTOS/Source/portable/GCC/ATMega64/port.o
LOAD FreeRTOS/Source/portable/MemMang/heap_1.o
LOAD FreeRTOS/Source/queue.o
LOAD FreeRTOS/Source/tasks.o
LOAD FreeRTOS/Source/timers.o
LOAD main.o
START GROUP
LOAD c:/program files (x86)/atmel/studio/7.0/toolchain/avr8/avr8-gnu-toolchain/bin/../lib/gcc/avr/5.4.0/../../../../avr/lib/avr5\libm.a
END GROUP
START GROUP
LOAD c:/program files (x86)/atmel/studio/7.0/toolchain/avr8/avr8-gnu-toolchain/bin/../lib/gcc/avr/5.4.0/avr5\libgcc.a
LOAD c:/program files (x86)/atmel/studio/7.0/toolchain/avr8/avr8-gnu-toolchain/bin/../lib/gcc/avr/5.4.0/../../../../avr/lib/avr5\libm.a
LOAD c:/program files (x86)/atmel/studio/7.0/toolchain/avr8/avr8-gnu-toolchain/bin/../lib/gcc/avr/5.4.0/../../../../avr/lib/avr5\libc.a
LOAD C:/Program Files (x86)/Atmel/Studio/7.0/Packs/atmel/ATmega_DFP/1.2.132/gcc/dev/atmega64/avr5\libatmega64.a
END GROUP
                0x00020000                __TEXT_REGION_LENGTH__ = DEFINED (__TEXT_REGION_LENGTH__)?__TEXT_REGION_LENGTH__:0x20000
                0x0000ffa0                __DATA_REGION_LENGTH__ = DEFINED (__DATA_REGION_LENGTH__)?__DATA_REGION_LENGTH__:0xffa0
                0x00010000                __EEPROM_REGION_LENGTH__ = DEFINED (__EEPROM_REGION_LENGTH__)?__EEPROM_REGION_LENGTH__:0x10000
                [0x00000003]                __FUSE_REGION_LENGTH__ = DEFINED (__FUSE_REGION_LENGTH__)?__FUSE_REGION_LENGTH__:0x400
                0x00000400                __LOCK_REGION_LENGTH__ = DEFINED (__LOCK_REGION_LENGTH__)?__LOCK_REGION_LENGTH__:0x400
                0x00000400                __SIGNATURE_REGION_LENGTH__ = DEFINED (__SIGNATURE_REGION_LENGTH__)?__SIGNATURE_REGION_LENGTH__:0x400
                0x00000400                __USER_SIGNATURE_REGION_LENGTH__ = DEFINED (__USER_SIGNATURE_REGION_LENGTH__)?__USER_SIGNATURE_REGION_LENGTH__:0x400

.hash
 *(.hash)

.dynsym
 *(.dynsym)

.dynstr
 *(.dynstr)

.gnu.version
 *(.gnu.version)

.gnu.version_d
 *(.gnu.version_d)

.gnu.version_r
 *(.gnu.version_r)

.rel.init
 *(.rel.init)

.rela.init
 *(.rela.init)

.rel.text
 *(.rel.text)
 *(.rel.text.*)
 *(.rel.gnu.linkonce.t*)

.rela.text
 *(.rela.text)
 *(.rela.text.*)
 *(.rela.gnu.linkonce.t*)

.rel.fini
 *(.rel.fini)

.rela.fini
 *(.rela.fini)

.rel.rodata
 *(.rel.rodata)
 *(.rel.rodata.*)
 *(.rel.gnu.linkonce.r*)

.rela.rodata
 *(.rela.rodata)
 *(.rela.rodata.*)
 *(.rela.gnu.linkonce.r*)

.rel.data
 *(.rel.data)
 *(.rel.data.*)
 *(.rel.gnu.linkonce.d*)

.rela.data
 *(.rela.data)
 *(.rela.data.*)
 *(.rela.gnu.linkonce.d*)

.rel.ctors
 *(.rel.ctors)

.rela.ctors
 *(.rela.ctors)

.rel.dtors
 *(.rel.dtors)

.rela.dtors
 *(.rela.dtors)

.rel.got
 *(.rel.got)

.rela.got
 *(.rela.got)

.rel.bss
 *(.rel.bss)

.rela.bss
 *(.rela.bss)

.rel.plt
 *(.rel.plt)

.rela.plt
 *(.rela.plt)

.text           0x00000000     0x2b04
 *(.vectors)
 .vectors       0x00000000       0x8c C:/Program Files (x86)/Atmel/Studio/7.0/Packs/atmel/ATmega_DFP/1.2.132/gcc/dev/atmega64/avr5/crtatmega64.o
                0x00000000                __vector_default
                0x00000000                __vectors
 *(.vectors)
 *(.progmem.gcc*)
 .progmem.gcc_sw_table.vBluetoothReceiveCommandUART1
                0x0000008c       0xe2 main.o
                0x0000016e                . = ALIGN (0x2)
                0x0000016e                __trampolines_start = .
 *(.trampolines)
 .trampolines   0x0000016e        0x0 linker stubs
 *(.trampolines*)
                0x0000016e                __trampolines_end = .
 *libprintf_flt.a:*(.progmem.data)
 *libc.a:*(.progmem.data)
 *(.progmem*)
                0x0000016e                . = ALIGN (0x2)
 *(.jumptables)
 *(.jumptables*)
 *(.lowtext)
 *(.lowtext*)
                0x0000016e                __ctors_start = .
 *(.ctors)
                0x0000016e                __ctors_end = .
                0x0000016e                __dtors_start = .
 *(.dtors)
                0x0000016e                __dtors_end = .
 SORT(*)(.ctors)
 SORT(*)(.dtors)
 *(.init0)
 .init0         0x0000016e        0x0 C:/Program Files (x86)/Atmel/Studio/7.0/Packs/atmel/ATmega_DFP/1.2.132/gcc/dev/atmega64/avr5/crtatmega64.o
                0x0000016e                __init
 *(.init0)
 *(.init1)
 *(.init1)
 *(.init2)
 .init2         0x0000016e        0xc C:/Program Files (x86)/Atmel/Studio/7.0/Packs/atmel/ATmega_DFP/1.2.132/gcc/dev/atmega64/avr5/crtatmega64.o
 *(.init2)
 *(.init3)
 *(.init3)
 *(.init4)
 .init4         0x0000017a       0x16 c:/program files (x86)/atmel/studio/7.0/toolchain/avr8/avr8-gnu-toolchain/bin/../lib/gcc/avr/5.4.0/avr5\libgcc.a(_copy_data.o)
                0x0000017a                __do_copy_data
 .init4         0x00000190       0x10 c:/program files (x86)/atmel/studio/7.0/toolchain/avr8/avr8-gnu-toolchain/bin/../lib/gcc/avr/5.4.0/avr5\libgcc.a(_clear_bss.o)
                0x00000190                __do_clear_bss
 *(.init4)
 *(.init5)
 *(.init5)
 *(.init6)
 *(.init6)
 *(.init7)
 *(.init7)
 *(.init8)
 *(.init8)
 *(.init9)
 .init9         0x000001a0        0x8 C:/Program Files (x86)/Atmel/Studio/7.0/Packs/atmel/ATmega_DFP/1.2.132/gcc/dev/atmega64/avr5/crtatmega64.o
 *(.init9)
 *(.text)
 .text          0x000001a8        0x4 C:/Program Files (x86)/Atmel/Studio/7.0/Packs/atmel/ATmega_DFP/1.2.132/gcc/dev/atmega64/avr5/crtatmega64.o
                0x000001a8                __vector_22
                0x000001a8                __vector_28
                0x000001a8                __vector_1
                0x000001a8                __vector_32
                0x000001a8                __vector_34
                0x000001a8                __vector_24
                0x000001a8                __bad_interrupt
                0x000001a8                __vector_6
                0x000001a8                __vector_31
                0x000001a8                __vector_3
                0x000001a8                __vector_23
                0x000001a8                __vector_25
                0x000001a8                __vector_11
                0x000001a8                __vector_13
                0x000001a8                __vector_17
                0x000001a8                __vector_19
                0x000001a8                __vector_7
                0x000001a8                __vector_27
                0x000001a8                __vector_5
                0x000001a8                __vector_33
                0x000001a8                __vector_4
                0x000001a8                __vector_9
                0x000001a8                __vector_2
                0x000001a8                __vector_21
                0x000001a8                __vector_15
                0x000001a8                __vector_29
                0x000001a8                __vector_8
                0x000001a8                __vector_26
                0x000001a8                __vector_14
                0x000001a8                __vector_10
                0x000001a8                __vector_16
                0x000001a8                __vector_20
 .text          0x000001ac        0x0 FreeRTOS/Source/croutine.o
 .text          0x000001ac        0x0 FreeRTOS/Source/event_groups.o
 .text          0x000001ac        0x0 FreeRTOS/Source/list.o
 .text          0x000001ac        0x0 FreeRTOS/Source/portable/GCC/ATMega64/port.o
 .text          0x000001ac        0x0 FreeRTOS/Source/portable/MemMang/heap_1.o
 .text          0x000001ac        0x0 FreeRTOS/Source/queue.o
 .text          0x000001ac        0x0 FreeRTOS/Source/tasks.o
 .text          0x000001ac        0x0 FreeRTOS/Source/timers.o
 .text          0x000001ac        0x0 main.o
 .text          0x000001ac        0x0 c:/program files (x86)/atmel/studio/7.0/toolchain/avr8/avr8-gnu-toolchain/bin/../lib/gcc/avr/5.4.0/avr5\libgcc.a(_exit.o)
 .text          0x000001ac        0x0 c:/program files (x86)/atmel/studio/7.0/toolchain/avr8/avr8-gnu-toolchain/bin/../lib/gcc/avr/5.4.0/avr5\libgcc.a(_tablejump2.o)
 .text          0x000001ac        0x0 c:/program files (x86)/atmel/studio/7.0/toolchain/avr8/avr8-gnu-toolchain/bin/../lib/gcc/avr/5.4.0/avr5\libgcc.a(_copy_data.o)
 .text          0x000001ac        0x0 c:/program files (x86)/atmel/studio/7.0/toolchain/avr8/avr8-gnu-toolchain/bin/../lib/gcc/avr/5.4.0/avr5\libgcc.a(_clear_bss.o)
 .text          0x000001ac        0x0 c:/program files (x86)/atmel/studio/7.0/toolchain/avr8/avr8-gnu-toolchain/bin/../lib/gcc/avr/5.4.0/../../../../avr/lib/avr5\libc.a(memcpy.o)
                0x000001ac                . = ALIGN (0x2)
 *(.text.*)
 .text.prvInitialiseCoRoutineLists
                0x000001ac       0x5e FreeRTOS/Source/croutine.o
 .text.prvCheckPendingReadyList
                0x0000020a       0x6c FreeRTOS/Source/croutine.o
 .text.prvCheckDelayedList
                0x00000276      0x106 FreeRTOS/Source/croutine.o
 .text.xCoRoutineCreate
                0x0000037c       0xba FreeRTOS/Source/croutine.o
                0x0000037c                xCoRoutineCreate
 .text.vCoRoutineAddToDelayedList
                0x00000436       0x86 FreeRTOS/Source/croutine.o
                0x00000436                vCoRoutineAddToDelayedList
 .text.vCoRoutineSchedule
                0x000004bc       0xb0 FreeRTOS/Source/croutine.o
                0x000004bc                vCoRoutineSchedule
 .text.xCoRoutineRemoveFromEventList
                0x0000056c       0x4c FreeRTOS/Source/croutine.o
                0x0000056c                xCoRoutineRemoveFromEventList
 .text.prvTestWaitCondition
                0x000005b8       0x26 FreeRTOS/Source/event_groups.o
 .text.xEventGroupCreate
                0x000005de       0x26 FreeRTOS/Source/event_groups.o
                0x000005de                xEventGroupCreate
 .text.xEventGroupWaitBits
                0x00000604       0xe4 FreeRTOS/Source/event_groups.o
                0x00000604                xEventGroupWaitBits
 .text.xEventGroupClearBits
                0x000006e8       0x1e FreeRTOS/Source/event_groups.o
                0x000006e8                xEventGroupClearBits
 .text.xEventGroupGetBitsFromISR
                0x00000706        0x8 FreeRTOS/Source/event_groups.o
                0x00000706                xEventGroupGetBitsFromISR
 .text.xEventGroupSetBits
                0x0000070e       0xc8 FreeRTOS/Source/event_groups.o
                0x0000070e                xEventGroupSetBits
 .text.xEventGroupSync
                0x000007d6       0xd6 FreeRTOS/Source/event_groups.o
                0x000007d6                xEventGroupSync
 .text.vEventGroupDelete
                0x000008ac       0x2e FreeRTOS/Source/event_groups.o
                0x000008ac                vEventGroupDelete
 .text.vEventGroupSetBitsCallback
                0x000008da        0x8 FreeRTOS/Source/event_groups.o
                0x000008da                vEventGroupSetBitsCallback
 .text.vEventGroupClearBitsCallback
                0x000008e2        0x8 FreeRTOS/Source/event_groups.o
                0x000008e2                vEventGroupClearBitsCallback
 .text.vListInitialise
                0x000008ea       0x1c FreeRTOS/Source/list.o
                0x000008ea                vListInitialise
 .text.vListInitialiseItem
                0x00000906        0x8 FreeRTOS/Source/list.o
                0x00000906                vListInitialiseItem
 .text.vListInsertEnd
                0x0000090e       0x42 FreeRTOS/Source/list.o
                0x0000090e                vListInsertEnd
 .text.vListInsert
                0x00000950       0x62 FreeRTOS/Source/list.o
                0x00000950                vListInsert
 .text.uxListRemove
                0x000009b2       0x4c FreeRTOS/Source/list.o
                0x000009b2                uxListRemove
 .text.prvSetupTimerInterrupt
                0x000009fe       0x14 FreeRTOS/Source/portable/GCC/ATMega64/port.o
 .text.pxPortInitialiseStack
                0x00000a12       0xd8 FreeRTOS/Source/portable/GCC/ATMega64/port.o
                0x00000a12                pxPortInitialiseStack
 .text.xPortStartScheduler
                0x00000aea       0x5e FreeRTOS/Source/portable/GCC/ATMega64/port.o
                0x00000aea                xPortStartScheduler
 .text.vPortEndScheduler
                0x00000b48        0x2 FreeRTOS/Source/portable/GCC/ATMega64/port.o
                0x00000b48                vPortEndScheduler
 .text.vPortYield
                0x00000b4a       0xb2 FreeRTOS/Source/portable/GCC/ATMega64/port.o
                0x00000b4a                vPortYield
 .text.vPortYieldFromTick
                0x00000bfc       0xb8 FreeRTOS/Source/portable/GCC/ATMega64/port.o
                0x00000bfc                vPortYieldFromTick
 .text.__vector_12
                0x00000cb4        0x6 FreeRTOS/Source/portable/GCC/ATMega64/port.o
                0x00000cb4                __vector_12
 .text.pvPortMalloc
                0x00000cba       0x6a FreeRTOS/Source/portable/MemMang/heap_1.o
                0x00000cba                pvPortMalloc
 .text.vPortFree
                0x00000d24        0x2 FreeRTOS/Source/portable/MemMang/heap_1.o
                0x00000d24                vPortFree
 .text.vPortInitialiseBlocks
                0x00000d26        0xa FreeRTOS/Source/portable/MemMang/heap_1.o
                0x00000d26                vPortInitialiseBlocks
 .text.xPortGetFreeHeapSize
                0x00000d30       0x12 FreeRTOS/Source/portable/MemMang/heap_1.o
                0x00000d30                xPortGetFreeHeapSize
 .text.prvIsQueueEmpty
                0x00000d42       0x1a FreeRTOS/Source/queue.o
 .text.prvIsQueueFull
                0x00000d5c       0x1c FreeRTOS/Source/queue.o
 .text.prvCopyDataToQueue
                0x00000d78       0xbe FreeRTOS/Source/queue.o
 .text.prvCopyDataFromQueue
                0x00000e36       0x34 FreeRTOS/Source/queue.o
 .text.prvUnlockQueue
                0x00000e6a       0x68 FreeRTOS/Source/queue.o
 .text.xQueueGenericReset
                0x00000ed2       0x8c FreeRTOS/Source/queue.o
                0x00000ed2                xQueueGenericReset
 .text.prvInitialiseNewQueue
                0x00000f5e       0x26 FreeRTOS/Source/queue.o
 .text.xQueueGenericCreate
                0x00000f84       0x54 FreeRTOS/Source/queue.o
                0x00000f84                xQueueGenericCreate
 .text.xQueueGenericSend
                0x00000fd8      0x124 FreeRTOS/Source/queue.o
                0x00000fd8                xQueueGenericSend
 .text.prvInitialiseMutex
                0x000010fc       0x20 FreeRTOS/Source/queue.o
 .text.xQueueCreateMutex
                0x0000111c       0x1c FreeRTOS/Source/queue.o
                0x0000111c                xQueueCreateMutex
 .text.xQueueGenericSendFromISR
                0x00001138       0x74 FreeRTOS/Source/queue.o
                0x00001138                xQueueGenericSendFromISR
 .text.xQueueGiveFromISR
                0x000011ac       0x52 FreeRTOS/Source/queue.o
                0x000011ac                xQueueGiveFromISR
 .text.xQueueGenericReceive
                0x000011fe      0x182 FreeRTOS/Source/queue.o
                0x000011fe                xQueueGenericReceive
 .text.xQueueReceiveFromISR
                0x00001380       0x6e FreeRTOS/Source/queue.o
                0x00001380                xQueueReceiveFromISR
 .text.xQueuePeekFromISR
                0x000013ee       0x2e FreeRTOS/Source/queue.o
                0x000013ee                xQueuePeekFromISR
 .text.uxQueueMessagesWaiting
                0x0000141c       0x10 FreeRTOS/Source/queue.o
                0x0000141c                uxQueueMessagesWaiting
 .text.uxQueueSpacesAvailable
                0x0000142c       0x16 FreeRTOS/Source/queue.o
                0x0000142c                uxQueueSpacesAvailable
 .text.uxQueueMessagesWaitingFromISR
                0x00001442        0x6 FreeRTOS/Source/queue.o
                0x00001442                uxQueueMessagesWaitingFromISR
 .text.vQueueDelete
                0x00001448        0x6 FreeRTOS/Source/queue.o
                0x00001448                vQueueDelete
 .text.xQueueIsQueueEmptyFromISR
                0x0000144e       0x10 FreeRTOS/Source/queue.o
                0x0000144e                xQueueIsQueueEmptyFromISR
 .text.xQueueIsQueueFullFromISR
                0x0000145e       0x12 FreeRTOS/Source/queue.o
                0x0000145e                xQueueIsQueueFullFromISR
 .text.xQueueCRSend
                0x00001470       0x80 FreeRTOS/Source/queue.o
                0x00001470                xQueueCRSend
 .text.xQueueCRReceive
                0x000014f0       0x92 FreeRTOS/Source/queue.o
                0x000014f0                xQueueCRReceive
 .text.xQueueCRSendFromISR
                0x00001582       0x4c FreeRTOS/Source/queue.o
                0x00001582                xQueueCRSendFromISR
 .text.xQueueCRReceiveFromISR
                0x000015ce       0x82 FreeRTOS/Source/queue.o
                0x000015ce                xQueueCRReceiveFromISR
 .text.prvResetNextTaskUnblockTime
                0x00001650       0x3e FreeRTOS/Source/tasks.o
 .text.prvInitialiseNewTask
                0x0000168e       0xd8 FreeRTOS/Source/tasks.o
 .text.prvInitialiseTaskLists
                0x00001766       0x5e FreeRTOS/Source/tasks.o
 .text.prvAddNewTaskToReadyList
                0x000017c4       0xb8 FreeRTOS/Source/tasks.o
 .text.prvAddCurrentTaskToDelayedList
                0x0000187c       0x88 FreeRTOS/Source/tasks.o
 .text.prvIdleTask
                0x00001904       0x12 FreeRTOS/Source/tasks.o
 .text.xTaskCreate
                0x00001916       0xa8 FreeRTOS/Source/tasks.o
                0x00001916                xTaskCreate
 .text.vTaskStartScheduler
                0x000019be       0x54 FreeRTOS/Source/tasks.o
                0x000019be                vTaskStartScheduler
 .text.vTaskEndScheduler
                0x00001a12        0xc FreeRTOS/Source/tasks.o
                0x00001a12                vTaskEndScheduler
 .text.vTaskSuspendAll
                0x00001a1e        0xc FreeRTOS/Source/tasks.o
                0x00001a1e                vTaskSuspendAll
 .text.xTaskGetTickCount
                0x00001a2a       0x14 FreeRTOS/Source/tasks.o
                0x00001a2a                xTaskGetTickCount
 .text.xTaskGetTickCountFromISR
                0x00001a3e        0xa FreeRTOS/Source/tasks.o
                0x00001a3e                xTaskGetTickCountFromISR
 .text.uxTaskGetNumberOfTasks
                0x00001a48        0x6 FreeRTOS/Source/tasks.o
                0x00001a48                uxTaskGetNumberOfTasks
 .text.pcTaskGetName
                0x00001a4e       0x10 FreeRTOS/Source/tasks.o
                0x00001a4e                pcTaskGetName
 .text.xTaskIncrementTick
                0x00001a5e      0x174 FreeRTOS/Source/tasks.o
                0x00001a5e                xTaskIncrementTick
 .text.xTaskResumeAll
                0x00001bd2       0xe4 FreeRTOS/Source/tasks.o
                0x00001bd2                xTaskResumeAll
 .text.vTaskDelayUntil
                0x00001cb6       0x82 FreeRTOS/Source/tasks.o
                0x00001cb6                vTaskDelayUntil
 .text.vTaskDelay
                0x00001d38       0x2c FreeRTOS/Source/tasks.o
                0x00001d38                vTaskDelay
 .text.vTaskSwitchContext
                0x00001d64       0xa8 FreeRTOS/Source/tasks.o
                0x00001d64                vTaskSwitchContext
 .text.vTaskPlaceOnEventList
                0x00001e0c       0x24 FreeRTOS/Source/tasks.o
                0x00001e0c                vTaskPlaceOnEventList
 .text.vTaskPlaceOnUnorderedEventList
                0x00001e30       0x32 FreeRTOS/Source/tasks.o
                0x00001e30                vTaskPlaceOnUnorderedEventList
 .text.xTaskRemoveFromEventList
                0x00001e62       0x90 FreeRTOS/Source/tasks.o
                0x00001e62                xTaskRemoveFromEventList
 .text.xTaskRemoveFromUnorderedEventList
                0x00001ef2       0x74 FreeRTOS/Source/tasks.o
                0x00001ef2                xTaskRemoveFromUnorderedEventList
 .text.vTaskSetTimeOutState
                0x00001f66       0x16 FreeRTOS/Source/tasks.o
                0x00001f66                vTaskSetTimeOutState
 .text.xTaskCheckForTimeOut
                0x00001f7c       0x64 FreeRTOS/Source/tasks.o
                0x00001f7c                xTaskCheckForTimeOut
 .text.vTaskMissedYield
                0x00001fe0        0x8 FreeRTOS/Source/tasks.o
                0x00001fe0                vTaskMissedYield
 .text.xTaskGetCurrentTaskHandle
                0x00001fe8        0xa FreeRTOS/Source/tasks.o
                0x00001fe8                xTaskGetCurrentTaskHandle
 .text.vTaskPriorityInherit
                0x00001ff2       0xc4 FreeRTOS/Source/tasks.o
                0x00001ff2                vTaskPriorityInherit
 .text.xTaskPriorityDisinherit
                0x000020b6       0x80 FreeRTOS/Source/tasks.o
                0x000020b6                xTaskPriorityDisinherit
 .text.uxTaskResetEventItemValue
                0x00002136       0x2e FreeRTOS/Source/tasks.o
                0x00002136                uxTaskResetEventItemValue
 .text.pvTaskIncrementMutexHeldCount
                0x00002164       0x24 FreeRTOS/Source/tasks.o
                0x00002164                pvTaskIncrementMutexHeldCount
 .text.ulTaskNotifyTake
                0x00002188       0xae FreeRTOS/Source/tasks.o
                0x00002188                ulTaskNotifyTake
 .text.xTaskNotifyWait
                0x00002236      0x108 FreeRTOS/Source/tasks.o
                0x00002236                xTaskNotifyWait
 .text.xTaskGenericNotify
                0x0000233e      0x10a FreeRTOS/Source/tasks.o
                0x0000233e                xTaskGenericNotify
 .text.xTaskGenericNotifyFromISR
                0x00002448      0x130 FreeRTOS/Source/tasks.o
                0x00002448                xTaskGenericNotifyFromISR
 .text.vTaskNotifyGiveFromISR
                0x00002578       0xb6 FreeRTOS/Source/tasks.o
                0x00002578                vTaskNotifyGiveFromISR
 .text.xTaskNotifyStateClear
                0x0000262e       0x28 FreeRTOS/Source/tasks.o
                0x0000262e                xTaskNotifyStateClear
 .text.vErrorHandler
                0x00002656        0x2 main.o
 .text.vBluetoothTransmitServiceUART1
                0x00002658       0x20 main.o
 .text.vRoombaTransmitServiceUART0
                0x00002678       0x1c main.o
 .text.error    0x00002694       0x2c main.o
 .text.getByteFromBT
                0x000026c0       0x36 main.o
 .text.getByteFromRoomba
                0x000026f6       0x36 main.o
 .text.sendByteToRoomba
                0x0000272c       0x36 main.o
 .text.handlerRoombaSCIStandard
                0x00002762       0x24 main.o
 .text.handlerRoombaSCISong
                0x00002786       0x34 main.o
 .text.sendByteToBT
                0x000027ba       0x36 main.o
 .text.handlerRoombaSCISensors
                0x000027f0       0x62 main.o
 .text.handlerGetMCUData
                0x00002852       0x1e main.o
 .text.vBluetoothReceiveCommandUART1
                0x00002870       0x6e main.o
 .text.vPeriodicTask
                0x000028de       0x3e main.o
 .text.main     0x0000291c      0x110 main.o
                0x0000291c                main
 .text.vApplicationIdleHook
                0x00002a2c        0x2 main.o
                0x00002a2c                vApplicationIdleHook
 .text.__vector_18
                0x00002a2e       0x5a main.o
                0x00002a2e                __vector_18
 .text.__vector_30
                0x00002a88       0x5a main.o
                0x00002a88                __vector_30
 .text.libgcc.mul
                0x00002ae2        0x0 c:/program files (x86)/atmel/studio/7.0/toolchain/avr8/avr8-gnu-toolchain/bin/../lib/gcc/avr/5.4.0/avr5\libgcc.a(_exit.o)
 .text.libgcc.div
                0x00002ae2        0x0 c:/program files (x86)/atmel/studio/7.0/toolchain/avr8/avr8-gnu-toolchain/bin/../lib/gcc/avr/5.4.0/avr5\libgcc.a(_exit.o)
 .text.libgcc   0x00002ae2        0x0 c:/program files (x86)/atmel/studio/7.0/toolchain/avr8/avr8-gnu-toolchain/bin/../lib/gcc/avr/5.4.0/avr5\libgcc.a(_exit.o)
 .text.libgcc.prologue
                0x00002ae2        0x0 c:/program files (x86)/atmel/studio/7.0/toolchain/avr8/avr8-gnu-toolchain/bin/../lib/gcc/avr/5.4.0/avr5\libgcc.a(_exit.o)
 .text.libgcc.builtins
                0x00002ae2        0x0 c:/program files (x86)/atmel/studio/7.0/toolchain/avr8/avr8-gnu-toolchain/bin/../lib/gcc/avr/5.4.0/avr5\libgcc.a(_exit.o)
 .text.libgcc.fmul
                0x00002ae2        0x0 c:/program files (x86)/atmel/studio/7.0/toolchain/avr8/avr8-gnu-toolchain/bin/../lib/gcc/avr/5.4.0/avr5\libgcc.a(_exit.o)
 .text.libgcc.fixed
                0x00002ae2        0x0 c:/program files (x86)/atmel/studio/7.0/toolchain/avr8/avr8-gnu-toolchain/bin/../lib/gcc/avr/5.4.0/avr5\libgcc.a(_exit.o)
 .text.libgcc.mul
                0x00002ae2        0x0 c:/program files (x86)/atmel/studio/7.0/toolchain/avr8/avr8-gnu-toolchain/bin/../lib/gcc/avr/5.4.0/avr5\libgcc.a(_tablejump2.o)
 .text.libgcc.div
                0x00002ae2        0x0 c:/program files (x86)/atmel/studio/7.0/toolchain/avr8/avr8-gnu-toolchain/bin/../lib/gcc/avr/5.4.0/avr5\libgcc.a(_tablejump2.o)
 .text.libgcc   0x00002ae2        0xc c:/program files (x86)/atmel/studio/7.0/toolchain/avr8/avr8-gnu-toolchain/bin/../lib/gcc/avr/5.4.0/avr5\libgcc.a(_tablejump2.o)
                0x00002ae2                __tablejump2__
 .text.libgcc.prologue
                0x00002aee        0x0 c:/program files (x86)/atmel/studio/7.0/toolchain/avr8/avr8-gnu-toolchain/bin/../lib/gcc/avr/5.4.0/avr5\libgcc.a(_tablejump2.o)
 .text.libgcc.builtins
                0x00002aee        0x0 c:/program files (x86)/atmel/studio/7.0/toolchain/avr8/avr8-gnu-toolchain/bin/../lib/gcc/avr/5.4.0/avr5\libgcc.a(_tablejump2.o)
 .text.libgcc.fmul
                0x00002aee        0x0 c:/program files (x86)/atmel/studio/7.0/toolchain/avr8/avr8-gnu-toolchain/bin/../lib/gcc/avr/5.4.0/avr5\libgcc.a(_tablejump2.o)
 .text.libgcc.fixed
                0x00002aee        0x0 c:/program files (x86)/atmel/studio/7.0/toolchain/avr8/avr8-gnu-toolchain/bin/../lib/gcc/avr/5.4.0/avr5\libgcc.a(_tablejump2.o)
 .text.libgcc.mul
                0x00002aee        0x0 c:/program files (x86)/atmel/studio/7.0/toolchain/avr8/avr8-gnu-toolchain/bin/../lib/gcc/avr/5.4.0/avr5\libgcc.a(_copy_data.o)
 .text.libgcc.div
                0x00002aee        0x0 c:/program files (x86)/atmel/studio/7.0/toolchain/avr8/avr8-gnu-toolchain/bin/../lib/gcc/avr/5.4.0/avr5\libgcc.a(_copy_data.o)
 .text.libgcc   0x00002aee        0x0 c:/program files (x86)/atmel/studio/7.0/toolchain/avr8/avr8-gnu-toolchain/bin/../lib/gcc/avr/5.4.0/avr5\libgcc.a(_copy_data.o)
 .text.libgcc.prologue
                0x00002aee        0x0 c:/program files (x86)/atmel/studio/7.0/toolchain/avr8/avr8-gnu-toolchain/bin/../lib/gcc/avr/5.4.0/avr5\libgcc.a(_copy_data.o)
 .text.libgcc.builtins
                0x00002aee        0x0 c:/program files (x86)/atmel/studio/7.0/toolchain/avr8/avr8-gnu-toolchain/bin/../lib/gcc/avr/5.4.0/avr5\libgcc.a(_copy_data.o)
 .text.libgcc.fmul
                0x00002aee        0x0 c:/program files (x86)/atmel/studio/7.0/toolchain/avr8/avr8-gnu-toolchain/bin/../lib/gcc/avr/5.4.0/avr5\libgcc.a(_copy_data.o)
 .text.libgcc.fixed
                0x00002aee        0x0 c:/program files (x86)/atmel/studio/7.0/toolchain/avr8/avr8-gnu-toolchain/bin/../lib/gcc/avr/5.4.0/avr5\libgcc.a(_copy_data.o)
 .text.libgcc.mul
                0x00002aee        0x0 c:/program files (x86)/atmel/studio/7.0/toolchain/avr8/avr8-gnu-toolchain/bin/../lib/gcc/avr/5.4.0/avr5\libgcc.a(_clear_bss.o)
 .text.libgcc.div
                0x00002aee        0x0 c:/program files (x86)/atmel/studio/7.0/toolchain/avr8/avr8-gnu-toolchain/bin/../lib/gcc/avr/5.4.0/avr5\libgcc.a(_clear_bss.o)
 .text.libgcc   0x00002aee        0x0 c:/program files (x86)/atmel/studio/7.0/toolchain/avr8/avr8-gnu-toolchain/bin/../lib/gcc/avr/5.4.0/avr5\libgcc.a(_clear_bss.o)
 .text.libgcc.prologue
                0x00002aee        0x0 c:/program files (x86)/atmel/studio/7.0/toolchain/avr8/avr8-gnu-toolchain/bin/../lib/gcc/avr/5.4.0/avr5\libgcc.a(_clear_bss.o)
 .text.libgcc.builtins
                0x00002aee        0x0 c:/program files (x86)/atmel/studio/7.0/toolchain/avr8/avr8-gnu-toolchain/bin/../lib/gcc/avr/5.4.0/avr5\libgcc.a(_clear_bss.o)
 .text.libgcc.fmul
                0x00002aee        0x0 c:/program files (x86)/atmel/studio/7.0/toolchain/avr8/avr8-gnu-toolchain/bin/../lib/gcc/avr/5.4.0/avr5\libgcc.a(_clear_bss.o)
 .text.libgcc.fixed
                0x00002aee        0x0 c:/program files (x86)/atmel/studio/7.0/toolchain/avr8/avr8-gnu-toolchain/bin/../lib/gcc/avr/5.4.0/avr5\libgcc.a(_clear_bss.o)
 .text.avr-libc
                0x00002aee       0x12 c:/program files (x86)/atmel/studio/7.0/toolchain/avr8/avr8-gnu-toolchain/bin/../lib/gcc/avr/5.4.0/../../../../avr/lib/avr5\libc.a(memcpy.o)
                0x00002aee                memcpy
                0x00002b00                . = ALIGN (0x2)
 *(.fini9)
 .fini9         0x00002b00        0x0 c:/program files (x86)/atmel/studio/7.0/toolchain/avr8/avr8-gnu-toolchain/bin/../lib/gcc/avr/5.4.0/avr5\libgcc.a(_exit.o)
                0x00002b00                _exit
                0x00002b00                exit
 *(.fini9)
 *(.fini8)
 *(.fini8)
 *(.fini7)
 *(.fini7)
 *(.fini6)
 *(.fini6)
 *(.fini5)
 *(.fini5)
 *(.fini4)
 *(.fini4)
 *(.fini3)
 *(.fini3)
 *(.fini2)
 *(.fini2)
 *(.fini1)
 *(.fini1)
 *(.fini0)
 .fini0         0x00002b00        0x4 c:/program files (x86)/atmel/studio/7.0/toolchain/avr8/avr8-gnu-toolchain/bin/../lib/gcc/avr/5.4.0/avr5\libgcc.a(_exit.o)
 *(.fini0)
                0x00002b04                _etext = .

.data           0x00800100       0x2a load address 0x00002b04
                0x00800100                PROVIDE (__data_start, .)
 *(.data)
 .data          0x00800100        0x0 C:/Program Files (x86)/Atmel/Studio/7.0/Packs/atmel/ATmega_DFP/1.2.132/gcc/dev/atmega64/avr5/crtatmega64.o
 .data          0x00800100        0x0 FreeRTOS/Source/croutine.o
 .data          0x00800100        0x0 FreeRTOS/Source/event_groups.o
 .data          0x00800100        0x0 FreeRTOS/Source/list.o
 .data          0x00800100        0x0 FreeRTOS/Source/portable/GCC/ATMega64/port.o
 .data          0x00800100        0x0 FreeRTOS/Source/portable/MemMang/heap_1.o
 .data          0x00800100        0x0 FreeRTOS/Source/queue.o
 .data          0x00800100        0x0 FreeRTOS/Source/tasks.o
 .data          0x00800100        0x0 FreeRTOS/Source/timers.o
 .data          0x00800100        0x0 main.o
 .data          0x00800100        0x0 c:/program files (x86)/atmel/studio/7.0/toolchain/avr8/avr8-gnu-toolchain/bin/../lib/gcc/avr/5.4.0/avr5\libgcc.a(_exit.o)
 .data          0x00800100        0x0 c:/program files (x86)/atmel/studio/7.0/toolchain/avr8/avr8-gnu-toolchain/bin/../lib/gcc/avr/5.4.0/avr5\libgcc.a(_tablejump2.o)
 .data          0x00800100        0x0 c:/program files (x86)/atmel/studio/7.0/toolchain/avr8/avr8-gnu-toolchain/bin/../lib/gcc/avr/5.4.0/avr5\libgcc.a(_copy_data.o)
 .data          0x00800100        0x0 c:/program files (x86)/atmel/studio/7.0/toolchain/avr8/avr8-gnu-toolchain/bin/../lib/gcc/avr/5.4.0/avr5\libgcc.a(_clear_bss.o)
 .data          0x00800100        0x0 c:/program files (x86)/atmel/studio/7.0/toolchain/avr8/avr8-gnu-toolchain/bin/../lib/gcc/avr/5.4.0/../../../../avr/lib/avr5\libc.a(memcpy.o)
 *(.data*)
 *(.rodata)
 *(.rodata*)
 .rodata.str1.1
                0x00800100        0x5 FreeRTOS/Source/tasks.o
 .rodata.str1.1
                0x00800105       0x25 main.o
 *(.gnu.linkonce.d*)
                0x0080012a                . = ALIGN (0x2)
                0x0080012a                _edata = .
                0x0080012a                PROVIDE (__data_end, .)

.bss            0x0080012a      0xcbd
                0x0080012a                PROVIDE (__bss_start, .)
 *(.bss)
 .bss           0x0080012a        0x0 C:/Program Files (x86)/Atmel/Studio/7.0/Packs/atmel/ATmega_DFP/1.2.132/gcc/dev/atmega64/avr5/crtatmega64.o
 .bss           0x0080012a        0x0 FreeRTOS/Source/croutine.o
 .bss           0x0080012a        0x0 FreeRTOS/Source/event_groups.o
 .bss           0x0080012a        0x0 FreeRTOS/Source/list.o
 .bss           0x0080012a        0x0 FreeRTOS/Source/portable/GCC/ATMega64/port.o
 .bss           0x0080012a        0x0 FreeRTOS/Source/portable/MemMang/heap_1.o
 .bss           0x0080012a        0x0 FreeRTOS/Source/queue.o
 .bss           0x0080012a        0x0 FreeRTOS/Source/tasks.o
 .bss           0x0080012a        0x0 FreeRTOS/Source/timers.o
 .bss           0x0080012a        0x0 main.o
 .bss           0x0080012a        0x0 c:/program files (x86)/atmel/studio/7.0/toolchain/avr8/avr8-gnu-toolchain/bin/../lib/gcc/avr/5.4.0/avr5\libgcc.a(_exit.o)
 .bss           0x0080012a        0x0 c:/program files (x86)/atmel/studio/7.0/toolchain/avr8/avr8-gnu-toolchain/bin/../lib/gcc/avr/5.4.0/avr5\libgcc.a(_tablejump2.o)
 .bss           0x0080012a        0x0 c:/program files (x86)/atmel/studio/7.0/toolchain/avr8/avr8-gnu-toolchain/bin/../lib/gcc/avr/5.4.0/avr5\libgcc.a(_copy_data.o)
 .bss           0x0080012a        0x0 c:/program files (x86)/atmel/studio/7.0/toolchain/avr8/avr8-gnu-toolchain/bin/../lib/gcc/avr/5.4.0/avr5\libgcc.a(_clear_bss.o)
 .bss           0x0080012a        0x0 c:/program files (x86)/atmel/studio/7.0/toolchain/avr8/avr8-gnu-toolchain/bin/../lib/gcc/avr/5.4.0/../../../../avr/lib/avr5\libc.a(memcpy.o)
 *(.bss*)
 .bss.xPassedTicks
                0x0080012a        0x2 FreeRTOS/Source/croutine.o
 .bss.xLastTickCount
                0x0080012c        0x2 FreeRTOS/Source/croutine.o
 .bss.xCoRoutineTickCount
                0x0080012e        0x2 FreeRTOS/Source/croutine.o
 .bss.uxTopCoRoutineReadyPriority
                0x00800130        0x1 FreeRTOS/Source/croutine.o
 .bss.pxCurrentCoRoutine
                0x00800131        0x2 FreeRTOS/Source/croutine.o
                0x00800131                pxCurrentCoRoutine
 .bss.xPendingReadyCoRoutineList
                0x00800133        0x9 FreeRTOS/Source/croutine.o
 .bss.pxOverflowDelayedCoRoutineList
                0x0080013c        0x2 FreeRTOS/Source/croutine.o
 .bss.pxDelayedCoRoutineList
                0x0080013e        0x2 FreeRTOS/Source/croutine.o
 .bss.xDelayedCoRoutineList2
                0x00800140        0x9 FreeRTOS/Source/croutine.o
 .bss.xDelayedCoRoutineList1
                0x00800149        0x9 FreeRTOS/Source/croutine.o
 .bss.pxReadyCoRoutineLists
                0x00800152       0x12 FreeRTOS/Source/croutine.o
 .bss.pucAlignedHeap.2069
                0x00800164        0x2 FreeRTOS/Source/portable/MemMang/heap_1.o
 .bss.xNextFreeByte
                0x00800166        0x2 FreeRTOS/Source/portable/MemMang/heap_1.o
 .bss.ucHeap    0x00800168      0xc00 FreeRTOS/Source/portable/MemMang/heap_1.o
 .bss.uxSchedulerSuspended
                0x00800d68        0x1 FreeRTOS/Source/tasks.o
 .bss.xIdleTaskHandle
                0x00800d69        0x2 FreeRTOS/Source/tasks.o
 .bss.xNextTaskUnblockTime
                0x00800d6b        0x2 FreeRTOS/Source/tasks.o
 .bss.uxTaskNumber
                0x00800d6d        0x1 FreeRTOS/Source/tasks.o
 .bss.xNumOfOverflows
                0x00800d6e        0x1 FreeRTOS/Source/tasks.o
 .bss.xYieldPending
                0x00800d6f        0x1 FreeRTOS/Source/tasks.o
 .bss.uxPendedTicks
                0x00800d70        0x1 FreeRTOS/Source/tasks.o
 .bss.xSchedulerRunning
                0x00800d71        0x1 FreeRTOS/Source/tasks.o
 .bss.uxTopReadyPriority
                0x00800d72        0x1 FreeRTOS/Source/tasks.o
 .bss.xTickCount
                0x00800d73        0x2 FreeRTOS/Source/tasks.o
 .bss.uxCurrentNumberOfTasks
                0x00800d75        0x1 FreeRTOS/Source/tasks.o
 .bss.xPendingReadyList
                0x00800d76        0x9 FreeRTOS/Source/tasks.o
 .bss.pxOverflowDelayedTaskList
                0x00800d7f        0x2 FreeRTOS/Source/tasks.o
 .bss.pxDelayedTaskList
                0x00800d81        0x2 FreeRTOS/Source/tasks.o
 .bss.xDelayedTaskList2
                0x00800d83        0x9 FreeRTOS/Source/tasks.o
 .bss.xDelayedTaskList1
                0x00800d8c        0x9 FreeRTOS/Source/tasks.o
 .bss.pxReadyTasksLists
                0x00800d95       0x24 FreeRTOS/Source/tasks.o
 .bss.pxCurrentTCB
                0x00800db9        0x2 FreeRTOS/Source/tasks.o
                0x00800db9                pxCurrentTCB
 *(COMMON)
 COMMON         0x00800dbb       0x2c main.o
                0x00800dbb                bufferRoombaSendUART0
                0x00800dbd                bufferBluetoothSendUART1
                0x00800dbf                globalError
                0x00800dc1                bufferBluetoothReceiveUART1
                0x00800dc3                sensorDataMCU
                0x00800dcb                sensorDataRoomba
                0x00800de5                bufferRoombaReceiveUART0
                0x00800de7                PROVIDE (__bss_end, .)
                0x00002b04                __data_load_start = LOADADDR (.data)
                0x00002b2e                __data_load_end = (__data_load_start + SIZEOF (.data))

.noinit         0x00800de7        0x0
                [!provide]                PROVIDE (__noinit_start, .)
 *(.noinit*)
                [!provide]                PROVIDE (__noinit_end, .)
                0x00800de7                _end = .
                [!provide]                PROVIDE (__heap_start, .)

.eeprom         0x00810000        0x0
 *(.eeprom*)
                0x00810000                __eeprom_end = .

.fuse
 *(.fuse)
 *(.lfuse)
 *(.hfuse)
 *(.efuse)

.lock
 *(.lock*)

.signature
 *(.signature*)

.user_signatures
 *(.user_signatures*)

.stab
 *(.stab)

.stabstr
 *(.stabstr)

.stab.excl
 *(.stab.excl)

.stab.exclstr
 *(.stab.exclstr)

.stab.index
 *(.stab.index)

.stab.indexstr
 *(.stab.indexstr)

.comment        0x00000000       0x30
 *(.comment)
 .comment       0x00000000       0x30 FreeRTOS/Source/croutine.o
                                 0x31 (size before relaxing)
 .comment       0x00000030       0x31 FreeRTOS/Source/event_groups.o
 .comment       0x00000030       0x31 FreeRTOS/Source/list.o
 .comment       0x00000030       0x31 FreeRTOS/Source/portable/GCC/ATMega64/port.o
 .comment       0x00000030       0x31 FreeRTOS/Source/portable/MemMang/heap_1.o
 .comment       0x00000030       0x31 FreeRTOS/Source/queue.o
 .comment       0x00000030       0x31 FreeRTOS/Source/tasks.o
 .comment       0x00000030       0x31 FreeRTOS/Source/timers.o
 .comment       0x00000030       0x31 main.o

.note.gnu.avr.deviceinfo
                0x00000000       0x3c
 .note.gnu.avr.deviceinfo
                0x00000000       0x3c C:/Program Files (x86)/Atmel/Studio/7.0/Packs/atmel/ATmega_DFP/1.2.132/gcc/dev/atmega64/avr5/crtatmega64.o

.note.gnu.build-id
 *(.note.gnu.build-id)

.debug
 *(.debug)

.line
 *(.line)

.debug_srcinfo
 *(.debug_srcinfo)

.debug_sfnames
 *(.debug_sfnames)

.debug_aranges  0x00000000      0x468
 *(.debug_aranges)
 .debug_aranges
                0x00000000       0x50 FreeRTOS/Source/croutine.o
 .debug_aranges
                0x00000050       0x68 FreeRTOS/Source/event_groups.o
 .debug_aranges
                0x000000b8       0x40 FreeRTOS/Source/list.o
 .debug_aranges
                0x000000f8       0x50 FreeRTOS/Source/portable/GCC/ATMega64/port.o
 .debug_aranges
                0x00000148       0x38 FreeRTOS/Source/portable/MemMang/heap_1.o
 .debug_aranges
                0x00000180       0xe8 FreeRTOS/Source/queue.o
 .debug_aranges
                0x00000268      0x140 FreeRTOS/Source/tasks.o
 .debug_aranges
                0x000003a8       0x18 FreeRTOS/Source/timers.o
 .debug_aranges
                0x000003c0       0xa8 main.o

.debug_pubnames
 *(.debug_pubnames)

.debug_info     0x00000000     0x550c
 *(.debug_info .gnu.linkonce.wi.*)
 .debug_info    0x00000000      0x780 C:/Program Files (x86)/Atmel/Studio/7.0/Packs/atmel/ATmega_DFP/1.2.132/gcc/dev/atmega64/avr5/crtatmega64.o
 .debug_info    0x00000780      0x725 FreeRTOS/Source/croutine.o
 .debug_info    0x00000ea5      0x8c1 FreeRTOS/Source/event_groups.o
 .debug_info    0x00001766      0x2cd FreeRTOS/Source/list.o
 .debug_info    0x00001a33      0x24e FreeRTOS/Source/portable/GCC/ATMega64/port.o
 .debug_info    0x00001c81      0x1a4 FreeRTOS/Source/portable/MemMang/heap_1.o
 .debug_info    0x00001e25     0x146f FreeRTOS/Source/queue.o
 .debug_info    0x00003294     0x1788 FreeRTOS/Source/tasks.o
 .debug_info    0x00004a1c       0x64 FreeRTOS/Source/timers.o
 .debug_info    0x00004a80      0xa8c main.o

.debug_abbrev   0x00000000     0x1546
 *(.debug_abbrev)
 .debug_abbrev  0x00000000      0x718 C:/Program Files (x86)/Atmel/Studio/7.0/Packs/atmel/ATmega_DFP/1.2.132/gcc/dev/atmega64/avr5/crtatmega64.o
 .debug_abbrev  0x00000718      0x1fe FreeRTOS/Source/croutine.o
 .debug_abbrev  0x00000916      0x1d5 FreeRTOS/Source/event_groups.o
 .debug_abbrev  0x00000aeb       0xf8 FreeRTOS/Source/list.o
 .debug_abbrev  0x00000be3      0x143 FreeRTOS/Source/portable/GCC/ATMega64/port.o
 .debug_abbrev  0x00000d26      0x11c FreeRTOS/Source/portable/MemMang/heap_1.o
 .debug_abbrev  0x00000e42      0x211 FreeRTOS/Source/queue.o
 .debug_abbrev  0x00001053      0x2b6 FreeRTOS/Source/tasks.o
 .debug_abbrev  0x00001309       0x26 FreeRTOS/Source/timers.o
 .debug_abbrev  0x0000132f      0x217 main.o

.debug_line     0x00000000     0x2eab
 *(.debug_line .debug_line.* .debug_line_end)
 .debug_line    0x00000000      0x169 C:/Program Files (x86)/Atmel/Studio/7.0/Packs/atmel/ATmega_DFP/1.2.132/gcc/dev/atmega64/avr5/crtatmega64.o
 .debug_line    0x00000169      0x3f7 FreeRTOS/Source/croutine.o
 .debug_line    0x00000560      0x44e FreeRTOS/Source/event_groups.o
 .debug_line    0x000009ae      0x21d FreeRTOS/Source/list.o
 .debug_line    0x00000bcb      0x2dc FreeRTOS/Source/portable/GCC/ATMega64/port.o
 .debug_line    0x00000ea7      0x1d9 FreeRTOS/Source/portable/MemMang/heap_1.o
 .debug_line    0x00001080      0xaf5 FreeRTOS/Source/queue.o
 .debug_line    0x00001b75      0xe1b FreeRTOS/Source/tasks.o
 .debug_line    0x00002990       0x1a FreeRTOS/Source/timers.o
 .debug_line    0x000029aa      0x501 main.o

.debug_frame    0x00000000      0xe2c
 *(.debug_frame)
 .debug_frame   0x00000000      0x100 FreeRTOS/Source/croutine.o
 .debug_frame   0x00000100      0x15c FreeRTOS/Source/event_groups.o
 .debug_frame   0x0000025c       0x88 FreeRTOS/Source/list.o
 .debug_frame   0x000002e4       0x84 FreeRTOS/Source/portable/GCC/ATMega64/port.o
 .debug_frame   0x00000368       0x60 FreeRTOS/Source/portable/MemMang/heap_1.o
 .debug_frame   0x000003c8      0x340 FreeRTOS/Source/queue.o
 .debug_frame   0x00000708      0x4bc FreeRTOS/Source/tasks.o
 .debug_frame   0x00000bc4      0x268 main.o

.debug_str      0x00000000     0x1a13
 *(.debug_str)
 .debug_str     0x00000000      0x27e C:/Program Files (x86)/Atmel/Studio/7.0/Packs/atmel/ATmega_DFP/1.2.132/gcc/dev/atmega64/avr5/crtatmega64.o
 .debug_str     0x0000027e      0x4ea FreeRTOS/Source/croutine.o
                                0x559 (size before relaxing)
 .debug_str     0x00000768      0x33a FreeRTOS/Source/event_groups.o
                                0x5a9 (size before relaxing)
 .debug_str     0x00000aa2       0x5b FreeRTOS/Source/list.o
                                0x2ce (size before relaxing)
 .debug_str     0x00000afd      0x13a FreeRTOS/Source/portable/GCC/ATMega64/port.o
                                0x2de (size before relaxing)
 .debug_str     0x00000c37       0x98 FreeRTOS/Source/portable/MemMang/heap_1.o
                                0x250 (size before relaxing)
 .debug_str     0x00000ccf      0x4f3 FreeRTOS/Source/queue.o
                                0x812 (size before relaxing)
 .debug_str     0x000011c2      0x61a FreeRTOS/Source/tasks.o
                                0xb98 (size before relaxing)
 .debug_str     0x000017dc       0x1c FreeRTOS/Source/timers.o
                                0x18d (size before relaxing)
 .debug_str     0x000017f8      0x21b main.o
                                0x46e (size before relaxing)

.debug_loc      0x00000000     0x509a
 *(.debug_loc)
 .debug_loc     0x00000000      0x3f0 FreeRTOS/Source/croutine.o
 .debug_loc     0x000003f0      0xb21 FreeRTOS/Source/event_groups.o
 .debug_loc     0x00000f11      0x145 FreeRTOS/Source/list.o
 .debug_loc     0x00001056      0x2a0 FreeRTOS/Source/portable/GCC/ATMega64/port.o
 .debug_loc     0x000012f6       0xf1 FreeRTOS/Source/portable/MemMang/heap_1.o
 .debug_loc     0x000013e7     0x1b8d FreeRTOS/Source/queue.o
 .debug_loc     0x00002f74     0x1a72 FreeRTOS/Source/tasks.o
 .debug_loc     0x000049e6      0x6b4 main.o

.debug_macinfo
 *(.debug_macinfo)

.debug_weaknames
 *(.debug_weaknames)

.debug_funcnames
 *(.debug_funcnames)

.debug_typenames
 *(.debug_typenames)

.debug_varnames
 *(.debug_varnames)

.debug_pubtypes
 *(.debug_pubtypes)

.debug_ranges   0x00000000      0x470
 *(.debug_ranges)
 .debug_ranges  0x00000000       0x40 FreeRTOS/Source/croutine.o
 .debug_ranges  0x00000040       0x70 FreeRTOS/Source/event_groups.o
 .debug_ranges  0x000000b0       0x30 FreeRTOS/Source/list.o
 .debug_ranges  0x000000e0       0x40 FreeRTOS/Source/portable/GCC/ATMega64/port.o
 .debug_ranges  0x00000120       0x28 FreeRTOS/Source/portable/MemMang/heap_1.o
 .debug_ranges  0x00000148      0x120 FreeRTOS/Source/queue.o
 .debug_ranges  0x00000268      0x170 FreeRTOS/Source/tasks.o
 .debug_ranges  0x000003d8       0x98 main.o

.debug_macro
 *(.debug_macro)
OUTPUT(RoombaCommander_ATmega64.elf elf32-avr)
LOAD linker stubs
