Archive member included to satisfy reference by file (symbol)

c:/program files (x86)/atmel/studio/7.0/toolchain/avr8/avr8-gnu-toolchain/bin/../lib/gcc/avr/5.4.0/avr5\libgcc.a(_exit.o)
                              C:/Program Files (x86)/Atmel/Studio/7.0/Packs/atmel/ATmega_DFP/1.2.132/gcc/dev/atmega64/avr5/crtatmega64.o (exit)
c:/program files (x86)/atmel/studio/7.0/toolchain/avr8/avr8-gnu-toolchain/bin/../lib/gcc/avr/5.4.0/avr5\libgcc.a(_tablejump2.o)
                              main.o (__tablejump2__)
c:/program files (x86)/atmel/studio/7.0/toolchain/avr8/avr8-gnu-toolchain/bin/../lib/gcc/avr/5.4.0/avr5\libgcc.a(_copy_data.o)
                              FreeRTOS/Source/tasks.o (__do_copy_data)
c:/program files (x86)/atmel/studio/7.0/toolchain/avr8/avr8-gnu-toolchain/bin/../lib/gcc/avr/5.4.0/avr5\libgcc.a(_clear_bss.o)
                              FreeRTOS/Source/croutine.o (__do_clear_bss)
c:/program files (x86)/atmel/studio/7.0/toolchain/avr8/avr8-gnu-toolchain/bin/../lib/gcc/avr/5.4.0/../../../../avr/lib/avr5\libc.a(memcpy.o)
                              FreeRTOS/Source/queue.o (memcpy)

Allocating common symbols
Common symbol       size              file

bufferRoombaSendUART0
                    0x2               main.o
bufferBluetoothSendUART1
                    0x2               main.o
globalError         0x2               main.o
bufferBluetoothReceiveUART1
                    0x2               main.o
sensorDataMCU       0x8               main.o
sensorDataRoomba    0x1a              main.o
bufferRoombaReceiveUART0
                    0x2               main.o

Memory Configuration

Name             Origin             Length             Attributes
text             0x00000000         0x00020000         xr
data             0x00800060         0x0000ffa0         rw !x
eeprom           0x00810000         0x00010000         rw !x
fuse             0x00820000         0x00000003         rw !x
lock             0x00830000         0x00000400         rw !x
signature        0x00840000         0x00000400         rw !x
user_signatures  0x00850000         0x00000400         rw !x
*default*        0x00000000         0xffffffff

Linker script and memory map

Address of section .data set to 0x800100
LOAD C:/Program Files (x86)/Atmel/Studio/7.0/Packs/atmel/ATmega_DFP/1.2.132/gcc/dev/atmega64/avr5/crtatmega64.o
LOAD FreeRTOS/Source/croutine.o
LOAD FreeRTOS/Source/event_groups.o
LOAD FreeRTOS/Source/list.o
LOAD FreeRTOS/Source/portable/GCC/ATMega64/port.o
LOAD FreeRTOS/Source/portable/MemMang/heap_1.o
LOAD FreeRTOS/Source/queue.o
LOAD FreeRTOS/Source/tasks.o
LOAD FreeRTOS/Source/timers.o
LOAD main.o
START GROUP
LOAD c:/program files (x86)/atmel/studio/7.0/toolchain/avr8/avr8-gnu-toolchain/bin/../lib/gcc/avr/5.4.0/../../../../avr/lib/avr5\libm.a
END GROUP
START GROUP
LOAD c:/program files (x86)/atmel/studio/7.0/toolchain/avr8/avr8-gnu-toolchain/bin/../lib/gcc/avr/5.4.0/avr5\libgcc.a
LOAD c:/program files (x86)/atmel/studio/7.0/toolchain/avr8/avr8-gnu-toolchain/bin/../lib/gcc/avr/5.4.0/../../../../avr/lib/avr5\libm.a
LOAD c:/program files (x86)/atmel/studio/7.0/toolchain/avr8/avr8-gnu-toolchain/bin/../lib/gcc/avr/5.4.0/../../../../avr/lib/avr5\libc.a
LOAD C:/Program Files (x86)/Atmel/Studio/7.0/Packs/atmel/ATmega_DFP/1.2.132/gcc/dev/atmega64/avr5\libatmega64.a
END GROUP
                0x00020000                __TEXT_REGION_LENGTH__ = DEFINED (__TEXT_REGION_LENGTH__)?__TEXT_REGION_LENGTH__:0x20000
                0x0000ffa0                __DATA_REGION_LENGTH__ = DEFINED (__DATA_REGION_LENGTH__)?__DATA_REGION_LENGTH__:0xffa0
                0x00010000                __EEPROM_REGION_LENGTH__ = DEFINED (__EEPROM_REGION_LENGTH__)?__EEPROM_REGION_LENGTH__:0x10000
                [0x00000003]                __FUSE_REGION_LENGTH__ = DEFINED (__FUSE_REGION_LENGTH__)?__FUSE_REGION_LENGTH__:0x400
                0x00000400                __LOCK_REGION_LENGTH__ = DEFINED (__LOCK_REGION_LENGTH__)?__LOCK_REGION_LENGTH__:0x400
                0x00000400                __SIGNATURE_REGION_LENGTH__ = DEFINED (__SIGNATURE_REGION_LENGTH__)?__SIGNATURE_REGION_LENGTH__:0x400
                0x00000400                __USER_SIGNATURE_REGION_LENGTH__ = DEFINED (__USER_SIGNATURE_REGION_LENGTH__)?__USER_SIGNATURE_REGION_LENGTH__:0x400

.hash
 *(.hash)

.dynsym
 *(.dynsym)

.dynstr
 *(.dynstr)

.gnu.version
 *(.gnu.version)

.gnu.version_d
 *(.gnu.version_d)

.gnu.version_r
 *(.gnu.version_r)

.rel.init
 *(.rel.init)

.rela.init
 *(.rela.init)

.rel.text
 *(.rel.text)
 *(.rel.text.*)
 *(.rel.gnu.linkonce.t*)

.rela.text
 *(.rela.text)
 *(.rela.text.*)
 *(.rela.gnu.linkonce.t*)

.rel.fini
 *(.rel.fini)

.rela.fini
 *(.rela.fini)

.rel.rodata
 *(.rel.rodata)
 *(.rel.rodata.*)
 *(.rel.gnu.linkonce.r*)

.rela.rodata
 *(.rela.rodata)
 *(.rela.rodata.*)
 *(.rela.gnu.linkonce.r*)

.rel.data
 *(.rel.data)
 *(.rel.data.*)
 *(.rel.gnu.linkonce.d*)

.rela.data
 *(.rela.data)
 *(.rela.data.*)
 *(.rela.gnu.linkonce.d*)

.rel.ctors
 *(.rel.ctors)

.rela.ctors
 *(.rela.ctors)

.rel.dtors
 *(.rel.dtors)

.rela.dtors
 *(.rela.dtors)

.rel.got
 *(.rel.got)

.rela.got
 *(.rela.got)

.rel.bss
 *(.rel.bss)

.rela.bss
 *(.rela.bss)

.rel.plt
 *(.rel.plt)

.rela.plt
 *(.rela.plt)

.text           0x00000000     0x2a18
 *(.vectors)
 .vectors       0x00000000       0x8c C:/Program Files (x86)/Atmel/Studio/7.0/Packs/atmel/ATmega_DFP/1.2.132/gcc/dev/atmega64/avr5/crtatmega64.o
                0x00000000                __vector_default
                0x00000000                __vectors
 *(.vectors)
 *(.progmem.gcc*)
 .progmem.gcc_sw_table.vBluetoothReceiveCommandUART1
                0x0000008c       0x20 main.o
                0x000000ac                . = ALIGN (0x2)
                0x000000ac                __trampolines_start = .
 *(.trampolines)
 .trampolines   0x000000ac        0x0 linker stubs
 *(.trampolines*)
                0x000000ac                __trampolines_end = .
 *libprintf_flt.a:*(.progmem.data)
 *libc.a:*(.progmem.data)
 *(.progmem*)
                0x000000ac                . = ALIGN (0x2)
 *(.jumptables)
 *(.jumptables*)
 *(.lowtext)
 *(.lowtext*)
                0x000000ac                __ctors_start = .
 *(.ctors)
                0x000000ac                __ctors_end = .
                0x000000ac                __dtors_start = .
 *(.dtors)
                0x000000ac                __dtors_end = .
 SORT(*)(.ctors)
 SORT(*)(.dtors)
 *(.init0)
 .init0         0x000000ac        0x0 C:/Program Files (x86)/Atmel/Studio/7.0/Packs/atmel/ATmega_DFP/1.2.132/gcc/dev/atmega64/avr5/crtatmega64.o
                0x000000ac                __init
 *(.init0)
 *(.init1)
 *(.init1)
 *(.init2)
 .init2         0x000000ac        0xc C:/Program Files (x86)/Atmel/Studio/7.0/Packs/atmel/ATmega_DFP/1.2.132/gcc/dev/atmega64/avr5/crtatmega64.o
 *(.init2)
 *(.init3)
 *(.init3)
 *(.init4)
 .init4         0x000000b8       0x16 c:/program files (x86)/atmel/studio/7.0/toolchain/avr8/avr8-gnu-toolchain/bin/../lib/gcc/avr/5.4.0/avr5\libgcc.a(_copy_data.o)
                0x000000b8                __do_copy_data
 .init4         0x000000ce       0x10 c:/program files (x86)/atmel/studio/7.0/toolchain/avr8/avr8-gnu-toolchain/bin/../lib/gcc/avr/5.4.0/avr5\libgcc.a(_clear_bss.o)
                0x000000ce                __do_clear_bss
 *(.init4)
 *(.init5)
 *(.init5)
 *(.init6)
 *(.init6)
 *(.init7)
 *(.init7)
 *(.init8)
 *(.init8)
 *(.init9)
 .init9         0x000000de        0x8 C:/Program Files (x86)/Atmel/Studio/7.0/Packs/atmel/ATmega_DFP/1.2.132/gcc/dev/atmega64/avr5/crtatmega64.o
 *(.init9)
 *(.text)
 .text          0x000000e6        0x4 C:/Program Files (x86)/Atmel/Studio/7.0/Packs/atmel/ATmega_DFP/1.2.132/gcc/dev/atmega64/avr5/crtatmega64.o
                0x000000e6                __vector_22
                0x000000e6                __vector_28
                0x000000e6                __vector_1
                0x000000e6                __vector_32
                0x000000e6                __vector_34
                0x000000e6                __vector_24
                0x000000e6                __bad_interrupt
                0x000000e6                __vector_6
                0x000000e6                __vector_31
                0x000000e6                __vector_3
                0x000000e6                __vector_23
                0x000000e6                __vector_25
                0x000000e6                __vector_11
                0x000000e6                __vector_13
                0x000000e6                __vector_17
                0x000000e6                __vector_19
                0x000000e6                __vector_7
                0x000000e6                __vector_27
                0x000000e6                __vector_5
                0x000000e6                __vector_33
                0x000000e6                __vector_4
                0x000000e6                __vector_9
                0x000000e6                __vector_2
                0x000000e6                __vector_21
                0x000000e6                __vector_15
                0x000000e6                __vector_29
                0x000000e6                __vector_8
                0x000000e6                __vector_26
                0x000000e6                __vector_14
                0x000000e6                __vector_10
                0x000000e6                __vector_16
                0x000000e6                __vector_20
 .text          0x000000ea        0x0 FreeRTOS/Source/croutine.o
 .text          0x000000ea        0x0 FreeRTOS/Source/event_groups.o
 .text          0x000000ea        0x0 FreeRTOS/Source/list.o
 .text          0x000000ea        0x0 FreeRTOS/Source/portable/GCC/ATMega64/port.o
 .text          0x000000ea        0x0 FreeRTOS/Source/portable/MemMang/heap_1.o
 .text          0x000000ea        0x0 FreeRTOS/Source/queue.o
 .text          0x000000ea        0x0 FreeRTOS/Source/tasks.o
 .text          0x000000ea        0x0 FreeRTOS/Source/timers.o
 .text          0x000000ea        0x0 main.o
 .text          0x000000ea        0x0 c:/program files (x86)/atmel/studio/7.0/toolchain/avr8/avr8-gnu-toolchain/bin/../lib/gcc/avr/5.4.0/avr5\libgcc.a(_exit.o)
 .text          0x000000ea        0x0 c:/program files (x86)/atmel/studio/7.0/toolchain/avr8/avr8-gnu-toolchain/bin/../lib/gcc/avr/5.4.0/avr5\libgcc.a(_tablejump2.o)
 .text          0x000000ea        0x0 c:/program files (x86)/atmel/studio/7.0/toolchain/avr8/avr8-gnu-toolchain/bin/../lib/gcc/avr/5.4.0/avr5\libgcc.a(_copy_data.o)
 .text          0x000000ea        0x0 c:/program files (x86)/atmel/studio/7.0/toolchain/avr8/avr8-gnu-toolchain/bin/../lib/gcc/avr/5.4.0/avr5\libgcc.a(_clear_bss.o)
 .text          0x000000ea        0x0 c:/program files (x86)/atmel/studio/7.0/toolchain/avr8/avr8-gnu-toolchain/bin/../lib/gcc/avr/5.4.0/../../../../avr/lib/avr5\libc.a(memcpy.o)
                0x000000ea                . = ALIGN (0x2)
 *(.text.*)
 .text.prvInitialiseCoRoutineLists
                0x000000ea       0x5e FreeRTOS/Source/croutine.o
 .text.prvCheckPendingReadyList
                0x00000148       0x6c FreeRTOS/Source/croutine.o
 .text.prvCheckDelayedList
                0x000001b4      0x106 FreeRTOS/Source/croutine.o
 .text.xCoRoutineCreate
                0x000002ba       0xba FreeRTOS/Source/croutine.o
                0x000002ba                xCoRoutineCreate
 .text.vCoRoutineAddToDelayedList
                0x00000374       0x86 FreeRTOS/Source/croutine.o
                0x00000374                vCoRoutineAddToDelayedList
 .text.vCoRoutineSchedule
                0x000003fa       0xb0 FreeRTOS/Source/croutine.o
                0x000003fa                vCoRoutineSchedule
 .text.xCoRoutineRemoveFromEventList
                0x000004aa       0x4c FreeRTOS/Source/croutine.o
                0x000004aa                xCoRoutineRemoveFromEventList
 .text.prvTestWaitCondition
                0x000004f6       0x26 FreeRTOS/Source/event_groups.o
 .text.xEventGroupCreate
                0x0000051c       0x26 FreeRTOS/Source/event_groups.o
                0x0000051c                xEventGroupCreate
 .text.xEventGroupWaitBits
                0x00000542       0xe4 FreeRTOS/Source/event_groups.o
                0x00000542                xEventGroupWaitBits
 .text.xEventGroupClearBits
                0x00000626       0x1e FreeRTOS/Source/event_groups.o
                0x00000626                xEventGroupClearBits
 .text.xEventGroupGetBitsFromISR
                0x00000644        0x8 FreeRTOS/Source/event_groups.o
                0x00000644                xEventGroupGetBitsFromISR
 .text.xEventGroupSetBits
                0x0000064c       0xc8 FreeRTOS/Source/event_groups.o
                0x0000064c                xEventGroupSetBits
 .text.xEventGroupSync
                0x00000714       0xd6 FreeRTOS/Source/event_groups.o
                0x00000714                xEventGroupSync
 .text.vEventGroupDelete
                0x000007ea       0x2e FreeRTOS/Source/event_groups.o
                0x000007ea                vEventGroupDelete
 .text.vEventGroupSetBitsCallback
                0x00000818        0x8 FreeRTOS/Source/event_groups.o
                0x00000818                vEventGroupSetBitsCallback
 .text.vEventGroupClearBitsCallback
                0x00000820        0x8 FreeRTOS/Source/event_groups.o
                0x00000820                vEventGroupClearBitsCallback
 .text.vListInitialise
                0x00000828       0x1c FreeRTOS/Source/list.o
                0x00000828                vListInitialise
 .text.vListInitialiseItem
                0x00000844        0x8 FreeRTOS/Source/list.o
                0x00000844                vListInitialiseItem
 .text.vListInsertEnd
                0x0000084c       0x42 FreeRTOS/Source/list.o
                0x0000084c                vListInsertEnd
 .text.vListInsert
                0x0000088e       0x62 FreeRTOS/Source/list.o
                0x0000088e                vListInsert
 .text.uxListRemove
                0x000008f0       0x4c FreeRTOS/Source/list.o
                0x000008f0                uxListRemove
 .text.prvSetupTimerInterrupt
                0x0000093c       0x14 FreeRTOS/Source/portable/GCC/ATMega64/port.o
 .text.pxPortInitialiseStack
                0x00000950       0xd8 FreeRTOS/Source/portable/GCC/ATMega64/port.o
                0x00000950                pxPortInitialiseStack
 .text.xPortStartScheduler
                0x00000a28       0x5e FreeRTOS/Source/portable/GCC/ATMega64/port.o
                0x00000a28                xPortStartScheduler
 .text.vPortEndScheduler
                0x00000a86        0x2 FreeRTOS/Source/portable/GCC/ATMega64/port.o
                0x00000a86                vPortEndScheduler
 .text.vPortYield
                0x00000a88       0xb2 FreeRTOS/Source/portable/GCC/ATMega64/port.o
                0x00000a88                vPortYield
 .text.vPortYieldFromTick
                0x00000b3a       0xb8 FreeRTOS/Source/portable/GCC/ATMega64/port.o
                0x00000b3a                vPortYieldFromTick
 .text.__vector_12
                0x00000bf2        0x6 FreeRTOS/Source/portable/GCC/ATMega64/port.o
                0x00000bf2                __vector_12
 .text.pvPortMalloc
                0x00000bf8       0x6a FreeRTOS/Source/portable/MemMang/heap_1.o
                0x00000bf8                pvPortMalloc
 .text.vPortFree
                0x00000c62        0x2 FreeRTOS/Source/portable/MemMang/heap_1.o
                0x00000c62                vPortFree
 .text.vPortInitialiseBlocks
                0x00000c64        0xa FreeRTOS/Source/portable/MemMang/heap_1.o
                0x00000c64                vPortInitialiseBlocks
 .text.xPortGetFreeHeapSize
                0x00000c6e       0x12 FreeRTOS/Source/portable/MemMang/heap_1.o
                0x00000c6e                xPortGetFreeHeapSize
 .text.prvIsQueueEmpty
                0x00000c80       0x1a FreeRTOS/Source/queue.o
 .text.prvIsQueueFull
                0x00000c9a       0x1c FreeRTOS/Source/queue.o
 .text.prvCopyDataToQueue
                0x00000cb6       0xbe FreeRTOS/Source/queue.o
 .text.prvCopyDataFromQueue
                0x00000d74       0x34 FreeRTOS/Source/queue.o
 .text.prvUnlockQueue
                0x00000da8       0x68 FreeRTOS/Source/queue.o
 .text.xQueueGenericReset
                0x00000e10       0x8c FreeRTOS/Source/queue.o
                0x00000e10                xQueueGenericReset
 .text.prvInitialiseNewQueue
                0x00000e9c       0x26 FreeRTOS/Source/queue.o
 .text.xQueueGenericCreate
                0x00000ec2       0x54 FreeRTOS/Source/queue.o
                0x00000ec2                xQueueGenericCreate
 .text.xQueueGenericSend
                0x00000f16      0x124 FreeRTOS/Source/queue.o
                0x00000f16                xQueueGenericSend
 .text.prvInitialiseMutex
                0x0000103a       0x20 FreeRTOS/Source/queue.o
 .text.xQueueCreateMutex
                0x0000105a       0x1c FreeRTOS/Source/queue.o
                0x0000105a                xQueueCreateMutex
 .text.xQueueGenericSendFromISR
                0x00001076       0x74 FreeRTOS/Source/queue.o
                0x00001076                xQueueGenericSendFromISR
 .text.xQueueGiveFromISR
                0x000010ea       0x52 FreeRTOS/Source/queue.o
                0x000010ea                xQueueGiveFromISR
 .text.xQueueGenericReceive
                0x0000113c      0x182 FreeRTOS/Source/queue.o
                0x0000113c                xQueueGenericReceive
 .text.xQueueReceiveFromISR
                0x000012be       0x6e FreeRTOS/Source/queue.o
                0x000012be                xQueueReceiveFromISR
 .text.xQueuePeekFromISR
                0x0000132c       0x2e FreeRTOS/Source/queue.o
                0x0000132c                xQueuePeekFromISR
 .text.uxQueueMessagesWaiting
                0x0000135a       0x10 FreeRTOS/Source/queue.o
                0x0000135a                uxQueueMessagesWaiting
 .text.uxQueueSpacesAvailable
                0x0000136a       0x16 FreeRTOS/Source/queue.o
                0x0000136a                uxQueueSpacesAvailable
 .text.uxQueueMessagesWaitingFromISR
                0x00001380        0x6 FreeRTOS/Source/queue.o
                0x00001380                uxQueueMessagesWaitingFromISR
 .text.vQueueDelete
                0x00001386        0x6 FreeRTOS/Source/queue.o
                0x00001386                vQueueDelete
 .text.xQueueIsQueueEmptyFromISR
                0x0000138c       0x10 FreeRTOS/Source/queue.o
                0x0000138c                xQueueIsQueueEmptyFromISR
 .text.xQueueIsQueueFullFromISR
                0x0000139c       0x12 FreeRTOS/Source/queue.o
                0x0000139c                xQueueIsQueueFullFromISR
 .text.xQueueCRSend
                0x000013ae       0x80 FreeRTOS/Source/queue.o
                0x000013ae                xQueueCRSend
 .text.xQueueCRReceive
                0x0000142e       0x92 FreeRTOS/Source/queue.o
                0x0000142e                xQueueCRReceive
 .text.xQueueCRSendFromISR
                0x000014c0       0x4c FreeRTOS/Source/queue.o
                0x000014c0                xQueueCRSendFromISR
 .text.xQueueCRReceiveFromISR
                0x0000150c       0x82 FreeRTOS/Source/queue.o
                0x0000150c                xQueueCRReceiveFromISR
 .text.prvResetNextTaskUnblockTime
                0x0000158e       0x3e FreeRTOS/Source/tasks.o
 .text.prvInitialiseNewTask
                0x000015cc       0xd8 FreeRTOS/Source/tasks.o
 .text.prvInitialiseTaskLists
                0x000016a4       0x5e FreeRTOS/Source/tasks.o
 .text.prvAddNewTaskToReadyList
                0x00001702       0xb8 FreeRTOS/Source/tasks.o
 .text.prvAddCurrentTaskToDelayedList
                0x000017ba       0x88 FreeRTOS/Source/tasks.o
 .text.prvIdleTask
                0x00001842       0x12 FreeRTOS/Source/tasks.o
 .text.xTaskCreate
                0x00001854       0xa8 FreeRTOS/Source/tasks.o
                0x00001854                xTaskCreate
 .text.vTaskStartScheduler
                0x000018fc       0x54 FreeRTOS/Source/tasks.o
                0x000018fc                vTaskStartScheduler
 .text.vTaskEndScheduler
                0x00001950        0xc FreeRTOS/Source/tasks.o
                0x00001950                vTaskEndScheduler
 .text.vTaskSuspendAll
                0x0000195c        0xc FreeRTOS/Source/tasks.o
                0x0000195c                vTaskSuspendAll
 .text.xTaskGetTickCount
                0x00001968       0x14 FreeRTOS/Source/tasks.o
                0x00001968                xTaskGetTickCount
 .text.xTaskGetTickCountFromISR
                0x0000197c        0xa FreeRTOS/Source/tasks.o
                0x0000197c                xTaskGetTickCountFromISR
 .text.uxTaskGetNumberOfTasks
                0x00001986        0x6 FreeRTOS/Source/tasks.o
                0x00001986                uxTaskGetNumberOfTasks
 .text.pcTaskGetName
                0x0000198c       0x10 FreeRTOS/Source/tasks.o
                0x0000198c                pcTaskGetName
 .text.xTaskIncrementTick
                0x0000199c      0x174 FreeRTOS/Source/tasks.o
                0x0000199c                xTaskIncrementTick
 .text.xTaskResumeAll
                0x00001b10       0xe4 FreeRTOS/Source/tasks.o
                0x00001b10                xTaskResumeAll
 .text.vTaskDelayUntil
                0x00001bf4       0x82 FreeRTOS/Source/tasks.o
                0x00001bf4                vTaskDelayUntil
 .text.vTaskDelay
                0x00001c76       0x2c FreeRTOS/Source/tasks.o
                0x00001c76                vTaskDelay
 .text.vTaskSwitchContext
                0x00001ca2       0xa8 FreeRTOS/Source/tasks.o
                0x00001ca2                vTaskSwitchContext
 .text.vTaskPlaceOnEventList
                0x00001d4a       0x24 FreeRTOS/Source/tasks.o
                0x00001d4a                vTaskPlaceOnEventList
 .text.vTaskPlaceOnUnorderedEventList
                0x00001d6e       0x32 FreeRTOS/Source/tasks.o
                0x00001d6e                vTaskPlaceOnUnorderedEventList
 .text.xTaskRemoveFromEventList
                0x00001da0       0x90 FreeRTOS/Source/tasks.o
                0x00001da0                xTaskRemoveFromEventList
 .text.xTaskRemoveFromUnorderedEventList
                0x00001e30       0x74 FreeRTOS/Source/tasks.o
                0x00001e30                xTaskRemoveFromUnorderedEventList
 .text.vTaskSetTimeOutState
                0x00001ea4       0x16 FreeRTOS/Source/tasks.o
                0x00001ea4                vTaskSetTimeOutState
 .text.xTaskCheckForTimeOut
                0x00001eba       0x64 FreeRTOS/Source/tasks.o
                0x00001eba                xTaskCheckForTimeOut
 .text.vTaskMissedYield
                0x00001f1e        0x8 FreeRTOS/Source/tasks.o
                0x00001f1e                vTaskMissedYield
 .text.xTaskGetCurrentTaskHandle
                0x00001f26        0xa FreeRTOS/Source/tasks.o
                0x00001f26                xTaskGetCurrentTaskHandle
 .text.vTaskPriorityInherit
                0x00001f30       0xc4 FreeRTOS/Source/tasks.o
                0x00001f30                vTaskPriorityInherit
 .text.xTaskPriorityDisinherit
                0x00001ff4       0x80 FreeRTOS/Source/tasks.o
                0x00001ff4                xTaskPriorityDisinherit
 .text.uxTaskResetEventItemValue
                0x00002074       0x2e FreeRTOS/Source/tasks.o
                0x00002074                uxTaskResetEventItemValue
 .text.pvTaskIncrementMutexHeldCount
                0x000020a2       0x24 FreeRTOS/Source/tasks.o
                0x000020a2                pvTaskIncrementMutexHeldCount
 .text.ulTaskNotifyTake
                0x000020c6       0xae FreeRTOS/Source/tasks.o
                0x000020c6                ulTaskNotifyTake
 .text.xTaskNotifyWait
                0x00002174      0x108 FreeRTOS/Source/tasks.o
                0x00002174                xTaskNotifyWait
 .text.xTaskGenericNotify
                0x0000227c      0x10a FreeRTOS/Source/tasks.o
                0x0000227c                xTaskGenericNotify
 .text.xTaskGenericNotifyFromISR
                0x00002386      0x130 FreeRTOS/Source/tasks.o
                0x00002386                xTaskGenericNotifyFromISR
 .text.vTaskNotifyGiveFromISR
                0x000024b6       0xb6 FreeRTOS/Source/tasks.o
                0x000024b6                vTaskNotifyGiveFromISR
 .text.xTaskNotifyStateClear
                0x0000256c       0x28 FreeRTOS/Source/tasks.o
                0x0000256c                xTaskNotifyStateClear
 .text.vErrorHandler
                0x00002594        0x2 main.o
 .text.vBluetoothTransmitServiceUART1
                0x00002596       0x20 main.o
 .text.vRoombaTransmitServiceUART0
                0x000025b6       0x1c main.o
 .text.error    0x000025d2       0x2c main.o
 .text.getByteFromBT
                0x000025fe       0x36 main.o
 .text.getByteFromRoomba
                0x00002634       0x36 main.o
 .text.sendByteToRoomba
                0x0000266a       0x36 main.o
 .text.handlerRoombaSCIStandard
                0x000026a0       0x24 main.o
 .text.handlerRoombaSCISong
                0x000026c4       0x34 main.o
 .text.sendByteToBT
                0x000026f8       0x36 main.o
 .text.handlerRoombaSCISensors
                0x0000272e       0x62 main.o
 .text.vBluetoothReceiveCommandUART1
                0x00002790       0x68 main.o
 .text.vPeriodicTask
                0x000027f8       0x38 main.o
 .text.main     0x00002830      0x110 main.o
                0x00002830                main
 .text.vApplicationIdleHook
                0x00002940        0x2 main.o
                0x00002940                vApplicationIdleHook
 .text.__vector_18
                0x00002942       0x5a main.o
                0x00002942                __vector_18
 .text.__vector_30
                0x0000299c       0x5a main.o
                0x0000299c                __vector_30
 .text.libgcc.mul
                0x000029f6        0x0 c:/program files (x86)/atmel/studio/7.0/toolchain/avr8/avr8-gnu-toolchain/bin/../lib/gcc/avr/5.4.0/avr5\libgcc.a(_exit.o)
 .text.libgcc.div
                0x000029f6        0x0 c:/program files (x86)/atmel/studio/7.0/toolchain/avr8/avr8-gnu-toolchain/bin/../lib/gcc/avr/5.4.0/avr5\libgcc.a(_exit.o)
 .text.libgcc   0x000029f6        0x0 c:/program files (x86)/atmel/studio/7.0/toolchain/avr8/avr8-gnu-toolchain/bin/../lib/gcc/avr/5.4.0/avr5\libgcc.a(_exit.o)
 .text.libgcc.prologue
                0x000029f6        0x0 c:/program files (x86)/atmel/studio/7.0/toolchain/avr8/avr8-gnu-toolchain/bin/../lib/gcc/avr/5.4.0/avr5\libgcc.a(_exit.o)
 .text.libgcc.builtins
                0x000029f6        0x0 c:/program files (x86)/atmel/studio/7.0/toolchain/avr8/avr8-gnu-toolchain/bin/../lib/gcc/avr/5.4.0/avr5\libgcc.a(_exit.o)
 .text.libgcc.fmul
                0x000029f6        0x0 c:/program files (x86)/atmel/studio/7.0/toolchain/avr8/avr8-gnu-toolchain/bin/../lib/gcc/avr/5.4.0/avr5\libgcc.a(_exit.o)
 .text.libgcc.fixed
                0x000029f6        0x0 c:/program files (x86)/atmel/studio/7.0/toolchain/avr8/avr8-gnu-toolchain/bin/../lib/gcc/avr/5.4.0/avr5\libgcc.a(_exit.o)
 .text.libgcc.mul
                0x000029f6        0x0 c:/program files (x86)/atmel/studio/7.0/toolchain/avr8/avr8-gnu-toolchain/bin/../lib/gcc/avr/5.4.0/avr5\libgcc.a(_tablejump2.o)
 .text.libgcc.div
                0x000029f6        0x0 c:/program files (x86)/atmel/studio/7.0/toolchain/avr8/avr8-gnu-toolchain/bin/../lib/gcc/avr/5.4.0/avr5\libgcc.a(_tablejump2.o)
 .text.libgcc   0x000029f6        0xc c:/program files (x86)/atmel/studio/7.0/toolchain/avr8/avr8-gnu-toolchain/bin/../lib/gcc/avr/5.4.0/avr5\libgcc.a(_tablejump2.o)
                0x000029f6                __tablejump2__
 .text.libgcc.prologue
                0x00002a02        0x0 c:/program files (x86)/atmel/studio/7.0/toolchain/avr8/avr8-gnu-toolchain/bin/../lib/gcc/avr/5.4.0/avr5\libgcc.a(_tablejump2.o)
 .text.libgcc.builtins
                0x00002a02        0x0 c:/program files (x86)/atmel/studio/7.0/toolchain/avr8/avr8-gnu-toolchain/bin/../lib/gcc/avr/5.4.0/avr5\libgcc.a(_tablejump2.o)
 .text.libgcc.fmul
                0x00002a02        0x0 c:/program files (x86)/atmel/studio/7.0/toolchain/avr8/avr8-gnu-toolchain/bin/../lib/gcc/avr/5.4.0/avr5\libgcc.a(_tablejump2.o)
 .text.libgcc.fixed
                0x00002a02        0x0 c:/program files (x86)/atmel/studio/7.0/toolchain/avr8/avr8-gnu-toolchain/bin/../lib/gcc/avr/5.4.0/avr5\libgcc.a(_tablejump2.o)
 .text.libgcc.mul
                0x00002a02        0x0 c:/program files (x86)/atmel/studio/7.0/toolchain/avr8/avr8-gnu-toolchain/bin/../lib/gcc/avr/5.4.0/avr5\libgcc.a(_copy_data.o)
 .text.libgcc.div
                0x00002a02        0x0 c:/program files (x86)/atmel/studio/7.0/toolchain/avr8/avr8-gnu-toolchain/bin/../lib/gcc/avr/5.4.0/avr5\libgcc.a(_copy_data.o)
 .text.libgcc   0x00002a02        0x0 c:/program files (x86)/atmel/studio/7.0/toolchain/avr8/avr8-gnu-toolchain/bin/../lib/gcc/avr/5.4.0/avr5\libgcc.a(_copy_data.o)
 .text.libgcc.prologue
                0x00002a02        0x0 c:/program files (x86)/atmel/studio/7.0/toolchain/avr8/avr8-gnu-toolchain/bin/../lib/gcc/avr/5.4.0/avr5\libgcc.a(_copy_data.o)
 .text.libgcc.builtins
                0x00002a02        0x0 c:/program files (x86)/atmel/studio/7.0/toolchain/avr8/avr8-gnu-toolchain/bin/../lib/gcc/avr/5.4.0/avr5\libgcc.a(_copy_data.o)
 .text.libgcc.fmul
                0x00002a02        0x0 c:/program files (x86)/atmel/studio/7.0/toolchain/avr8/avr8-gnu-toolchain/bin/../lib/gcc/avr/5.4.0/avr5\libgcc.a(_copy_data.o)
 .text.libgcc.fixed
                0x00002a02        0x0 c:/program files (x86)/atmel/studio/7.0/toolchain/avr8/avr8-gnu-toolchain/bin/../lib/gcc/avr/5.4.0/avr5\libgcc.a(_copy_data.o)
 .text.libgcc.mul
                0x00002a02        0x0 c:/program files (x86)/atmel/studio/7.0/toolchain/avr8/avr8-gnu-toolchain/bin/../lib/gcc/avr/5.4.0/avr5\libgcc.a(_clear_bss.o)
 .text.libgcc.div
                0x00002a02        0x0 c:/program files (x86)/atmel/studio/7.0/toolchain/avr8/avr8-gnu-toolchain/bin/../lib/gcc/avr/5.4.0/avr5\libgcc.a(_clear_bss.o)
 .text.libgcc   0x00002a02        0x0 c:/program files (x86)/atmel/studio/7.0/toolchain/avr8/avr8-gnu-toolchain/bin/../lib/gcc/avr/5.4.0/avr5\libgcc.a(_clear_bss.o)
 .text.libgcc.prologue
                0x00002a02        0x0 c:/program files (x86)/atmel/studio/7.0/toolchain/avr8/avr8-gnu-toolchain/bin/../lib/gcc/avr/5.4.0/avr5\libgcc.a(_clear_bss.o)
 .text.libgcc.builtins
                0x00002a02        0x0 c:/program files (x86)/atmel/studio/7.0/toolchain/avr8/avr8-gnu-toolchain/bin/../lib/gcc/avr/5.4.0/avr5\libgcc.a(_clear_bss.o)
 .text.libgcc.fmul
                0x00002a02        0x0 c:/program files (x86)/atmel/studio/7.0/toolchain/avr8/avr8-gnu-toolchain/bin/../lib/gcc/avr/5.4.0/avr5\libgcc.a(_clear_bss.o)
 .text.libgcc.fixed
                0x00002a02        0x0 c:/program files (x86)/atmel/studio/7.0/toolchain/avr8/avr8-gnu-toolchain/bin/../lib/gcc/avr/5.4.0/avr5\libgcc.a(_clear_bss.o)
 .text.avr-libc
                0x00002a02       0x12 c:/program files (x86)/atmel/studio/7.0/toolchain/avr8/avr8-gnu-toolchain/bin/../lib/gcc/avr/5.4.0/../../../../avr/lib/avr5\libc.a(memcpy.o)
                0x00002a02                memcpy
                0x00002a14                . = ALIGN (0x2)
 *(.fini9)
 .fini9         0x00002a14        0x0 c:/program files (x86)/atmel/studio/7.0/toolchain/avr8/avr8-gnu-toolchain/bin/../lib/gcc/avr/5.4.0/avr5\libgcc.a(_exit.o)
                0x00002a14                _exit
                0x00002a14                exit
 *(.fini9)
 *(.fini8)
 *(.fini8)
 *(.fini7)
 *(.fini7)
 *(.fini6)
 *(.fini6)
 *(.fini5)
 *(.fini5)
 *(.fini4)
 *(.fini4)
 *(.fini3)
 *(.fini3)
 *(.fini2)
 *(.fini2)
 *(.fini1)
 *(.fini1)
 *(.fini0)
 .fini0         0x00002a14        0x4 c:/program files (x86)/atmel/studio/7.0/toolchain/avr8/avr8-gnu-toolchain/bin/../lib/gcc/avr/5.4.0/avr5\libgcc.a(_exit.o)
 *(.fini0)
                0x00002a18                _etext = .

.data           0x00800100       0x2a load address 0x00002a18
                0x00800100                PROVIDE (__data_start, .)
 *(.data)
 .data          0x00800100        0x0 C:/Program Files (x86)/Atmel/Studio/7.0/Packs/atmel/ATmega_DFP/1.2.132/gcc/dev/atmega64/avr5/crtatmega64.o
 .data          0x00800100        0x0 FreeRTOS/Source/croutine.o
 .data          0x00800100        0x0 FreeRTOS/Source/event_groups.o
 .data          0x00800100        0x0 FreeRTOS/Source/list.o
 .data          0x00800100        0x0 FreeRTOS/Source/portable/GCC/ATMega64/port.o
 .data          0x00800100        0x0 FreeRTOS/Source/portable/MemMang/heap_1.o
 .data          0x00800100        0x0 FreeRTOS/Source/queue.o
 .data          0x00800100        0x0 FreeRTOS/Source/tasks.o
 .data          0x00800100        0x0 FreeRTOS/Source/timers.o
 .data          0x00800100        0x0 main.o
 .data          0x00800100        0x0 c:/program files (x86)/atmel/studio/7.0/toolchain/avr8/avr8-gnu-toolchain/bin/../lib/gcc/avr/5.4.0/avr5\libgcc.a(_exit.o)
 .data          0x00800100        0x0 c:/program files (x86)/atmel/studio/7.0/toolchain/avr8/avr8-gnu-toolchain/bin/../lib/gcc/avr/5.4.0/avr5\libgcc.a(_tablejump2.o)
 .data          0x00800100        0x0 c:/program files (x86)/atmel/studio/7.0/toolchain/avr8/avr8-gnu-toolchain/bin/../lib/gcc/avr/5.4.0/avr5\libgcc.a(_copy_data.o)
 .data          0x00800100        0x0 c:/program files (x86)/atmel/studio/7.0/toolchain/avr8/avr8-gnu-toolchain/bin/../lib/gcc/avr/5.4.0/avr5\libgcc.a(_clear_bss.o)
 .data          0x00800100        0x0 c:/program files (x86)/atmel/studio/7.0/toolchain/avr8/avr8-gnu-toolchain/bin/../lib/gcc/avr/5.4.0/../../../../avr/lib/avr5\libc.a(memcpy.o)
 *(.data*)
 *(.rodata)
 *(.rodata*)
 .rodata.str1.1
                0x00800100        0x5 FreeRTOS/Source/tasks.o
 .rodata.str1.1
                0x00800105       0x25 main.o
 *(.gnu.linkonce.d*)
                0x0080012a                . = ALIGN (0x2)
                0x0080012a                _edata = .
                0x0080012a                PROVIDE (__data_end, .)

.bss            0x0080012a      0xcbd
                0x0080012a                PROVIDE (__bss_start, .)
 *(.bss)
 .bss           0x0080012a        0x0 C:/Program Files (x86)/Atmel/Studio/7.0/Packs/atmel/ATmega_DFP/1.2.132/gcc/dev/atmega64/avr5/crtatmega64.o
 .bss           0x0080012a        0x0 FreeRTOS/Source/croutine.o
 .bss           0x0080012a        0x0 FreeRTOS/Source/event_groups.o
 .bss           0x0080012a        0x0 FreeRTOS/Source/list.o
 .bss           0x0080012a        0x0 FreeRTOS/Source/portable/GCC/ATMega64/port.o
 .bss           0x0080012a        0x0 FreeRTOS/Source/portable/MemMang/heap_1.o
 .bss           0x0080012a        0x0 FreeRTOS/Source/queue.o
 .bss           0x0080012a        0x0 FreeRTOS/Source/tasks.o
 .bss           0x0080012a        0x0 FreeRTOS/Source/timers.o
 .bss           0x0080012a        0x0 main.o
 .bss           0x0080012a        0x0 c:/program files (x86)/atmel/studio/7.0/toolchain/avr8/avr8-gnu-toolchain/bin/../lib/gcc/avr/5.4.0/avr5\libgcc.a(_exit.o)
 .bss           0x0080012a        0x0 c:/program files (x86)/atmel/studio/7.0/toolchain/avr8/avr8-gnu-toolchain/bin/../lib/gcc/avr/5.4.0/avr5\libgcc.a(_tablejump2.o)
 .bss           0x0080012a        0x0 c:/program files (x86)/atmel/studio/7.0/toolchain/avr8/avr8-gnu-toolchain/bin/../lib/gcc/avr/5.4.0/avr5\libgcc.a(_copy_data.o)
 .bss           0x0080012a        0x0 c:/program files (x86)/atmel/studio/7.0/toolchain/avr8/avr8-gnu-toolchain/bin/../lib/gcc/avr/5.4.0/avr5\libgcc.a(_clear_bss.o)
 .bss           0x0080012a        0x0 c:/program files (x86)/atmel/studio/7.0/toolchain/avr8/avr8-gnu-toolchain/bin/../lib/gcc/avr/5.4.0/../../../../avr/lib/avr5\libc.a(memcpy.o)
 *(.bss*)
 .bss.xPassedTicks
                0x0080012a        0x2 FreeRTOS/Source/croutine.o
 .bss.xLastTickCount
                0x0080012c        0x2 FreeRTOS/Source/croutine.o
 .bss.xCoRoutineTickCount
                0x0080012e        0x2 FreeRTOS/Source/croutine.o
 .bss.uxTopCoRoutineReadyPriority
                0x00800130        0x1 FreeRTOS/Source/croutine.o
 .bss.pxCurrentCoRoutine
                0x00800131        0x2 FreeRTOS/Source/croutine.o
                0x00800131                pxCurrentCoRoutine
 .bss.xPendingReadyCoRoutineList
                0x00800133        0x9 FreeRTOS/Source/croutine.o
 .bss.pxOverflowDelayedCoRoutineList
                0x0080013c        0x2 FreeRTOS/Source/croutine.o
 .bss.pxDelayedCoRoutineList
                0x0080013e        0x2 FreeRTOS/Source/croutine.o
 .bss.xDelayedCoRoutineList2
                0x00800140        0x9 FreeRTOS/Source/croutine.o
 .bss.xDelayedCoRoutineList1
                0x00800149        0x9 FreeRTOS/Source/croutine.o
 .bss.pxReadyCoRoutineLists
                0x00800152       0x12 FreeRTOS/Source/croutine.o
 .bss.pucAlignedHeap.2069
                0x00800164        0x2 FreeRTOS/Source/portable/MemMang/heap_1.o
 .bss.xNextFreeByte
                0x00800166        0x2 FreeRTOS/Source/portable/MemMang/heap_1.o
 .bss.ucHeap    0x00800168      0xc00 FreeRTOS/Source/portable/MemMang/heap_1.o
 .bss.uxSchedulerSuspended
                0x00800d68        0x1 FreeRTOS/Source/tasks.o
 .bss.xIdleTaskHandle
                0x00800d69        0x2 FreeRTOS/Source/tasks.o
 .bss.xNextTaskUnblockTime
                0x00800d6b        0x2 FreeRTOS/Source/tasks.o
 .bss.uxTaskNumber
                0x00800d6d        0x1 FreeRTOS/Source/tasks.o
 .bss.xNumOfOverflows
                0x00800d6e        0x1 FreeRTOS/Source/tasks.o
 .bss.xYieldPending
                0x00800d6f        0x1 FreeRTOS/Source/tasks.o
 .bss.uxPendedTicks
                0x00800d70        0x1 FreeRTOS/Source/tasks.o
 .bss.xSchedulerRunning
                0x00800d71        0x1 FreeRTOS/Source/tasks.o
 .bss.uxTopReadyPriority
                0x00800d72        0x1 FreeRTOS/Source/tasks.o
 .bss.xTickCount
                0x00800d73        0x2 FreeRTOS/Source/tasks.o
 .bss.uxCurrentNumberOfTasks
                0x00800d75        0x1 FreeRTOS/Source/tasks.o
 .bss.xPendingReadyList
                0x00800d76        0x9 FreeRTOS/Source/tasks.o
 .bss.pxOverflowDelayedTaskList
                0x00800d7f        0x2 FreeRTOS/Source/tasks.o
 .bss.pxDelayedTaskList
                0x00800d81        0x2 FreeRTOS/Source/tasks.o
 .bss.xDelayedTaskList2
                0x00800d83        0x9 FreeRTOS/Source/tasks.o
 .bss.xDelayedTaskList1
                0x00800d8c        0x9 FreeRTOS/Source/tasks.o
 .bss.pxReadyTasksLists
                0x00800d95       0x24 FreeRTOS/Source/tasks.o
 .bss.pxCurrentTCB
                0x00800db9        0x2 FreeRTOS/Source/tasks.o
                0x00800db9                pxCurrentTCB
 *(COMMON)
 COMMON         0x00800dbb       0x2c main.o
                0x00800dbb                bufferRoombaSendUART0
                0x00800dbd                bufferBluetoothSendUART1
                0x00800dbf                globalError
                0x00800dc1                bufferBluetoothReceiveUART1
                0x00800dc3                sensorDataMCU
                0x00800dcb                sensorDataRoomba
                0x00800de5                bufferRoombaReceiveUART0
                0x00800de7                PROVIDE (__bss_end, .)
                0x00002a18                __data_load_start = LOADADDR (.data)
                0x00002a42                __data_load_end = (__data_load_start + SIZEOF (.data))

.noinit         0x00800de7        0x0
                [!provide]                PROVIDE (__noinit_start, .)
 *(.noinit*)
                [!provide]                PROVIDE (__noinit_end, .)
                0x00800de7                _end = .
                [!provide]                PROVIDE (__heap_start, .)

.eeprom         0x00810000        0x0
 *(.eeprom*)
                0x00810000                __eeprom_end = .

.fuse
 *(.fuse)
 *(.lfuse)
 *(.hfuse)
 *(.efuse)

.lock
 *(.lock*)

.signature
 *(.signature*)

.user_signatures
 *(.user_signatures*)

.stab
 *(.stab)

.stabstr
 *(.stabstr)

.stab.excl
 *(.stab.excl)

.stab.exclstr
 *(.stab.exclstr)

.stab.index
 *(.stab.index)

.stab.indexstr
 *(.stab.indexstr)

.comment        0x00000000       0x30
 *(.comment)
 .comment       0x00000000       0x30 FreeRTOS/Source/croutine.o
                                 0x31 (size before relaxing)
 .comment       0x00000030       0x31 FreeRTOS/Source/event_groups.o
 .comment       0x00000030       0x31 FreeRTOS/Source/list.o
 .comment       0x00000030       0x31 FreeRTOS/Source/portable/GCC/ATMega64/port.o
 .comment       0x00000030       0x31 FreeRTOS/Source/portable/MemMang/heap_1.o
 .comment       0x00000030       0x31 FreeRTOS/Source/queue.o
 .comment       0x00000030       0x31 FreeRTOS/Source/tasks.o
 .comment       0x00000030       0x31 FreeRTOS/Source/timers.o
 .comment       0x00000030       0x31 main.o

.note.gnu.avr.deviceinfo
                0x00000000       0x3c
 .note.gnu.avr.deviceinfo
                0x00000000       0x3c C:/Program Files (x86)/Atmel/Studio/7.0/Packs/atmel/ATmega_DFP/1.2.132/gcc/dev/atmega64/avr5/crtatmega64.o

.note.gnu.build-id
 *(.note.gnu.build-id)

.debug
 *(.debug)

.line
 *(.line)

.debug_srcinfo
 *(.debug_srcinfo)

.debug_sfnames
 *(.debug_sfnames)

.debug_aranges  0x00000000      0x460
 *(.debug_aranges)
 .debug_aranges
                0x00000000       0x50 FreeRTOS/Source/croutine.o
 .debug_aranges
                0x00000050       0x68 FreeRTOS/Source/event_groups.o
 .debug_aranges
                0x000000b8       0x40 FreeRTOS/Source/list.o
 .debug_aranges
                0x000000f8       0x50 FreeRTOS/Source/portable/GCC/ATMega64/port.o
 .debug_aranges
                0x00000148       0x38 FreeRTOS/Source/portable/MemMang/heap_1.o
 .debug_aranges
                0x00000180       0xe8 FreeRTOS/Source/queue.o
 .debug_aranges
                0x00000268      0x140 FreeRTOS/Source/tasks.o
 .debug_aranges
                0x000003a8       0x18 FreeRTOS/Source/timers.o
 .debug_aranges
                0x000003c0       0xa0 main.o

.debug_pubnames
 *(.debug_pubnames)

.debug_info     0x00000000     0x54cc
 *(.debug_info .gnu.linkonce.wi.*)
 .debug_info    0x00000000      0x780 C:/Program Files (x86)/Atmel/Studio/7.0/Packs/atmel/ATmega_DFP/1.2.132/gcc/dev/atmega64/avr5/crtatmega64.o
 .debug_info    0x00000780      0x725 FreeRTOS/Source/croutine.o
 .debug_info    0x00000ea5      0x8c1 FreeRTOS/Source/event_groups.o
 .debug_info    0x00001766      0x2cd FreeRTOS/Source/list.o
 .debug_info    0x00001a33      0x24e FreeRTOS/Source/portable/GCC/ATMega64/port.o
 .debug_info    0x00001c81      0x1a4 FreeRTOS/Source/portable/MemMang/heap_1.o
 .debug_info    0x00001e25     0x146f FreeRTOS/Source/queue.o
 .debug_info    0x00003294     0x1788 FreeRTOS/Source/tasks.o
 .debug_info    0x00004a1c       0x64 FreeRTOS/Source/timers.o
 .debug_info    0x00004a80      0xa4c main.o

.debug_abbrev   0x00000000     0x153d
 *(.debug_abbrev)
 .debug_abbrev  0x00000000      0x718 C:/Program Files (x86)/Atmel/Studio/7.0/Packs/atmel/ATmega_DFP/1.2.132/gcc/dev/atmega64/avr5/crtatmega64.o
 .debug_abbrev  0x00000718      0x1fe FreeRTOS/Source/croutine.o
 .debug_abbrev  0x00000916      0x1d5 FreeRTOS/Source/event_groups.o
 .debug_abbrev  0x00000aeb       0xf8 FreeRTOS/Source/list.o
 .debug_abbrev  0x00000be3      0x143 FreeRTOS/Source/portable/GCC/ATMega64/port.o
 .debug_abbrev  0x00000d26      0x11c FreeRTOS/Source/portable/MemMang/heap_1.o
 .debug_abbrev  0x00000e42      0x211 FreeRTOS/Source/queue.o
 .debug_abbrev  0x00001053      0x2b6 FreeRTOS/Source/tasks.o
 .debug_abbrev  0x00001309       0x26 FreeRTOS/Source/timers.o
 .debug_abbrev  0x0000132f      0x20e main.o

.debug_line     0x00000000     0x2e5a
 *(.debug_line .debug_line.* .debug_line_end)
 .debug_line    0x00000000      0x169 C:/Program Files (x86)/Atmel/Studio/7.0/Packs/atmel/ATmega_DFP/1.2.132/gcc/dev/atmega64/avr5/crtatmega64.o
 .debug_line    0x00000169      0x3f7 FreeRTOS/Source/croutine.o
 .debug_line    0x00000560      0x44e FreeRTOS/Source/event_groups.o
 .debug_line    0x000009ae      0x21d FreeRTOS/Source/list.o
 .debug_line    0x00000bcb      0x2dc FreeRTOS/Source/portable/GCC/ATMega64/port.o
 .debug_line    0x00000ea7      0x1d9 FreeRTOS/Source/portable/MemMang/heap_1.o
 .debug_line    0x00001080      0xaf5 FreeRTOS/Source/queue.o
 .debug_line    0x00001b75      0xe1b FreeRTOS/Source/tasks.o
 .debug_line    0x00002990       0x1a FreeRTOS/Source/timers.o
 .debug_line    0x000029aa      0x4b0 main.o

.debug_frame    0x00000000      0xe14
 *(.debug_frame)
 .debug_frame   0x00000000      0x100 FreeRTOS/Source/croutine.o
 .debug_frame   0x00000100      0x15c FreeRTOS/Source/event_groups.o
 .debug_frame   0x0000025c       0x88 FreeRTOS/Source/list.o
 .debug_frame   0x000002e4       0x84 FreeRTOS/Source/portable/GCC/ATMega64/port.o
 .debug_frame   0x00000368       0x60 FreeRTOS/Source/portable/MemMang/heap_1.o
 .debug_frame   0x000003c8      0x340 FreeRTOS/Source/queue.o
 .debug_frame   0x00000708      0x4bc FreeRTOS/Source/tasks.o
 .debug_frame   0x00000bc4      0x250 main.o

.debug_str      0x00000000     0x1a0e
 *(.debug_str)
 .debug_str     0x00000000      0x27e C:/Program Files (x86)/Atmel/Studio/7.0/Packs/atmel/ATmega_DFP/1.2.132/gcc/dev/atmega64/avr5/crtatmega64.o
 .debug_str     0x0000027e      0x4ea FreeRTOS/Source/croutine.o
                                0x559 (size before relaxing)
 .debug_str     0x00000768      0x33a FreeRTOS/Source/event_groups.o
                                0x5a9 (size before relaxing)
 .debug_str     0x00000aa2       0x5b FreeRTOS/Source/list.o
                                0x2ce (size before relaxing)
 .debug_str     0x00000afd      0x13a FreeRTOS/Source/portable/GCC/ATMega64/port.o
                                0x2de (size before relaxing)
 .debug_str     0x00000c37       0x98 FreeRTOS/Source/portable/MemMang/heap_1.o
                                0x250 (size before relaxing)
 .debug_str     0x00000ccf      0x4f3 FreeRTOS/Source/queue.o
                                0x812 (size before relaxing)
 .debug_str     0x000011c2      0x61a FreeRTOS/Source/tasks.o
                                0xb98 (size before relaxing)
 .debug_str     0x000017dc       0x1c FreeRTOS/Source/timers.o
                                0x18d (size before relaxing)
 .debug_str     0x000017f8      0x216 main.o
                                0x469 (size before relaxing)

.debug_loc      0x00000000     0x503a
 *(.debug_loc)
 .debug_loc     0x00000000      0x3f0 FreeRTOS/Source/croutine.o
 .debug_loc     0x000003f0      0xb21 FreeRTOS/Source/event_groups.o
 .debug_loc     0x00000f11      0x145 FreeRTOS/Source/list.o
 .debug_loc     0x00001056      0x2a0 FreeRTOS/Source/portable/GCC/ATMega64/port.o
 .debug_loc     0x000012f6       0xf1 FreeRTOS/Source/portable/MemMang/heap_1.o
 .debug_loc     0x000013e7     0x1b8d FreeRTOS/Source/queue.o
 .debug_loc     0x00002f74     0x1a72 FreeRTOS/Source/tasks.o
 .debug_loc     0x000049e6      0x654 main.o

.debug_macinfo
 *(.debug_macinfo)

.debug_weaknames
 *(.debug_weaknames)

.debug_funcnames
 *(.debug_funcnames)

.debug_typenames
 *(.debug_typenames)

.debug_varnames
 *(.debug_varnames)

.debug_pubtypes
 *(.debug_pubtypes)

.debug_ranges   0x00000000      0x468
 *(.debug_ranges)
 .debug_ranges  0x00000000       0x40 FreeRTOS/Source/croutine.o
 .debug_ranges  0x00000040       0x70 FreeRTOS/Source/event_groups.o
 .debug_ranges  0x000000b0       0x30 FreeRTOS/Source/list.o
 .debug_ranges  0x000000e0       0x40 FreeRTOS/Source/portable/GCC/ATMega64/port.o
 .debug_ranges  0x00000120       0x28 FreeRTOS/Source/portable/MemMang/heap_1.o
 .debug_ranges  0x00000148      0x120 FreeRTOS/Source/queue.o
 .debug_ranges  0x00000268      0x170 FreeRTOS/Source/tasks.o
 .debug_ranges  0x000003d8       0x90 main.o

.debug_macro
 *(.debug_macro)
OUTPUT(RoombaCommander_ATmega64.elf elf32-avr)
LOAD linker stubs
